Archive member included because of file (symbol)

./mbed/TARGET_NUCLEO_F401RE/TOOLCHAIN_GCC_ARM/libmbed.a(pinmap.o)
                              SDFileSystem/SDFileSystem.o (pin_mode)
./mbed/TARGET_NUCLEO_F401RE/TOOLCHAIN_GCC_ARM/libmbed.a(gpio_irq_api.o)
                              SDFileSystem/SDFileSystem.o (gpio_irq_set)
./mbed/TARGET_NUCLEO_F401RE/TOOLCHAIN_GCC_ARM/libmbed.a(serial_api.o)
                              mbed/TARGET_NUCLEO_F401RE/TOOLCHAIN_GCC_ARM/retarget.o (serial_init)
./mbed/TARGET_NUCLEO_F401RE/TOOLCHAIN_GCC_ARM/libmbed.a(FileSystemLike.o)
                              SDFileSystem/FATFileSystem/FATFileSystem.o (mbed::FileSystemLike::~FileSystemLike())
./mbed/TARGET_NUCLEO_F401RE/TOOLCHAIN_GCC_ARM/libmbed.a(FilePath.o)
                              mbed/TARGET_NUCLEO_F401RE/TOOLCHAIN_GCC_ARM/retarget.o (mbed::FilePath::FilePath(char const*))
./mbed/TARGET_NUCLEO_F401RE/TOOLCHAIN_GCC_ARM/libmbed.a(InterruptIn.o)
                              main.o (mbed::InterruptIn::~InterruptIn())
./mbed/TARGET_NUCLEO_F401RE/TOOLCHAIN_GCC_ARM/libmbed.a(SPI.o)
                              SDFileSystem/SDFileSystem.o (mbed::SPI::SPI(PinName, PinName, PinName, PinName))
./mbed/TARGET_NUCLEO_F401RE/TOOLCHAIN_GCC_ARM/libmbed.a(error.o)
                              main.o (error)
./mbed/TARGET_NUCLEO_F401RE/TOOLCHAIN_GCC_ARM/libmbed.a(assert.o)
                              ./mbed/TARGET_NUCLEO_F401RE/TOOLCHAIN_GCC_ARM/libmbed.a(pinmap.o) (mbed_assert_internal)
./mbed/TARGET_NUCLEO_F401RE/TOOLCHAIN_GCC_ARM/libmbed.a(exit.o)
                              /Users/nathanogates/Copy/Development/embedded/redux/gcc-arm/bin/../lib/gcc/arm-none-eabi/4.8.4/../../../../arm-none-eabi/lib/armv7e-m/softfp/crt0.o (exit)
./mbed/TARGET_NUCLEO_F401RE/TOOLCHAIN_GCC_ARM/libmbed.a(Timer.o)
                              SDFileSystem/SDFileSystem.o (mbed::Timer::start())
./mbed/TARGET_NUCLEO_F401RE/TOOLCHAIN_GCC_ARM/libmbed.a(gpio.o)
                              ./mbed/TARGET_NUCLEO_F401RE/TOOLCHAIN_GCC_ARM/libmbed.a(InterruptIn.o) (gpio_init_in)
./mbed/TARGET_NUCLEO_F401RE/TOOLCHAIN_GCC_ARM/libmbed.a(rtc_time.o)
                              SDFileSystem/FATFileSystem/FATFileSystem.o (time)
./mbed/TARGET_NUCLEO_F401RE/TOOLCHAIN_GCC_ARM/libmbed.a(pinmap_common.o)
                              ./mbed/TARGET_NUCLEO_F401RE/TOOLCHAIN_GCC_ARM/libmbed.a(serial_api.o) (pinmap_pinout)
./mbed/TARGET_NUCLEO_F401RE/TOOLCHAIN_GCC_ARM/libmbed.a(wait_api.o)
                              mbed/TARGET_NUCLEO_F401RE/TOOLCHAIN_GCC_ARM/board.o (wait_ms)
./mbed/TARGET_NUCLEO_F401RE/TOOLCHAIN_GCC_ARM/libmbed.a(us_ticker_api.o)
                              mbed/TARGET_NUCLEO_F401RE/TOOLCHAIN_GCC_ARM/hal_tick.o (us_ticker_irq_handler)
./mbed/TARGET_NUCLEO_F401RE/TOOLCHAIN_GCC_ARM/libmbed.a(PeripheralPins.o)
                              ./mbed/TARGET_NUCLEO_F401RE/TOOLCHAIN_GCC_ARM/libmbed.a(serial_api.o) (PinMap_UART_RX)
./mbed/TARGET_NUCLEO_F401RE/TOOLCHAIN_GCC_ARM/libmbed.a(gpio_api.o)
                              ./mbed/TARGET_NUCLEO_F401RE/TOOLCHAIN_GCC_ARM/libmbed.a(gpio.o) (gpio_init)
./mbed/TARGET_NUCLEO_F401RE/TOOLCHAIN_GCC_ARM/libmbed.a(rtc_api.o)
                              ./mbed/TARGET_NUCLEO_F401RE/TOOLCHAIN_GCC_ARM/libmbed.a(rtc_time.o) (rtc_init)
./mbed/TARGET_NUCLEO_F401RE/TOOLCHAIN_GCC_ARM/libmbed.a(us_ticker.o)
                              ./mbed/TARGET_NUCLEO_F401RE/TOOLCHAIN_GCC_ARM/libmbed.a(us_ticker_api.o) (us_ticker_init)
./mbed/TARGET_NUCLEO_F401RE/TOOLCHAIN_GCC_ARM/libmbed.a(spi_api.o)
                              ./mbed/TARGET_NUCLEO_F401RE/TOOLCHAIN_GCC_ARM/libmbed.a(SPI.o) (spi_init)
./mbed/TARGET_NUCLEO_F401RE/TOOLCHAIN_GCC_ARM/libmbed.a(FileBase.o)
                              ./mbed/TARGET_NUCLEO_F401RE/TOOLCHAIN_GCC_ARM/libmbed.a(FileSystemLike.o) (mbed::FileBase::~FileBase())
./mbed/TARGET_NUCLEO_F401RE/TOOLCHAIN_GCC_ARM/libmbed.a(FunctionPointer.o)
                              ./mbed/TARGET_NUCLEO_F401RE/TOOLCHAIN_GCC_ARM/libmbed.a(InterruptIn.o) (mbed::FunctionPointer::FunctionPointer(void (*)()))
/Users/nathanogates/Copy/Development/embedded/redux/gcc-arm/bin/../lib/gcc/arm-none-eabi/4.8.4/../../../../arm-none-eabi/lib/armv7e-m/softfp/libstdc++_s.a(atexit_arm.o)
                              main.o (__aeabi_atexit)
/Users/nathanogates/Copy/Development/embedded/redux/gcc-arm/bin/../lib/gcc/arm-none-eabi/4.8.4/../../../../arm-none-eabi/lib/armv7e-m/softfp/libstdc++_s.a(del_op.o)
                              main.o (operator delete(void*))
/Users/nathanogates/Copy/Development/embedded/redux/gcc-arm/bin/../lib/gcc/arm-none-eabi/4.8.4/../../../../arm-none-eabi/lib/armv7e-m/softfp/libstdc++_s.a(new_op.o)
                              SDFileSystem/FATFileSystem/FATFileSystem.o (operator new(unsigned int))
/Users/nathanogates/Copy/Development/embedded/redux/gcc-arm/bin/../lib/gcc/arm-none-eabi/4.8.4/../../../../arm-none-eabi/lib/armv7e-m/softfp/libstdc++_s.a(new_handler.o)
[...]
Memory Configuration

Name             Origin             Length             Attributes
FLASH            0x0000000008000000 0x0000000000080000 xr
RAM              0x0000000020000194 0x0000000000017e6c xrw
*default*        0x0000000000000000 0xffffffffffffffff

Linker script and memory map

LOAD /Users/nathanogates/Copy/Development/embedded/redux/gcc-arm/bin/../lib/gcc/arm-none-eabi/4.8.4/armv7e-m/softfp/crti.o
LOAD /Users/nathanogates/Copy/Development/embedded/redux/gcc-arm/bin/../lib/gcc/arm-none-eabi/4.8.4/armv7e-m/softfp/crtbegin.o
LOAD /Users/nathanogates/Copy/Development/embedded/redux/gcc-arm/bin/../lib/gcc/arm-none-eabi/4.8.4/../../../../arm-none-eabi/lib/armv7e-m/softfp/crt0.o
LOAD main.o
LOAD SDFileSystem/CRC16.o
LOAD SDFileSystem/SDFileSystem.o
LOAD SDFileSystem/CRC7.o
LOAD SDFileSystem/FATFileSystem/FATDirHandle.o
LOAD SDFileSystem/FATFileSystem/FATFileSystem.o
LOAD SDFileSystem/FATFileSystem/FATFileHandle.o
LOAD SDFileSystem/FATFileSystem/ChaN/diskio.o
LOAD SDFileSystem/FATFileSystem/ChaN/ff.o
LOAD SDFileSystem/FATFileSystem/ChaN/ccsbcs.o
LOAD mbed/TARGET_NUCLEO_F401RE/TOOLCHAIN_GCC_ARM/stm32f4xx_hal_dma.o
LOAD mbed/TARGET_NUCLEO_F401RE/TOOLCHAIN_GCC_ARM/retarget.o
LOAD mbed/TARGET_NUCLEO_F401RE/TOOLCHAIN_GCC_ARM/stm32f4xx_hal_nor.o
LOAD mbed/TARGET_NUCLEO_F401RE/TOOLCHAIN_GCC_ARM/stm32f4xx_hal_usart.o
LOAD mbed/TARGET_NUCLEO_F401RE/TOOLCHAIN_GCC_ARM/stm32f4xx_hal_crc.o
LOAD mbed/TARGET_NUCLEO_F401RE/TOOLCHAIN_GCC_ARM/stm32f4xx_hal_pwr_ex.o
LOAD mbed/TARGET_NUCLEO_F401RE/TOOLCHAIN_GCC_ARM/stm32f4xx_hal_rcc_ex.o
LOAD mbed/TARGET_NUCLEO_F401RE/TOOLCHAIN_GCC_ARM/stm32f4xx_hal_flash_ex.o
LOAD mbed/TARGET_NUCLEO_F401RE/TOOLCHAIN_GCC_ARM/stm32f4xx_hal_i2c_ex.o
LOAD mbed/TARGET_NUCLEO_F401RE/TOOLCHAIN_GCC_ARM/stm32f4xx_hal_adc_ex.o
LOAD mbed/TARGET_NUCLEO_F401RE/TOOLCHAIN_GCC_ARM/startup_STM32F40x.o
LOAD mbed/TARGET_NUCLEO_F401RE/TOOLCHAIN_GCC_ARM/stm32f4xx_hal_i2s_ex.o
LOAD mbed/TARGET_NUCLEO_F401RE/TOOLCHAIN_GCC_ARM/stm32f4xx_hal_sd.o
LOAD mbed/TARGET_NUCLEO_F401RE/TOOLCHAIN_GCC_ARM/stm32f4xx_hal_cortex.o
LOAD mbed/TARGET_NUCLEO_F401RE/TOOLCHAIN_GCC_ARM/stm32f4xx_hal_irda.o
LOAD mbed/TARGET_NUCLEO_F401RE/TOOLCHAIN_GCC_ARM/stm32f4xx_hal_adc.o
LOAD mbed/TARGET_NUCLEO_F401RE/TOOLCHAIN_GCC_ARM/stm32f4xx_hal_can.o
LOAD mbed/TARGET_NUCLEO_F401RE/TOOLCHAIN_GCC_ARM/stm32f4xx_hal_rng.o
LOAD mbed/TARGET_NUCLEO_F401RE/TOOLCHAIN_GCC_ARM/stm32f4xx_hal_pcd_ex.o
LOAD mbed/TARGET_NUCLEO_F401RE/TOOLCHAIN_GCC_ARM/board.o
LOAD mbed/TARGET_NUCLEO_F401RE/TOOLCHAIN_GCC_ARM/stm32f4xx_hal_tim.o
LOAD mbed/TARGET_NUCLEO_F401RE/TOOLCHAIN_GCC_ARM/stm32f4xx_hal_i2s.o
LOAD mbed/TARGET_NUCLEO_F401RE/TOOLCHAIN_GCC_ARM/stm32f4xx_hal_iwdg.o
LOAD mbed/TARGET_NUCLEO_F401RE/TOOLCHAIN_GCC_ARM/stm32f4xx_hal_flash.o
LOAD mbed/TARGET_NUCLEO_F401RE/TOOLCHAIN_GCC_ARM/stm32f4xx_hal_cryp.o
LOAD mbed/TARGET_NUCLEO_F401RE/TOOLCHAIN_GCC_ARM/stm32f4xx_hal_cryp_ex.o
LOAD mbed/TARGET_NUCLEO_F401RE/TOOLCHAIN_GCC_ARM/cmsis_nvic.o
LOAD mbed/TARGET_NUCLEO_F401RE/TOOLCHAIN_GCC_ARM/stm32f4xx_ll_fsmc.o
LOAD mbed/TARGET_NUCLEO_F401RE/TOOLCHAIN_GCC_ARM/stm32f4xx_hal_wwdg.o
LOAD mbed/TARGET_NUCLEO_F401RE/TOOLCHAIN_GCC_ARM/stm32f4xx_hal_sai.o
LOAD mbed/TARGET_NUCLEO_F401RE/TOOLCHAIN_GCC_ARM/stm32f4xx_hal_dma_ex.o
LOAD mbed/TARGET_NUCLEO_F401RE/TOOLCHAIN_GCC_ARM/stm32f4xx_hal_smartcard.o
LOAD mbed/TARGET_NUCLEO_F401RE/TOOLCHAIN_GCC_ARM/stm32f4xx_hal_hash.o
LOAD mbed/TARGET_NUCLEO_F401RE/TOOLCHAIN_GCC_ARM/stm32f4xx_hal_rcc.o
LOAD mbed/TARGET_NUCLEO_F401RE/TOOLCHAIN_GCC_ARM/mbed_overrides.o
LOAD mbed/TARGET_NUCLEO_F401RE/TOOLCHAIN_GCC_ARM/stm32f4xx_hal_eth.o
LOAD mbed/TARGET_NUCLEO_F401RE/TOOLCHAIN_GCC_ARM/stm32f4xx_ll_sdmmc.o
LOAD mbed/TARGET_NUCLEO_F401RE/TOOLCHAIN_GCC_ARM/stm32f4xx_hal_dma2d.o
LOAD mbed/TARGET_NUCLEO_F401RE/TOOLCHAIN_GCC_ARM/stm32f4xx_hal_spi.o
LOAD mbed/TARGET_NUCLEO_F401RE/TOOLCHAIN_GCC_ARM/stm32f4xx_hal_gpio.o
LOAD mbed/TARGET_NUCLEO_F401RE/TOOLCHAIN_GCC_ARM/stm32f4xx_ll_fmc.o
LOAD mbed/TARGET_NUCLEO_F401RE/TOOLCHAIN_GCC_ARM/stm32f4xx_hal_nand.o
LOAD mbed/TARGET_NUCLEO_F401RE/TOOLCHAIN_GCC_ARM/stm32f4xx_hal_hash_ex.o
LOAD mbed/TARGET_NUCLEO_F401RE/TOOLCHAIN_GCC_ARM/stm32f4xx_hal.o
LOAD mbed/TARGET_NUCLEO_F401RE/TOOLCHAIN_GCC_ARM/stm32f4xx_hal_ltdc.o
LOAD mbed/TARGET_NUCLEO_F401RE/TOOLCHAIN_GCC_ARM/system_stm32f4xx.o
LOAD mbed/TARGET_NUCLEO_F401RE/TOOLCHAIN_GCC_ARM/stm32f4xx_ll_usb.o
LOAD mbed/TARGET_NUCLEO_F401RE/TOOLCHAIN_GCC_ARM/stm32f4xx_hal_uart.o
LOAD mbed/TARGET_NUCLEO_F401RE/TOOLCHAIN_GCC_ARM/stm32f4xx_hal_dcmi.o
LOAD mbed/TARGET_NUCLEO_F401RE/TOOLCHAIN_GCC_ARM/stm32f4xx_hal_dac.o
LOAD mbed/TARGET_NUCLEO_F401RE/TOOLCHAIN_GCC_ARM/stm32f4xx_hal_dac_ex.o
LOAD mbed/TARGET_NUCLEO_F401RE/TOOLCHAIN_GCC_ARM/stm32f4xx_hal_sram.o
LOAD mbed/TARGET_NUCLEO_F401RE/TOOLCHAIN_GCC_ARM/stm32f4xx_hal_pcd.o
LOAD mbed/TARGET_NUCLEO_F401RE/TOOLCHAIN_GCC_ARM/stm32f4xx_hal_flash_ramfunc.o
LOAD mbed/TARGET_NUCLEO_F401RE/TOOLCHAIN_GCC_ARM/stm32f4xx_hal_pccard.o
LOAD mbed/TARGET_NUCLEO_F401RE/TOOLCHAIN_GCC_ARM/hal_tick.o
LOAD mbed/TARGET_NUCLEO_F401RE/TOOLCHAIN_GCC_ARM/stm32f4xx_hal_tim_ex.o
LOAD mbed/TARGET_NUCLEO_F401RE/TOOLCHAIN_GCC_ARM/stm32f4xx_hal_i2c.o
LOAD mbed/TARGET_NUCLEO_F401RE/TOOLCHAIN_GCC_ARM/stm32f4xx_hal_sdram.o
LOAD mbed/TARGET_NUCLEO_F401RE/TOOLCHAIN_GCC_ARM/stm32f4xx_hal_rtc_ex.o
LOAD mbed/TARGET_NUCLEO_F401RE/TOOLCHAIN_GCC_ARM/stm32f4xx_hal_hcd.o
LOAD mbed/TARGET_NUCLEO_F401RE/TOOLCHAIN_GCC_ARM/stm32f4xx_hal_pwr.o
LOAD mbed/TARGET_NUCLEO_F401RE/TOOLCHAIN_GCC_ARM/stm32f4xx_hal_rtc.o
LOAD ./mbed/TARGET_NUCLEO_F401RE/TOOLCHAIN_GCC_ARM/libmbed.a
LOAD /Users/nathanogates/Copy/Development/embedded/redux/gcc-arm/bin/../lib/gcc/arm-none-eabi/4.8.4/../../../../arm-none-eabi/lib/armv7e-m/softfp/libstdc++_s.a
LOAD /Users/nathanogates/Copy/Development/embedded/redux/gcc-arm/bin/../lib/gcc/arm-none-eabi/4.8.4/../../../../arm-none-eabi/lib/armv7e-m/softfp/libsupc++_s.a
LOAD /Users/nathanogates/Copy/Development/embedded/redux/gcc-arm/bin/../lib/gcc/arm-none-eabi/4.8.4/../../../../arm-none-eabi/lib/armv7e-m/softfp/libm.a
LOAD /Users/nathanogates/Copy/Development/embedded/redux/gcc-arm/bin/../lib/gcc/arm-none-eabi/4.8.4/../../../../arm-none-eabi/lib/armv7e-m/softfp/libc_s.a
LOAD /Users/nathanogates/Copy/Development/embedded/redux/gcc-arm/bin/../lib/gcc/arm-none-eabi/4.8.4/armv7e-m/softfp/libgcc.a
LOAD /Users/nathanogates/Copy/Development/embedded/redux/gcc-arm/bin/../lib/gcc/arm-none-eabi/4.8.4/../../../../arm-none-eabi/lib/armv7e-m/softfp/libnosys.a
LOAD ./mbed/TARGET_NUCLEO_F401RE/TOOLCHAIN_GCC_ARM/libmbed.a
LOAD /Users/nathanogates/Copy/Development/embedded/redux/gcc-arm/bin/../lib/gcc/arm-none-eabi/4.8.4/../../../../arm-none-eabi/lib/armv7e-m/softfp/libstdc++_s.a
LOAD /Users/nathanogates/Copy/Development/embedded/redux/gcc-arm/bin/../lib/gcc/arm-none-eabi/4.8.4/../../../../arm-none-eabi/lib/armv7e-m/softfp/libsupc++_s.a
LOAD /Users/nathanogates/Copy/Development/embedded/redux/gcc-arm/bin/../lib/gcc/arm-none-eabi/4.8.4/../../../../arm-none-eabi/lib/armv7e-m/softfp/libm.a
LOAD /Users/nathanogates/Copy/Development/embedded/redux/gcc-arm/bin/../lib/gcc/arm-none-eabi/4.8.4/../../../../arm-none-eabi/lib/armv7e-m/softfp/libc_s.a
LOAD /Users/nathanogates/Copy/Development/embedded/redux/gcc-arm/bin/../lib/gcc/arm-none-eabi/4.8.4/armv7e-m/softfp/libgcc.a
LOAD /Users/nathanogates/Copy/Development/embedded/redux/gcc-arm/bin/../lib/gcc/arm-none-eabi/4.8.4/../../../../arm-none-eabi/lib/armv7e-m/softfp/libnosys.a
START GROUP
LOAD /Users/nathanogates/Copy/Development/embedded/redux/gcc-arm/bin/../lib/gcc/arm-none-eabi/4.8.4/armv7e-m/softfp/libgcc.a
LOAD /Users/nathanogates/Copy/Development/embedded/redux/gcc-arm/bin/../lib/gcc/arm-none-eabi/4.8.4/../../../../arm-none-eabi/lib/armv7e-m/softfp/libc_s.a
END GROUP
START GROUP
LOAD /Users/nathanogates/Copy/Development/embedded/redux/gcc-arm/bin/../lib/gcc/arm-none-eabi/4.8.4/armv7e-m/softfp/libgcc.a
LOAD /Users/nathanogates/Copy/Development/embedded/redux/gcc-arm/bin/../lib/gcc/arm-none-eabi/4.8.4/../../../../arm-none-eabi/lib/armv7e-m/softfp/libc_s.a
END GROUP
LOAD /Users/nathanogates/Copy/Development/embedded/redux/gcc-arm/bin/../lib/gcc/arm-none-eabi/4.8.4/armv7e-m/softfp/crtend.o
LOAD /Users/nathanogates/Copy/Development/embedded/redux/gcc-arm/bin/../lib/gcc/arm-none-eabi/4.8.4/armv7e-m/softfp/crtn.o

.text           0x0000000008000000     0xdc6c
 *(.isr_vector)
 .isr_vector    0x0000000008000000      0x18c mbed/TARGET_NUCLEO_F401RE/TOOLCHAIN_GCC_ARM/startup_STM32F40x.o
                0x0000000008000000                __isr_vector
 *(.text*)
 .text          0x000000000800018c       0x54 /Users/nathanogates/Copy/Development/embedded/redux/gcc-arm/bin/../lib/gcc/arm-none-eabi/4.8.4/armv7e-m/softfp/crtbegin.o
 .text          0x00000000080001e0       0x74 /Users/nathanogates/Copy/Development/embedded/redux/gcc-arm/bin/../lib/gcc/arm-none-eabi/4.8.4/../../../../arm-none-eabi/lib/armv7e-m/softfp/crt0.o
                0x00000000080001e0                _mainCRTStartup
                0x00000000080001e0                _start
 .text.startup.main
                0x0000000008000254       0x58 main.o
                0x0000000008000254                main
 .text.startup._GLOBAL__sub_I_sd
                0x00000000080002ac       0x4c main.o
 .text._ZN12SDFileSystemD2Ev
                0x00000000080002f8       0x28 main.o
                0x00000000080002f8                SDFileSystem::~SDFileSystem()
                0x00000000080002f8                SDFileSystem::~SDFileSystem()
 .text._ZN12SDFileSystemD0Ev
                0x0000000008000320       0x12 main.o
                0x0000000008000320                SDFileSystem::~SDFileSystem()
 *fill*         0x0000000008000332        0x2 
 .text._Z5CRC16PKci
                0x0000000008000334       0x28 SDFileSystem/CRC16.o
                0x0000000008000334                CRC16(char const*, int)
 .text._ZN4mbed15FunctionPointer12membercallerI12SDFileSystemEEvPvPc
                0x000000000800035c       0x26 SDFileSystem/SDFileSystem.o
                0x000000000800035c                void mbed::FunctionPointer::membercaller<SDFileSystem>(void*, char*)
 *fill*         0x0000000008000382        0x2 
 .text._ZN12SDFileSystemC2E7PinNameS0_S0_S0_PKcS0_NS_10SwitchTypeEi
                0x0000000008000384      0x180 SDFileSystem/SDFileSystem.o
                0x0000000008000384                SDFileSystem::SDFileSystem(PinName, PinName, PinName, PinName, char const*, PinName, SDFileSystem::SwitchType, int)
                0x0000000008000384                SDFileSystem::SDFileSystem(PinName, PinName, PinName, PinName, char const*, PinName, SDFileSystem::SwitchType, int)
 .text._ZN12SDFileSystem11checkSocketEv
                0x0000000008000504       0x3e SDFileSystem/SDFileSystem.o
                0x0000000008000504                SDFileSystem::checkSocket()
 .text._ZN12SDFileSystem11disk_statusEv
                0x0000000008000542        0xe SDFileSystem/SDFileSystem.o
                0x0000000008000542                SDFileSystem::disk_status()
 .text._ZN12SDFileSystem13onCardRemovalEv
                0x0000000008000550        0x8 SDFileSystem/SDFileSystem.o
                0x0000000008000550                SDFileSystem::onCardRemoval()
 .text._ZN12SDFileSystem9waitReadyEi
                0x0000000008000558       0x3e SDFileSystem/SDFileSystem.o
                0x0000000008000558                SDFileSystem::waitReady(int)
 .text._ZN12SDFileSystem8deselectEv
                0x0000000008000596       0x14 SDFileSystem/SDFileSystem.o
                0x0000000008000596                SDFileSystem::deselect()
 .text._ZN12SDFileSystem6selectEv
                0x00000000080005aa       0x34 SDFileSystem/SDFileSystem.o
                0x00000000080005aa                SDFileSystem::select()
 .text._ZN12SDFileSystem9disk_syncEv
                0x00000000080005de       0x18 SDFileSystem/SDFileSystem.o
                0x00000000080005de                SDFileSystem::disk_sync()
 .text._ZN12SDFileSystem12writeCommandEcjPj
                0x00000000080005f6      0x156 SDFileSystem/SDFileSystem.o
                0x00000000080005f6                SDFileSystem::writeCommand(char, unsigned int, unsigned int*)
 .text._ZN12SDFileSystem18commandTransactionEcjPj
                0x000000000800074c       0x2c SDFileSystem/SDFileSystem.o
                0x000000000800074c                SDFileSystem::commandTransaction(char, unsigned int, unsigned int*)
 .text._ZN12SDFileSystem15disk_initializeEv
                0x0000000008000778      0x200 SDFileSystem/SDFileSystem.o
                0x0000000008000778                SDFileSystem::disk_initialize()
 .text._ZN12SDFileSystem8readDataEPci
                0x0000000008000978       0xd6 SDFileSystem/SDFileSystem.o
                0x0000000008000978                SDFileSystem::readData(char*, int)
 .text._ZN12SDFileSystem12disk_sectorsEv
                0x0000000008000a4e       0xc2 SDFileSystem/SDFileSystem.o
                0x0000000008000a4e                SDFileSystem::disk_sectors()
 .text._ZN12SDFileSystem9disk_readEPhyh
                0x0000000008000b10       0xee SDFileSystem/SDFileSystem.o
                0x0000000008000b10                SDFileSystem::disk_read(unsigned char*, unsigned long long, unsigned char)
 .text._ZN12SDFileSystem9writeDataEPKcc
                0x0000000008000bfe       0xaa SDFileSystem/SDFileSystem.o
                0x0000000008000bfe                SDFileSystem::writeData(char const*, char)
 .text._ZN12SDFileSystem11writeBlocksEPKcyi
                0x0000000008000ca8      0x15e SDFileSystem/SDFileSystem.o
                0x0000000008000ca8                SDFileSystem::writeBlocks(char const*, unsigned long long, int)
 .text._ZN12SDFileSystem10disk_writeEPKhyh
                0x0000000008000e06       0xac SDFileSystem/SDFileSystem.o
                0x0000000008000e06                SDFileSystem::disk_write(unsigned char const*, unsigned long long, unsigned char)
 .text._ZN12SDFileSystem7unmountEv
                0x0000000008000eb2       0x1c SDFileSystem/SDFileSystem.o
                0x0000000008000eb2                SDFileSystem::unmount()
 *fill*         0x0000000008000ece        0x2 
 .text._Z4CRC7PKci
                0x0000000008000ed0       0x20 SDFileSystem/CRC7.o
                0x0000000008000ed0                CRC7(char const*, int)
 .text._ZN4mbed9DirHandle7telldirEv
                0x0000000008000ef0        0x6 SDFileSystem/FATFileSystem/FATDirHandle.o
                0x0000000008000ef0                mbed::DirHandle::telldir()
 .text._ZN4mbed9DirHandle7seekdirEl
                0x0000000008000ef6        0x2 SDFileSystem/FATFileSystem/FATDirHandle.o
                0x0000000008000ef6                mbed::DirHandle::seekdir(long)
 .text._ZN4mbed9DirHandleD2Ev
                0x0000000008000ef8        0xc SDFileSystem/FATFileSystem/FATDirHandle.o
                0x0000000008000ef8                mbed::DirHandle::~DirHandle()
                0x0000000008000ef8                mbed::DirHandle::~DirHandle()
 .text._ZN12FATDirHandle8closedirEv
                0x0000000008000f04        0xe SDFileSystem/FATFileSystem/FATDirHandle.o
                0x0000000008000f04                FATDirHandle::closedir()
 .text._ZN12FATDirHandle9rewinddirEv
                0x0000000008000f12        0x6 SDFileSystem/FATFileSystem/FATDirHandle.o
                0x0000000008000f12                FATDirHandle::rewinddir()
 .text._ZN12FATDirHandle7telldirEv
                0x0000000008000f18        0x4 SDFileSystem/FATFileSystem/FATDirHandle.o
                0x0000000008000f18                FATDirHandle::telldir()
 .text._ZN12FATDirHandle7seekdirEl
                0x0000000008000f1c        0x4 SDFileSystem/FATFileSystem/FATDirHandle.o
                0x0000000008000f1c                FATDirHandle::seekdir(long)
 .text._ZN12FATDirHandleD2Ev
                0x0000000008000f20        0xc SDFileSystem/FATFileSystem/FATDirHandle.o
                0x0000000008000f20                FATDirHandle::~FATDirHandle()
                0x0000000008000f20                FATDirHandle::~FATDirHandle()
 .text._ZN4mbed9DirHandleD0Ev
                0x0000000008000f2c       0x14 SDFileSystem/FATFileSystem/FATDirHandle.o
                0x0000000008000f2c                mbed::DirHandle::~DirHandle()
 .text._ZN12FATDirHandleD0Ev
                0x0000000008000f40       0x14 SDFileSystem/FATFileSystem/FATDirHandle.o
                0x0000000008000f40                FATDirHandle::~FATDirHandle()
 .text._ZN12FATDirHandle7readdirEv
                0x0000000008000f54       0x4c SDFileSystem/FATFileSystem/FATDirHandle.o
                0x0000000008000f54                FATDirHandle::readdir()
 .text._ZN12FATDirHandleC2ERK9FATFS_DIR
                0x0000000008000fa0       0x24 SDFileSystem/FATFileSystem/FATDirHandle.o
                0x0000000008000fa0                FATDirHandle::FATDirHandle(FATFS_DIR const&)
                0x0000000008000fa0                FATDirHandle::FATDirHandle(FATFS_DIR const&)
 .text._ZN13FATFileSystem15disk_initializeEv
                0x0000000008000fc4        0x4 SDFileSystem/FATFileSystem/FATFileSystem.o
                0x0000000008000fc4                FATFileSystem::disk_initialize()
 .text._ZN13FATFileSystem11disk_statusEv
                0x0000000008000fc8        0x4 SDFileSystem/FATFileSystem/FATFileSystem.o
                0x0000000008000fc8                FATFileSystem::disk_status()
 .text._ZN13FATFileSystem9disk_syncEv
                0x0000000008000fcc        0x4 SDFileSystem/FATFileSystem/FATFileSystem.o
                0x0000000008000fcc                FATFileSystem::disk_sync()
 .text._ZN13FATFileSystem5mountEv
                0x0000000008000fd0       0x18 SDFileSystem/FATFileSystem/FATFileSystem.o
                0x0000000008000fd0                FATFileSystem::mount()
 .text._ZN13FATFileSystem7unmountEv
                0x0000000008000fe8       0x26 SDFileSystem/FATFileSystem/FATFileSystem.o
                0x0000000008000fe8                FATFileSystem::unmount()
 *fill*         0x000000000800100e        0x2 
 .text._ZN13FATFileSystemD2Ev
                0x0000000008001010       0x2c SDFileSystem/FATFileSystem/FATFileSystem.o
                0x0000000008001010                FATFileSystem::~FATFileSystem()
                0x0000000008001010                FATFileSystem::~FATFileSystem()
 .text._ZN13FATFileSystemD0Ev
                0x000000000800103c       0x12 SDFileSystem/FATFileSystem/FATFileSystem.o
                0x000000000800103c                FATFileSystem::~FATFileSystem()
 .text._ZN13FATFileSystem7opendirEPKc
                0x000000000800104e       0x26 SDFileSystem/FATFileSystem/FATFileSystem.o
                0x000000000800104e                FATFileSystem::opendir(char const*)
 .text._ZN13FATFileSystem5mkdirEPKcj
                0x0000000008001074       0x12 SDFileSystem/FATFileSystem/FATFileSystem.o
                0x0000000008001074                FATFileSystem::mkdir(char const*, unsigned int)
 .text._ZN13FATFileSystem6formatEv
                0x0000000008001086       0x1a SDFileSystem/FATFileSystem/FATFileSystem.o
                0x0000000008001086                FATFileSystem::format()
 .text._ZN13FATFileSystem6renameEPKcS1_
                0x00000000080010a0       0x14 SDFileSystem/FATFileSystem/FATFileSystem.o
                0x00000000080010a0                FATFileSystem::rename(char const*, char const*)
 .text._ZN13FATFileSystem6removeEPKc
                0x00000000080010b4       0x12 SDFileSystem/FATFileSystem/FATFileSystem.o
                0x00000000080010b4                FATFileSystem::remove(char const*)
 *fill*         0x00000000080010c6        0x2 
 .text._ZN13FATFileSystem4openEPKci
                0x00000000080010c8       0x94 SDFileSystem/FATFileSystem/FATFileSystem.o
                0x00000000080010c8                FATFileSystem::open(char const*, int)
 .text.get_fattime
                0x000000000800115c       0x3e SDFileSystem/FATFileSystem/FATFileSystem.o
                0x000000000800115c                get_fattime
 *fill*         0x000000000800119a        0x2 
 .text._ZN13FATFileSystemC2EPKc
                0x000000000800119c       0x3c SDFileSystem/FATFileSystem/FATFileSystem.o
                0x000000000800119c                FATFileSystem::FATFileSystem(char const*)
                0x000000000800119c                FATFileSystem::FATFileSystem(char const*)
 .text._ZN13FATFileHandle6isattyEv
                0x00000000080011d8        0x4 SDFileSystem/FATFileSystem/FATFileHandle.o
                0x00000000080011d8                FATFileHandle::isatty()
 .text._ZN13FATFileHandle4flenEv
                0x00000000080011dc        0x4 SDFileSystem/FATFileSystem/FATFileHandle.o
                0x00000000080011dc                FATFileHandle::flen()
 .text._ZN13FATFileHandle5closeEv
                0x00000000080011e0       0x1a SDFileSystem/FATFileSystem/FATFileHandle.o
                0x00000000080011e0                FATFileHandle::close()
 *fill*         0x00000000080011fa        0x2 
 .text._ZN13FATFileHandleD2Ev
                0x00000000080011fc       0x14 SDFileSystem/FATFileSystem/FATFileHandle.o
                0x00000000080011fc                FATFileHandle::~FATFileHandle()
                0x00000000080011fc                FATFileHandle::~FATFileHandle()
 .text._ZN13FATFileHandleD0Ev
                0x0000000008001210       0x12 SDFileSystem/FATFileSystem/FATFileHandle.o
                0x0000000008001210                FATFileHandle::~FATFileHandle()
 .text._ZN13FATFileHandle5fsyncEv
                0x0000000008001222       0x12 SDFileSystem/FATFileSystem/FATFileHandle.o
                0x0000000008001222                FATFileHandle::fsync()
 .text._ZN13FATFileHandle5lseekEli
                0x0000000008001234       0x26 SDFileSystem/FATFileSystem/FATFileHandle.o
                0x0000000008001234                FATFileHandle::lseek(long, int)
 .text._ZN13FATFileHandle4readEPvj
                0x000000000800125a       0x1a SDFileSystem/FATFileSystem/FATFileHandle.o
                0x000000000800125a                FATFileHandle::read(void*, unsigned int)
 .text._ZN13FATFileHandle5writeEPKvj
                0x0000000008001274       0x1a SDFileSystem/FATFileSystem/FATFileHandle.o
                0x0000000008001274                FATFileHandle::write(void const*, unsigned int)
 *fill*         0x000000000800128e        0x2 
 .text._ZN13FATFileHandleC2E3FIL
                0x0000000008001290       0x2c SDFileSystem/FATFileSystem/FATFileHandle.o
                0x0000000008001290                FATFileHandle::FATFileHandle(FIL)
                0x0000000008001290                FATFileHandle::FATFileHandle(FIL)
 .text._Z15disk_initializeh
                0x00000000080012bc       0x18 SDFileSystem/FATFileSystem/ChaN/diskio.o
                0x00000000080012bc                disk_initialize(unsigned char)
 .text._Z11disk_statush
                0x00000000080012d4       0x18 SDFileSystem/FATFileSystem/ChaN/diskio.o
                0x00000000080012d4                disk_status(unsigned char)
 .text._Z9disk_readhPhmh
                0x00000000080012ec       0x24 SDFileSystem/FATFileSystem/ChaN/diskio.o
                0x00000000080012ec                disk_read(unsigned char, unsigned char*, unsigned long, unsigned char)
 .text._Z10disk_writehPKhmh
                0x0000000008001310       0x24 SDFileSystem/FATFileSystem/ChaN/diskio.o
                0x0000000008001310                disk_write(unsigned char, unsigned char const*, unsigned long, unsigned char)
 .text._Z10disk_ioctlhhPv
                0x0000000008001334       0x54 SDFileSystem/FATFileSystem/ChaN/diskio.o
                0x0000000008001334                disk_ioctl(unsigned char, unsigned char, void*)
 .text._ZL7mem_cpyPvPKvj
                0x0000000008001388       0x12 SDFileSystem/FATFileSystem/ChaN/ff.o
 .text._ZL7mem_setPvij
                0x000000000800139a        0xe SDFileSystem/FATFileSystem/ChaN/ff.o
 .text._ZL8st_clustPhm
                0x00000000080013a8       0x12 SDFileSystem/FATFileSystem/ChaN/ff.o
 .text._ZL7sum_sfnPKh
                0x00000000080013ba       0x1c SDFileSystem/FATFileSystem/ChaN/ff.o
 .text._ZL11move_windowP5FATFSm
                0x00000000080013d6       0x76 SDFileSystem/FATFileSystem/ChaN/ff.o
 .text._ZL8validatePv
                0x000000000800144c       0x28 SDFileSystem/FATFileSystem/ChaN/ff.o
 .text._ZL12get_fileinfoP9FATFS_DIRP7FILINFO
                0x0000000008001474       0xda SDFileSystem/FATFileSystem/ChaN/ff.o
 .text._ZL4syncP5FATFS
                0x000000000800154e       0xb6 SDFileSystem/FATFileSystem/ChaN/ff.o
 .text._ZL8ld_clustP5FATFSPh.isra.0
                0x0000000008001604       0x1c SDFileSystem/FATFileSystem/ChaN/ff.o
 .text._ZL8check_fsP5FATFSm
                0x0000000008001620       0x88 SDFileSystem/FATFileSystem/ChaN/ff.o
 .text._ZL11chk_mountedPPKcPP5FATFSh
                0x00000000080016a8      0x30c SDFileSystem/FATFileSystem/ChaN/ff.o
 .text._Z10clust2sectP5FATFSm
                0x00000000080019b4       0x16 SDFileSystem/FATFileSystem/ChaN/ff.o
                0x00000000080019b4                clust2sect(FATFS*, unsigned long)
 .text._Z7get_fatP5FATFSm
                0x00000000080019ca       0xca SDFileSystem/FATFileSystem/ChaN/ff.o
                0x00000000080019ca                get_fat(FATFS*, unsigned long)
 .text._ZL7dir_sdiP9FATFS_DIRt
                0x0000000008001a94       0x84 SDFileSystem/FATFileSystem/ChaN/ff.o
 .text._Z7put_fatP5FATFSmm
                0x0000000008001b18       0xf0 SDFileSystem/FATFileSystem/ChaN/ff.o
                0x0000000008001b18                put_fat(FATFS*, unsigned long, unsigned long)
 .text._ZL12create_chainP5FATFSm
                0x0000000008001c08       0x9a SDFileSystem/FATFileSystem/ChaN/ff.o
 .text._ZL8dir_nextP9FATFS_DIRi
                0x0000000008001ca2       0xf4 SDFileSystem/FATFileSystem/ChaN/ff.o
 *fill*         0x0000000008001d96        0x2 
 .text._ZL8dir_findP9FATFS_DIR.part.4
                0x0000000008001d98      0x124 SDFileSystem/FATFileSystem/ChaN/ff.o
 .text._ZL11follow_pathP9FATFS_DIRPKc
                0x0000000008001ebc      0x25c SDFileSystem/FATFileSystem/ChaN/ff.o
 .text._ZL8dir_readP9FATFS_DIR
                0x0000000008002118      0x100 SDFileSystem/FATFileSystem/ChaN/ff.o
 .text._ZL10dir_removeP9FATFS_DIR
                0x0000000008002218       0x4e SDFileSystem/FATFileSystem/ChaN/ff.o
 .text._ZL12remove_chainP5FATFSm
                0x0000000008002266       0x54 SDFileSystem/FATFileSystem/ChaN/ff.o
 .text._Z11gen_numnamePhPKhPKtt
                0x00000000080022ba       0x80 SDFileSystem/FATFileSystem/ChaN/ff.o
                0x00000000080022ba                gen_numname(unsigned char*, unsigned char const*, unsigned short const*, unsigned short)
 *fill*         0x000000000800233a        0x2 
 .text._ZL12dir_registerP9FATFS_DIR
                0x000000000800233c      0x1b0 SDFileSystem/FATFileSystem/ChaN/ff.o
 .text.f_mount  0x00000000080024ec       0x20 SDFileSystem/FATFileSystem/ChaN/ff.o
                0x00000000080024ec                f_mount
 .text.f_open   0x000000000800250c      0x13c SDFileSystem/FATFileSystem/ChaN/ff.o
                0x000000000800250c                f_open
 .text.f_read   0x0000000008002648      0x164 SDFileSystem/FATFileSystem/ChaN/ff.o
                0x0000000008002648                f_read
 .text.f_sync   0x00000000080027ac       0xa0 SDFileSystem/FATFileSystem/ChaN/ff.o
                0x00000000080027ac                f_sync
 .text.f_write  0x000000000800284c      0x1a4 SDFileSystem/FATFileSystem/ChaN/ff.o
                0x000000000800284c                f_write
 .text.f_close  0x00000000080029f0        0xe SDFileSystem/FATFileSystem/ChaN/ff.o
                0x00000000080029f0                f_close
 .text.f_lseek  0x00000000080029fe      0x138 SDFileSystem/FATFileSystem/ChaN/ff.o
                0x00000000080029fe                f_lseek
 *fill*         0x0000000008002b36        0x2 
 .text.f_opendir
                0x0000000008002b38       0x64 SDFileSystem/FATFileSystem/ChaN/ff.o
                0x0000000008002b38                f_opendir
 .text.f_readdir
                0x0000000008002b9c       0x58 SDFileSystem/FATFileSystem/ChaN/ff.o
                0x0000000008002b9c                f_readdir
 .text.f_unlink
                0x0000000008002bf4       0xbc SDFileSystem/FATFileSystem/ChaN/ff.o
                0x0000000008002bf4                f_unlink
 .text.f_mkdir  0x0000000008002cb0      0x188 SDFileSystem/FATFileSystem/ChaN/ff.o
                0x0000000008002cb0                f_mkdir
 .text.f_rename
                0x0000000008002e38       0xfc SDFileSystem/FATFileSystem/ChaN/ff.o
                0x0000000008002e38                f_rename
 .text.f_mkfs   0x0000000008002f34      0x578 SDFileSystem/FATFileSystem/ChaN/ff.o
                0x0000000008002f34                f_mkfs
 .text.ff_convert
                0x00000000080034ac       0x38 SDFileSystem/FATFileSystem/ChaN/ccsbcs.o
                0x00000000080034ac                ff_convert
 .text.ff_wtoupper
                0x00000000080034e4       0x24 SDFileSystem/FATFileSystem/ChaN/ccsbcs.o
                0x00000000080034e4                ff_wtoupper
 .text._ZN4mbed10FileHandle4flenEv
                0x0000000008003508       0x38 mbed/TARGET_NUCLEO_F401RE/TOOLCHAIN_GCC_ARM/retarget.o
                0x0000000008003508                mbed::FileHandle::flen()
 .text._ZN4mbed10FileHandleD2Ev
                0x0000000008003540       0x40 mbed/TARGET_NUCLEO_F401RE/TOOLCHAIN_GCC_ARM/retarget.o
                0x0000000008003540                mbed::FileHandle::~FileHandle()
                0x0000000008003540                mbed::FileHandle::~FileHandle()
 .text._ZN4mbed10FileHandleD0Ev
                0x0000000008003580       0x48 mbed/TARGET_NUCLEO_F401RE/TOOLCHAIN_GCC_ARM/retarget.o
                0x0000000008003580                mbed::FileHandle::~FileHandle()
 .text._ZL11init_serialv
                0x00000000080035c8       0x1c mbed/TARGET_NUCLEO_F401RE/TOOLCHAIN_GCC_ARM/retarget.o
 .text._open    0x00000000080035e4       0xe0 mbed/TARGET_NUCLEO_F401RE/TOOLCHAIN_GCC_ARM/retarget.o
                0x00000000080035e4                _open
 .text._close   0x00000000080036c4       0x2c mbed/TARGET_NUCLEO_F401RE/TOOLCHAIN_GCC_ARM/retarget.o
                0x00000000080036c4                _close
 .text._write   0x00000000080036f0       0x8c mbed/TARGET_NUCLEO_F401RE/TOOLCHAIN_GCC_ARM/retarget.o
                0x00000000080036f0                _write
 .text._read    0x000000000800377c       0x4c mbed/TARGET_NUCLEO_F401RE/TOOLCHAIN_GCC_ARM/retarget.o
                0x000000000800377c                _read
 .text._isatty  0x00000000080037c8       0x28 mbed/TARGET_NUCLEO_F401RE/TOOLCHAIN_GCC_ARM/retarget.o
                0x00000000080037c8                _isatty
 .text._lseek   0x00000000080037f0       0x28 mbed/TARGET_NUCLEO_F401RE/TOOLCHAIN_GCC_ARM/retarget.o
                0x00000000080037f0                _lseek
 .text._fstat   0x0000000008003818       0x20 mbed/TARGET_NUCLEO_F401RE/TOOLCHAIN_GCC_ARM/retarget.o
                0x0000000008003818                _fstat
 .text.mkdir    0x0000000008003838       0x38 mbed/TARGET_NUCLEO_F401RE/TOOLCHAIN_GCC_ARM/retarget.o
                0x0000000008003838                mkdir
 .text.__cxa_pure_virtual
                0x0000000008003870        0x8 mbed/TARGET_NUCLEO_F401RE/TOOLCHAIN_GCC_ARM/retarget.o
                0x0000000008003870                __cxa_pure_virtual
 .text.mbed_main
                0x0000000008003878        0x4 mbed/TARGET_NUCLEO_F401RE/TOOLCHAIN_GCC_ARM/retarget.o
                0x0000000008003878                mbed_main
 .text.__wrap_main
                0x000000000800387c       0x14 mbed/TARGET_NUCLEO_F401RE/TOOLCHAIN_GCC_ARM/retarget.o
                0x000000000800387c                __wrap_main
 .text._sbrk    0x0000000008003890       0x2c mbed/TARGET_NUCLEO_F401RE/TOOLCHAIN_GCC_ARM/retarget.o
                0x0000000008003890                _sbrk
 .text          0x00000000080038bc       0x44 mbed/TARGET_NUCLEO_F401RE/TOOLCHAIN_GCC_ARM/startup_STM32F40x.o
                0x00000000080038bc                Reset_Handler
                0x00000000080038ec                NMI_Handler
                0x00000000080038ee                HardFault_Handler
                0x00000000080038f0                MemManage_Handler
                0x00000000080038f2                BusFault_Handler
                0x00000000080038f4                UsageFault_Handler
                0x00000000080038f6                SVC_Handler
                0x00000000080038f8                DebugMon_Handler
                0x00000000080038fa                PendSV_Handler
                0x00000000080038fc                SysTick_Handler
                0x00000000080038fe                TIM1_UP_TIM10_IRQHandler
                0x00000000080038fe                I2C3_ER_IRQHandler
                0x00000000080038fe                EXTI0_IRQHandler
                0x00000000080038fe                I2C2_EV_IRQHandler
                0x00000000080038fe                DMA1_Stream2_IRQHandler
                0x00000000080038fe                FPU_IRQHandler
                0x00000000080038fe                DMA2_Stream2_IRQHandler
                0x00000000080038fe                SPI1_IRQHandler
                0x00000000080038fe                TIM1_BRK_TIM9_IRQHandler
                0x00000000080038fe                DMA2_Stream3_IRQHandler
                0x00000000080038fe                USART6_IRQHandler
                0x00000000080038fe                DMA2_Stream0_IRQHandler
                0x00000000080038fe                TIM4_IRQHandler
                0x00000000080038fe                I2C1_EV_IRQHandler
                0x00000000080038fe                DMA1_Stream6_IRQHandler
                0x00000000080038fe                DMA1_Stream1_IRQHandler
                0x00000000080038fe                TIM3_IRQHandler
                0x00000000080038fe                RCC_IRQHandler
                0x00000000080038fe                Default_Handler
                0x00000000080038fe                EXTI15_10_IRQHandler
                0x00000000080038fe                ADC_IRQHandler
                0x00000000080038fe                DMA1_Stream7_IRQHandler
                0x00000000080038fe                TIM5_IRQHandler
                0x00000000080038fe                DMA2_Stream7_IRQHandler
                0x00000000080038fe                I2C3_EV_IRQHandler
                0x00000000080038fe                EXTI9_5_IRQHandler
                0x00000000080038fe                RTC_WKUP_IRQHandler
                0x00000000080038fe                SPI2_IRQHandler
                0x00000000080038fe                DMA1_Stream0_IRQHandler
                0x00000000080038fe                EXTI4_IRQHandler
                0x00000000080038fe                WWDG_IRQHandler
                0x00000000080038fe                TIM2_IRQHandler
                0x00000000080038fe                DEF_IRQHandler
                0x00000000080038fe                OTG_FS_WKUP_IRQHandler
                0x00000000080038fe                TIM1_TRG_COM_TIM11_IRQHandler
                0x00000000080038fe                EXTI1_IRQHandler
                0x00000000080038fe                USART2_IRQHandler
                0x00000000080038fe                I2C2_ER_IRQHandler
                0x00000000080038fe                DMA2_Stream1_IRQHandler
                0x00000000080038fe                FLASH_IRQHandler
                0x00000000080038fe                DMA2_Stream4_IRQHandler
                0x00000000080038fe                USART1_IRQHandler
                0x00000000080038fe                OTG_FS_IRQHandler
                0x00000000080038fe                SPI3_IRQHandler
                0x00000000080038fe                DMA1_Stream4_IRQHandler
                0x00000000080038fe                I2C1_ER_IRQHandler
                0x00000000080038fe                DMA2_Stream6_IRQHandler
                0x00000000080038fe                RTC_Alarm_IRQHandler
                0x00000000080038fe                DMA1_Stream3_IRQHandler
                0x00000000080038fe                EXTI2_IRQHandler
                0x00000000080038fe                SPI4_IRQHandler
                0x00000000080038fe                TIM1_CC_IRQHandler
                0x00000000080038fe                DMA2_Stream5_IRQHandler
                0x00000000080038fe                DMA1_Stream5_IRQHandler
                0x00000000080038fe                PVD_IRQHandler
                0x00000000080038fe                SDIO_IRQHandler
                0x00000000080038fe                TAMP_STAMP_IRQHandler
                0x00000000080038fe                EXTI3_IRQHandler
 .text.HAL_NVIC_SetPriorityGrouping
                0x0000000008003900       0x24 mbed/TARGET_NUCLEO_F401RE/TOOLCHAIN_GCC_ARM/stm32f4xx_hal_cortex.o
                0x0000000008003900                HAL_NVIC_SetPriorityGrouping
 .text.mbed_die
                0x0000000008003924       0x14 mbed/TARGET_NUCLEO_F401RE/TOOLCHAIN_GCC_ARM/board.o
                0x0000000008003924                mbed_die
 .text.HAL_TIM_OC_MspInit
                0x0000000008003938        0x4 mbed/TARGET_NUCLEO_F401RE/TOOLCHAIN_GCC_ARM/stm32f4xx_hal_tim.o
                0x0000000008003938                HAL_TIM_OC_MspInit
 .text.HAL_TIM_OC_Start
                0x000000000800393c       0x38 mbed/TARGET_NUCLEO_F401RE/TOOLCHAIN_GCC_ARM/stm32f4xx_hal_tim.o
                0x000000000800393c                HAL_TIM_OC_Start
 .text.TIM_Base_SetConfig
                0x0000000008003974       0xac mbed/TARGET_NUCLEO_F401RE/TOOLCHAIN_GCC_ARM/stm32f4xx_hal_tim.o
                0x0000000008003974                TIM_Base_SetConfig
 .text.HAL_TIM_OC_Init
                0x0000000008003a20       0x30 mbed/TARGET_NUCLEO_F401RE/TOOLCHAIN_GCC_ARM/stm32f4xx_hal_tim.o
                0x0000000008003a20                HAL_TIM_OC_Init
 .text.NVIC_SetVector
                0x0000000008003a50       0x54 mbed/TARGET_NUCLEO_F401RE/TOOLCHAIN_GCC_ARM/cmsis_nvic.o
                0x0000000008003a50                NVIC_SetVector
 .text.HAL_RCC_OscConfig
                0x0000000008003aa4      0x3e4 mbed/TARGET_NUCLEO_F401RE/TOOLCHAIN_GCC_ARM/stm32f4xx_hal_rcc.o
                0x0000000008003aa4                HAL_RCC_OscConfig
 .text.HAL_RCC_ClockConfig
                0x0000000008003e88      0x1e8 mbed/TARGET_NUCLEO_F401RE/TOOLCHAIN_GCC_ARM/stm32f4xx_hal_rcc.o
                0x0000000008003e88                HAL_RCC_ClockConfig
 .text.HAL_RCC_GetSysClockFreq
                0x0000000008004070       0xbc mbed/TARGET_NUCLEO_F401RE/TOOLCHAIN_GCC_ARM/stm32f4xx_hal_rcc.o
                0x0000000008004070                HAL_RCC_GetSysClockFreq
 .text.HAL_RCC_GetHCLKFreq
                0x000000000800412c       0x40 mbed/TARGET_NUCLEO_F401RE/TOOLCHAIN_GCC_ARM/stm32f4xx_hal_rcc.o
                0x000000000800412c                HAL_RCC_GetHCLKFreq
 .text.HAL_RCC_GetPCLK1Freq
                0x000000000800416c       0x38 mbed/TARGET_NUCLEO_F401RE/TOOLCHAIN_GCC_ARM/stm32f4xx_hal_rcc.o
                0x000000000800416c                HAL_RCC_GetPCLK1Freq
 .text.HAL_RCC_GetPCLK2Freq
                0x00000000080041a4       0x38 mbed/TARGET_NUCLEO_F401RE/TOOLCHAIN_GCC_ARM/stm32f4xx_hal_rcc.o
                0x00000000080041a4                HAL_RCC_GetPCLK2Freq
 .text.mbed_sdk_init
                0x00000000080041dc       0x10 mbed/TARGET_NUCLEO_F401RE/TOOLCHAIN_GCC_ARM/mbed_overrides.o
                0x00000000080041dc                mbed_sdk_init
 .text.HAL_SPI_MspInit
                0x00000000080041ec        0x4 mbed/TARGET_NUCLEO_F401RE/TOOLCHAIN_GCC_ARM/stm32f4xx_hal_spi.o
                0x00000000080041ec                HAL_SPI_MspInit
 .text.HAL_SPI_Init
                0x00000000080041f0       0xa0 mbed/TARGET_NUCLEO_F401RE/TOOLCHAIN_GCC_ARM/stm32f4xx_hal_spi.o
                0x00000000080041f0                HAL_SPI_Init
 .text.HAL_GPIO_Init
                0x0000000008004290      0x2b0 mbed/TARGET_NUCLEO_F401RE/TOOLCHAIN_GCC_ARM/stm32f4xx_hal_gpio.o
                0x0000000008004290                HAL_GPIO_Init
 .text.HAL_MspInit
                0x0000000008004540        0x4 mbed/TARGET_NUCLEO_F401RE/TOOLCHAIN_GCC_ARM/stm32f4xx_hal.o
                0x0000000008004540                HAL_MspInit
 .text.HAL_Init
                0x0000000008004544       0x38 mbed/TARGET_NUCLEO_F401RE/TOOLCHAIN_GCC_ARM/stm32f4xx_hal.o
                0x0000000008004544                HAL_Init
 .text.HAL_IncTick
                0x000000000800457c       0x10 mbed/TARGET_NUCLEO_F401RE/TOOLCHAIN_GCC_ARM/stm32f4xx_hal.o
                0x000000000800457c                HAL_IncTick
 .text.HAL_GetTick
                0x000000000800458c        0xc mbed/TARGET_NUCLEO_F401RE/TOOLCHAIN_GCC_ARM/stm32f4xx_hal.o
                0x000000000800458c                HAL_GetTick
 .text.SystemCoreClockUpdate
                0x0000000008004598       0x94 mbed/TARGET_NUCLEO_F401RE/TOOLCHAIN_GCC_ARM/system_stm32f4xx.o
                0x0000000008004598                SystemCoreClockUpdate
 .text.SetSysClock_PLL_HSE
                0x000000000800462c       0x84 mbed/TARGET_NUCLEO_F401RE/TOOLCHAIN_GCC_ARM/system_stm32f4xx.o
                0x000000000800462c                SetSysClock_PLL_HSE
 .text.SetSysClock_PLL_HSI
                0x00000000080046b0       0x80 mbed/TARGET_NUCLEO_F401RE/TOOLCHAIN_GCC_ARM/system_stm32f4xx.o
                0x00000000080046b0                SetSysClock_PLL_HSI
 .text.SetSysClock
                0x0000000008004730       0x20 mbed/TARGET_NUCLEO_F401RE/TOOLCHAIN_GCC_ARM/system_stm32f4xx.o
                0x0000000008004730                SetSysClock
 .text.SystemInit
                0x0000000008004750       0x7c mbed/TARGET_NUCLEO_F401RE/TOOLCHAIN_GCC_ARM/system_stm32f4xx.o
                0x0000000008004750                SystemInit
 .text.UART_SetConfig
                0x00000000080047cc      0x220 mbed/TARGET_NUCLEO_F401RE/TOOLCHAIN_GCC_ARM/stm32f4xx_hal_uart.o
 .text.HAL_UART_MspInit
                0x00000000080049ec        0x4 mbed/TARGET_NUCLEO_F401RE/TOOLCHAIN_GCC_ARM/stm32f4xx_hal_uart.o
                0x00000000080049ec                HAL_UART_MspInit
 .text.HAL_UART_Init
                0x00000000080049f0       0x58 mbed/TARGET_NUCLEO_F401RE/TOOLCHAIN_GCC_ARM/stm32f4xx_hal_uart.o
                0x00000000080049f0                HAL_UART_Init
 .text.timer_irq_handler
                0x0000000008004a48       0x50 mbed/TARGET_NUCLEO_F401RE/TOOLCHAIN_GCC_ARM/hal_tick.o
                0x0000000008004a48                timer_irq_handler
 .text.HAL_InitTick
                0x0000000008004a98       0xb4 mbed/TARGET_NUCLEO_F401RE/TOOLCHAIN_GCC_ARM/hal_tick.o
                0x0000000008004a98                HAL_InitTick
 .text.HAL_PWR_EnableBkUpAccess
                0x0000000008004b4c        0xc mbed/TARGET_NUCLEO_F401RE/TOOLCHAIN_GCC_ARM/stm32f4xx_hal_pwr.o
                0x0000000008004b4c                HAL_PWR_EnableBkUpAccess
 .text.HAL_RTC_MspInit
                0x0000000008004b58        0x4 mbed/TARGET_NUCLEO_F401RE/TOOLCHAIN_GCC_ARM/stm32f4xx_hal_rtc.o
                0x0000000008004b58                HAL_RTC_MspInit
 .text.HAL_RTC_GetTime
                0x0000000008004b5c       0x6c mbed/TARGET_NUCLEO_F401RE/TOOLCHAIN_GCC_ARM/stm32f4xx_hal_rtc.o
                0x0000000008004b5c                HAL_RTC_GetTime
 .text.HAL_RTC_GetDate
                0x0000000008004bc8       0x5c mbed/TARGET_NUCLEO_F401RE/TOOLCHAIN_GCC_ARM/stm32f4xx_hal_rtc.o
                0x0000000008004bc8                HAL_RTC_GetDate
 .text.HAL_RTC_WaitForSynchro
                0x0000000008004c24       0x34 mbed/TARGET_NUCLEO_F401RE/TOOLCHAIN_GCC_ARM/stm32f4xx_hal_rtc.o
                0x0000000008004c24                HAL_RTC_WaitForSynchro
 .text.RTC_EnterInitMode
                0x0000000008004c58       0x34 mbed/TARGET_NUCLEO_F401RE/TOOLCHAIN_GCC_ARM/stm32f4xx_hal_rtc.o
                0x0000000008004c58                RTC_EnterInitMode
 .text.HAL_RTC_Init
                0x0000000008004c8c       0x90 mbed/TARGET_NUCLEO_F401RE/TOOLCHAIN_GCC_ARM/stm32f4xx_hal_rtc.o
                0x0000000008004c8c                HAL_RTC_Init
 .text.HAL_RTC_SetDate
                0x0000000008004d1c      0x18c mbed/TARGET_NUCLEO_F401RE/TOOLCHAIN_GCC_ARM/stm32f4xx_hal_rtc.o
                0x0000000008004d1c                HAL_RTC_SetDate
 .text.HAL_RTC_SetTime
                0x0000000008004ea8      0x1b4 mbed/TARGET_NUCLEO_F401RE/TOOLCHAIN_GCC_ARM/stm32f4xx_hal_rtc.o
                0x0000000008004ea8                HAL_RTC_SetTime
 .text.Set_GPIO_Clock
                0x000000000800505c       0xa0 ./mbed/TARGET_NUCLEO_F401RE/TOOLCHAIN_GCC_ARM/libmbed.a(pinmap.o)
                0x000000000800505c                Set_GPIO_Clock
 .text.pin_function
                0x00000000080050fc       0x60 ./mbed/TARGET_NUCLEO_F401RE/TOOLCHAIN_GCC_ARM/libmbed.a(pinmap.o)
                0x00000000080050fc                pin_function
 .text.pin_mode
                0x000000000800515c       0x50 ./mbed/TARGET_NUCLEO_F401RE/TOOLCHAIN_GCC_ARM/libmbed.a(pinmap.o)
                0x000000000800515c                pin_mode
 .text.handle_interrupt_in
                0x00000000080051ac      0x144 ./mbed/TARGET_NUCLEO_F401RE/TOOLCHAIN_GCC_ARM/libmbed.a(gpio_irq_api.o)
 .text.gpio_irq0
                0x00000000080052f0        0x8 ./mbed/TARGET_NUCLEO_F401RE/TOOLCHAIN_GCC_ARM/libmbed.a(gpio_irq_api.o)
 .text.gpio_irq1
                0x00000000080052f8        0x8 ./mbed/TARGET_NUCLEO_F401RE/TOOLCHAIN_GCC_ARM/libmbed.a(gpio_irq_api.o)
 .text.gpio_irq2
                0x0000000008005300        0x8 ./mbed/TARGET_NUCLEO_F401RE/TOOLCHAIN_GCC_ARM/libmbed.a(gpio_irq_api.o)
 .text.gpio_irq3
                0x0000000008005308        0x8 ./mbed/TARGET_NUCLEO_F401RE/TOOLCHAIN_GCC_ARM/libmbed.a(gpio_irq_api.o)
 .text.gpio_irq4
                0x0000000008005310        0x8 ./mbed/TARGET_NUCLEO_F401RE/TOOLCHAIN_GCC_ARM/libmbed.a(gpio_irq_api.o)
 .text.gpio_irq5
                0x0000000008005318        0x8 ./mbed/TARGET_NUCLEO_F401RE/TOOLCHAIN_GCC_ARM/libmbed.a(gpio_irq_api.o)
 .text.gpio_irq6
                0x0000000008005320        0x8 ./mbed/TARGET_NUCLEO_F401RE/TOOLCHAIN_GCC_ARM/libmbed.a(gpio_irq_api.o)
 .text.gpio_irq_init
                0x0000000008005328      0x150 ./mbed/TARGET_NUCLEO_F401RE/TOOLCHAIN_GCC_ARM/libmbed.a(gpio_irq_api.o)
                0x0000000008005328                gpio_irq_init
 .text.gpio_irq_free
                0x0000000008005478       0x68 ./mbed/TARGET_NUCLEO_F401RE/TOOLCHAIN_GCC_ARM/libmbed.a(gpio_irq_api.o)
                0x0000000008005478                gpio_irq_free
 .text.gpio_irq_set
                0x00000000080054e0       0x6c ./mbed/TARGET_NUCLEO_F401RE/TOOLCHAIN_GCC_ARM/libmbed.a(gpio_irq_api.o)
                0x00000000080054e0                gpio_irq_set
 .text.init_uart
                0x000000000800554c       0x48 ./mbed/TARGET_NUCLEO_F401RE/TOOLCHAIN_GCC_ARM/libmbed.a(serial_api.o)
 .text.serial_init
                0x0000000008005594      0x118 ./mbed/TARGET_NUCLEO_F401RE/TOOLCHAIN_GCC_ARM/libmbed.a(serial_api.o)
                0x0000000008005594                serial_init
 .text.serial_getc
                0x00000000080056ac       0x18 ./mbed/TARGET_NUCLEO_F401RE/TOOLCHAIN_GCC_ARM/libmbed.a(serial_api.o)
                0x00000000080056ac                serial_getc
 .text.serial_putc
                0x00000000080056c4       0x18 ./mbed/TARGET_NUCLEO_F401RE/TOOLCHAIN_GCC_ARM/libmbed.a(serial_api.o)
                0x00000000080056c4                serial_putc
 .text._ZN4mbed14FileSystemLike6removeEPKc
                0x00000000080056dc        0x8 ./mbed/TARGET_NUCLEO_F401RE/TOOLCHAIN_GCC_ARM/libmbed.a(FileSystemLike.o)
                0x00000000080056dc                mbed::FileSystemLike::remove(char const*)
 .text._ZN4mbed14FileSystemLike6renameEPKcS2_
                0x00000000080056e4        0x8 ./mbed/TARGET_NUCLEO_F401RE/TOOLCHAIN_GCC_ARM/libmbed.a(FileSystemLike.o)
                0x00000000080056e4                mbed::FileSystemLike::rename(char const*, char const*)
 .text._ZN4mbed14FileSystemLike7opendirEPKc
                0x00000000080056ec        0x4 ./mbed/TARGET_NUCLEO_F401RE/TOOLCHAIN_GCC_ARM/libmbed.a(FileSystemLike.o)
                0x00000000080056ec                mbed::FileSystemLike::opendir(char const*)
 .text._ZN4mbed14FileSystemLike5mkdirEPKcj
                0x00000000080056f0        0x8 ./mbed/TARGET_NUCLEO_F401RE/TOOLCHAIN_GCC_ARM/libmbed.a(FileSystemLike.o)
                0x00000000080056f0                mbed::FileSystemLike::mkdir(char const*, unsigned int)
 .text._ZN4mbed14FileSystemLikeD2Ev
                0x00000000080056f8       0x14 ./mbed/TARGET_NUCLEO_F401RE/TOOLCHAIN_GCC_ARM/libmbed.a(FileSystemLike.o)
                0x00000000080056f8                mbed::FileSystemLike::~FileSystemLike()
                0x00000000080056f8                mbed::FileSystemLike::~FileSystemLike()
 .text._ZN4mbed14FileSystemLikeD0Ev
                0x000000000800570c       0x14 ./mbed/TARGET_NUCLEO_F401RE/TOOLCHAIN_GCC_ARM/libmbed.a(FileSystemLike.o)
                0x000000000800570c                mbed::FileSystemLike::~FileSystemLike()
 .text._ZN4mbed14FileSystemLikeC2EPKc
                0x0000000008005720       0x18 ./mbed/TARGET_NUCLEO_F401RE/TOOLCHAIN_GCC_ARM/libmbed.a(FileSystemLike.o)
                0x0000000008005720                mbed::FileSystemLike::FileSystemLike(char const*)
                0x0000000008005720                mbed::FileSystemLike::FileSystemLike(char const*)
 .text._ZN4mbed8FilePathC2EPKc
                0x0000000008005738       0x54 ./mbed/TARGET_NUCLEO_F401RE/TOOLCHAIN_GCC_ARM/libmbed.a(FilePath.o)
                0x0000000008005738                mbed::FilePath::FilePath(char const*)
                0x0000000008005738                mbed::FilePath::FilePath(char const*)
 .text._ZN4mbed8FilePath8fileNameEv
                0x000000000800578c        0x4 ./mbed/TARGET_NUCLEO_F401RE/TOOLCHAIN_GCC_ARM/libmbed.a(FilePath.o)
                0x000000000800578c                mbed::FilePath::fileName()
 .text._ZN4mbed8FilePath12isFileSystemEv
                0x0000000008005790       0x14 ./mbed/TARGET_NUCLEO_F401RE/TOOLCHAIN_GCC_ARM/libmbed.a(FilePath.o)
                0x0000000008005790                mbed::FilePath::isFileSystem()
 .text._ZN4mbed8FilePath10fileSystemEv
                0x00000000080057a4       0x10 ./mbed/TARGET_NUCLEO_F401RE/TOOLCHAIN_GCC_ARM/libmbed.a(FilePath.o)
                0x00000000080057a4                mbed::FilePath::fileSystem()
 .text._ZN4mbed8FilePath6isFileEv
                0x00000000080057b4       0x14 ./mbed/TARGET_NUCLEO_F401RE/TOOLCHAIN_GCC_ARM/libmbed.a(FilePath.o)
                0x00000000080057b4                mbed::FilePath::isFile()
 .text._ZN4mbed8FilePath4fileEv
                0x00000000080057c8       0x14 ./mbed/TARGET_NUCLEO_F401RE/TOOLCHAIN_GCC_ARM/libmbed.a(FilePath.o)
                0x00000000080057c8                mbed::FilePath::file()
 .text._ZN4mbed8FilePath6existsEv
                0x00000000080057dc        0xc ./mbed/TARGET_NUCLEO_F401RE/TOOLCHAIN_GCC_ARM/libmbed.a(FilePath.o)
                0x00000000080057dc                mbed::FilePath::exists()
 .text._ZN4mbed11InterruptIn12_irq_handlerEm14gpio_irq_event
                0x00000000080057e8       0x18 ./mbed/TARGET_NUCLEO_F401RE/TOOLCHAIN_GCC_ARM/libmbed.a(InterruptIn.o)
                0x00000000080057e8                mbed::InterruptIn::_irq_handler(unsigned long, gpio_irq_event)
 .text._ZN4mbed11InterruptInD2Ev
                0x0000000008005800       0x18 ./mbed/TARGET_NUCLEO_F401RE/TOOLCHAIN_GCC_ARM/libmbed.a(InterruptIn.o)
                0x0000000008005800                mbed::InterruptIn::~InterruptIn()
                0x0000000008005800                mbed::InterruptIn::~InterruptIn()
 .text._ZN4mbed11InterruptInD0Ev
                0x0000000008005818       0x14 ./mbed/TARGET_NUCLEO_F401RE/TOOLCHAIN_GCC_ARM/libmbed.a(InterruptIn.o)
                0x0000000008005818                mbed::InterruptIn::~InterruptIn()
 .text._ZN4mbed11InterruptInC2E7PinName
                0x000000000800582c       0x58 ./mbed/TARGET_NUCLEO_F401RE/TOOLCHAIN_GCC_ARM/libmbed.a(InterruptIn.o)
                0x000000000800582c                mbed::InterruptIn::InterruptIn(PinName)
                0x000000000800582c                mbed::InterruptIn::InterruptIn(PinName)
 .text._ZN4mbed11InterruptIn4readEv
                0x0000000008005884       0x30 ./mbed/TARGET_NUCLEO_F401RE/TOOLCHAIN_GCC_ARM/libmbed.a(InterruptIn.o)
                0x0000000008005884                mbed::InterruptIn::read()
 .text._ZN4mbed11InterruptIn4modeE7PinMode
                0x00000000080058b4        0x8 ./mbed/TARGET_NUCLEO_F401RE/TOOLCHAIN_GCC_ARM/libmbed.a(InterruptIn.o)
                0x00000000080058b4                mbed::InterruptIn::mode(PinMode)
 .text._ZN4mbed11InterruptIncviEv
                0x00000000080058bc        0x4 ./mbed/TARGET_NUCLEO_F401RE/TOOLCHAIN_GCC_ARM/libmbed.a(InterruptIn.o)
                0x00000000080058bc                mbed::InterruptIn::operator int()
 .text._ZN4mbed3SPID2Ev
                0x00000000080058c0        0xc ./mbed/TARGET_NUCLEO_F401RE/TOOLCHAIN_GCC_ARM/libmbed.a(SPI.o)
                0x00000000080058c0                mbed::SPI::~SPI()
                0x00000000080058c0                mbed::SPI::~SPI()
 .text._ZN4mbed3SPID0Ev
                0x00000000080058cc       0x14 ./mbed/TARGET_NUCLEO_F401RE/TOOLCHAIN_GCC_ARM/libmbed.a(SPI.o)
                0x00000000080058cc                mbed::SPI::~SPI()
 .text._ZN4mbed3SPIC2E7PinNameS1_S1_S1_
                0x00000000080058e0       0x68 ./mbed/TARGET_NUCLEO_F401RE/TOOLCHAIN_GCC_ARM/libmbed.a(SPI.o)
                0x00000000080058e0                mbed::SPI::SPI(PinName, PinName, PinName, PinName)
                0x00000000080058e0                mbed::SPI::SPI(PinName, PinName, PinName, PinName)
 .text._ZN4mbed3SPI6aquireEv
                0x0000000008005948       0x2c ./mbed/TARGET_NUCLEO_F401RE/TOOLCHAIN_GCC_ARM/libmbed.a(SPI.o)
                0x0000000008005948                mbed::SPI::aquire()
 .text._ZN4mbed3SPI5writeEi
                0x0000000008005974       0x18 ./mbed/TARGET_NUCLEO_F401RE/TOOLCHAIN_GCC_ARM/libmbed.a(SPI.o)
                0x0000000008005974                mbed::SPI::write(int)
 .text._ZN4mbed3SPI9frequencyEi
                0x000000000800598c       0x14 ./mbed/TARGET_NUCLEO_F401RE/TOOLCHAIN_GCC_ARM/libmbed.a(SPI.o)
                0x000000000800598c                mbed::SPI::frequency(int)
 .text._ZN4mbed3SPI6formatEii
                0x00000000080059a0       0x1c ./mbed/TARGET_NUCLEO_F401RE/TOOLCHAIN_GCC_ARM/libmbed.a(SPI.o)
                0x00000000080059a0                mbed::SPI::format(int, int)
 .text.error    0x00000000080059bc       0x24 ./mbed/TARGET_NUCLEO_F401RE/TOOLCHAIN_GCC_ARM/libmbed.a(error.o)
                0x00000000080059bc                error
 .text.mbed_assert_internal
                0x00000000080059e0       0x30 ./mbed/TARGET_NUCLEO_F401RE/TOOLCHAIN_GCC_ARM/libmbed.a(assert.o)
                0x00000000080059e0                mbed_assert_internal
 .text.exit     0x0000000008005a10       0x24 ./mbed/TARGET_NUCLEO_F401RE/TOOLCHAIN_GCC_ARM/libmbed.a(exit.o)
                0x0000000008005a10                exit
 .text._ZN4mbed5Timer5startEv
                0x0000000008005a34       0x14 ./mbed/TARGET_NUCLEO_F401RE/TOOLCHAIN_GCC_ARM/libmbed.a(Timer.o)
                0x0000000008005a34                mbed::Timer::start()
 .text._ZN4mbed5Timer9slicetimeEv
                0x0000000008005a48       0x18 ./mbed/TARGET_NUCLEO_F401RE/TOOLCHAIN_GCC_ARM/libmbed.a(Timer.o)
                0x0000000008005a48                mbed::Timer::slicetime()
 .text._ZN4mbed5Timer7read_usEv
                0x0000000008005a60        0xc ./mbed/TARGET_NUCLEO_F401RE/TOOLCHAIN_GCC_ARM/libmbed.a(Timer.o)
                0x0000000008005a60                mbed::Timer::read_us()
 .text._ZN4mbed5Timer7read_msEv
                0x0000000008005a6c       0x1c ./mbed/TARGET_NUCLEO_F401RE/TOOLCHAIN_GCC_ARM/libmbed.a(Timer.o)
                0x0000000008005a6c                mbed::Timer::read_ms()
 .text._ZN4mbed5Timer4stopEv
                0x0000000008005a88       0x14 ./mbed/TARGET_NUCLEO_F401RE/TOOLCHAIN_GCC_ARM/libmbed.a(Timer.o)
                0x0000000008005a88                mbed::Timer::stop()
 .text._ZN4mbed5Timer5resetEv
                0x0000000008005a9c       0x10 ./mbed/TARGET_NUCLEO_F401RE/TOOLCHAIN_GCC_ARM/libmbed.a(Timer.o)
                0x0000000008005a9c                mbed::Timer::reset()
 .text._ZN4mbed5TimerC2Ev
                0x0000000008005aac       0x14 ./mbed/TARGET_NUCLEO_F401RE/TOOLCHAIN_GCC_ARM/libmbed.a(Timer.o)
                0x0000000008005aac                mbed::Timer::Timer()
                0x0000000008005aac                mbed::Timer::Timer()
 .text.gpio_init_in
                0x0000000008005ac0       0x24 ./mbed/TARGET_NUCLEO_F401RE/TOOLCHAIN_GCC_ARM/libmbed.a(gpio.o)
                0x0000000008005ac0                gpio_init_in
 .text.gpio_init_out_ex
                0x0000000008005ae4       0x58 ./mbed/TARGET_NUCLEO_F401RE/TOOLCHAIN_GCC_ARM/libmbed.a(gpio.o)
                0x0000000008005ae4                gpio_init_out_ex
 .text.set_time
                0x0000000008005b3c       0x14 ./mbed/TARGET_NUCLEO_F401RE/TOOLCHAIN_GCC_ARM/libmbed.a(rtc_time.o)
                0x0000000008005b3c                set_time
 .text.time     0x0000000008005b50       0x1c ./mbed/TARGET_NUCLEO_F401RE/TOOLCHAIN_GCC_ARM/libmbed.a(rtc_time.o)
                0x0000000008005b50                time
 .text.pinmap_pinout
                0x0000000008005b6c       0x44 ./mbed/TARGET_NUCLEO_F401RE/TOOLCHAIN_GCC_ARM/libmbed.a(pinmap_common.o)
                0x0000000008005b6c                pinmap_pinout
 .text.pinmap_merge
                0x0000000008005bb0       0x24 ./mbed/TARGET_NUCLEO_F401RE/TOOLCHAIN_GCC_ARM/libmbed.a(pinmap_common.o)
                0x0000000008005bb0                pinmap_merge
 .text.pinmap_peripheral
                0x0000000008005bd4       0x34 ./mbed/TARGET_NUCLEO_F401RE/TOOLCHAIN_GCC_ARM/libmbed.a(pinmap_common.o)
                0x0000000008005bd4                pinmap_peripheral
 .text.wait_us  0x0000000008005c08       0x18 ./mbed/TARGET_NUCLEO_F401RE/TOOLCHAIN_GCC_ARM/libmbed.a(wait_api.o)
                0x0000000008005c08                wait_us
 .text.wait_ms  0x0000000008005c20        0xc ./mbed/TARGET_NUCLEO_F401RE/TOOLCHAIN_GCC_ARM/libmbed.a(wait_api.o)
                0x0000000008005c20                wait_ms
 .text.us_ticker_irq_handler
                0x0000000008005c2c       0x4c ./mbed/TARGET_NUCLEO_F401RE/TOOLCHAIN_GCC_ARM/libmbed.a(us_ticker_api.o)
                0x0000000008005c2c                us_ticker_irq_handler
 .text.gpio_set
                0x0000000008005c78       0x30 ./mbed/TARGET_NUCLEO_F401RE/TOOLCHAIN_GCC_ARM/libmbed.a(gpio_api.o)
                0x0000000008005c78                gpio_set
 .text.gpio_init
                0x0000000008005ca8       0x30 ./mbed/TARGET_NUCLEO_F401RE/TOOLCHAIN_GCC_ARM/libmbed.a(gpio_api.o)
                0x0000000008005ca8                gpio_init
 .text.gpio_mode
                0x0000000008005cd8        0x8 ./mbed/TARGET_NUCLEO_F401RE/TOOLCHAIN_GCC_ARM/libmbed.a(gpio_api.o)
                0x0000000008005cd8                gpio_mode
 .text.gpio_dir
                0x0000000008005ce0       0x40 ./mbed/TARGET_NUCLEO_F401RE/TOOLCHAIN_GCC_ARM/libmbed.a(gpio_api.o)
                0x0000000008005ce0                gpio_dir
 .text.rtc_init
                0x0000000008005d20       0xe8 ./mbed/TARGET_NUCLEO_F401RE/TOOLCHAIN_GCC_ARM/libmbed.a(rtc_api.o)
                0x0000000008005d20                rtc_init
 .text.rtc_isenabled
                0x0000000008005e08        0xc ./mbed/TARGET_NUCLEO_F401RE/TOOLCHAIN_GCC_ARM/libmbed.a(rtc_api.o)
                0x0000000008005e08                rtc_isenabled
 .text.rtc_read
                0x0000000008005e14       0x64 ./mbed/TARGET_NUCLEO_F401RE/TOOLCHAIN_GCC_ARM/libmbed.a(rtc_api.o)
                0x0000000008005e14                rtc_read
 .text.rtc_write
                0x0000000008005e78       0x78 ./mbed/TARGET_NUCLEO_F401RE/TOOLCHAIN_GCC_ARM/libmbed.a(rtc_api.o)
                0x0000000008005e78                rtc_write
 .text.us_ticker_init
                0x0000000008005ef0       0x24 ./mbed/TARGET_NUCLEO_F401RE/TOOLCHAIN_GCC_ARM/libmbed.a(us_ticker.o)
                0x0000000008005ef0                us_ticker_init
 .text.us_ticker_read
                0x0000000008005f14       0x1c ./mbed/TARGET_NUCLEO_F401RE/TOOLCHAIN_GCC_ARM/libmbed.a(us_ticker.o)
                0x0000000008005f14                us_ticker_read
 .text.us_ticker_set_interrupt
                0x0000000008005f30       0x18 ./mbed/TARGET_NUCLEO_F401RE/TOOLCHAIN_GCC_ARM/libmbed.a(us_ticker.o)
                0x0000000008005f30                us_ticker_set_interrupt
 .text.us_ticker_disable_interrupt
                0x0000000008005f48       0x14 ./mbed/TARGET_NUCLEO_F401RE/TOOLCHAIN_GCC_ARM/libmbed.a(us_ticker.o)
                0x0000000008005f48                us_ticker_disable_interrupt
 .text.us_ticker_clear_interrupt
                0x0000000008005f5c       0x14 ./mbed/TARGET_NUCLEO_F401RE/TOOLCHAIN_GCC_ARM/libmbed.a(us_ticker.o)
                0x0000000008005f5c                us_ticker_clear_interrupt
 .text.init_spi
                0x0000000008005f70       0x58 ./mbed/TARGET_NUCLEO_F401RE/TOOLCHAIN_GCC_ARM/libmbed.a(spi_api.o)
 .text.spi_init
                0x0000000008005fc8      0x130 ./mbed/TARGET_NUCLEO_F401RE/TOOLCHAIN_GCC_ARM/libmbed.a(spi_api.o)
                0x0000000008005fc8                spi_init
 .text.spi_format
                0x00000000080060f8       0x50 ./mbed/TARGET_NUCLEO_F401RE/TOOLCHAIN_GCC_ARM/libmbed.a(spi_api.o)
                0x00000000080060f8                spi_format
 .text.spi_frequency
                0x0000000008006148       0xbc ./mbed/TARGET_NUCLEO_F401RE/TOOLCHAIN_GCC_ARM/libmbed.a(spi_api.o)
                0x0000000008006148                spi_frequency
 .text.spi_master_write
                0x0000000008006204       0x20 ./mbed/TARGET_NUCLEO_F401RE/TOOLCHAIN_GCC_ARM/libmbed.a(spi_api.o)
                0x0000000008006204                spi_master_write
 .text._ZN4mbed8FileBaseD2Ev
                0x0000000008006224       0x30 ./mbed/TARGET_NUCLEO_F401RE/TOOLCHAIN_GCC_ARM/libmbed.a(FileBase.o)
                0x0000000008006224                mbed::FileBase::~FileBase()
                0x0000000008006224                mbed::FileBase::~FileBase()
 .text._ZN4mbed8FileBaseD0Ev
                0x0000000008006254       0x3c ./mbed/TARGET_NUCLEO_F401RE/TOOLCHAIN_GCC_ARM/libmbed.a(FileBase.o)
                0x0000000008006254                mbed::FileBase::~FileBase()
 .text._ZN4mbed8FileBaseC2EPKcNS_8PathTypeE
                0x0000000008006290       0x20 ./mbed/TARGET_NUCLEO_F401RE/TOOLCHAIN_GCC_ARM/libmbed.a(FileBase.o)
                0x0000000008006290                mbed::FileBase::FileBase(char const*, mbed::PathType)
                0x0000000008006290                mbed::FileBase::FileBase(char const*, mbed::PathType)
 .text._ZN4mbed8FileBase6lookupEPKcj
                0x00000000080062b0       0x40 ./mbed/TARGET_NUCLEO_F401RE/TOOLCHAIN_GCC_ARM/libmbed.a(FileBase.o)
                0x00000000080062b0                mbed::FileBase::lookup(char const*, unsigned int)
 .text._ZN4mbed8FileBase11getPathTypeEv
                0x00000000080062f0        0x4 ./mbed/TARGET_NUCLEO_F401RE/TOOLCHAIN_GCC_ARM/libmbed.a(FileBase.o)
                0x00000000080062f0                mbed::FileBase::getPathType()
 .text._ZN4mbed15FunctionPointerC2EPFvvE
                0x00000000080062f4        0xc ./mbed/TARGET_NUCLEO_F401RE/TOOLCHAIN_GCC_ARM/libmbed.a(FunctionPointer.o)
                0x00000000080062f4                mbed::FunctionPointer::FunctionPointer(void (*)())
                0x00000000080062f4                mbed::FunctionPointer::FunctionPointer(void (*)())
 .text._ZN4mbed15FunctionPointer4callEv
                0x0000000008006300       0x18 ./mbed/TARGET_NUCLEO_F401RE/TOOLCHAIN_GCC_ARM/libmbed.a(FunctionPointer.o)
                0x0000000008006300                mbed::FunctionPointer::call()
 .text.__aeabi_atexit
                0x0000000008006318        0xa /Users/nathanogates/Copy/Development/embedded/redux/gcc-arm/bin/../lib/gcc/arm-none-eabi/4.8.4/../../../../arm-none-eabi/lib/armv7e-m/softfp/libstdc++_s.a(atexit_arm.o)
                0x0000000008006318                __aeabi_atexit
 .text._ZdlPv   0x0000000008006322        0x8 /Users/nathanogates/Copy/Development/embedded/redux/gcc-arm/bin/../lib/gcc/arm-none-eabi/4.8.4/../../../../arm-none-eabi/lib/armv7e-m/softfp/libstdc++_s.a(del_op.o)
                0x0000000008006322                operator delete(void*)
 *fill*         0x000000000800632a        0x2 
 .text._Znwj    0x000000000800632c       0x28 /Users/nathanogates/Copy/Development/embedded/redux/gcc-arm/bin/../lib/gcc/arm-none-eabi/4.8.4/../../../../arm-none-eabi/lib/armv7e-m/softfp/libstdc++_s.a(new_op.o)
                0x000000000800632c                operator new(unsigned int)
 .text.abort    0x0000000008006354        0xe /Users/nathanogates/Copy/Development/embedded/redux/gcc-arm/bin/../lib/gcc/arm-none-eabi/4.8.4/../../../../arm-none-eabi/lib/armv7e-m/softfp/libc_s.a(lib_a-abort.o)
                0x0000000008006354                abort
 *fill*         0x0000000008006362        0x2 
 .text.__cxa_atexit
                0x0000000008006364       0x20 /Users/nathanogates/Copy/Development/embedded/redux/gcc-arm/bin/../lib/gcc/arm-none-eabi/4.8.4/../../../../arm-none-eabi/lib/armv7e-m/softfp/libc_s.a(lib_a-cxa_atexit.o)
                0x0000000008006364                __cxa_atexit
 .text.__errno  0x0000000008006384        0xc /Users/nathanogates/Copy/Development/embedded/redux/gcc-arm/bin/../lib/gcc/arm-none-eabi/4.8.4/../../../../arm-none-eabi/lib/armv7e-m/softfp/libc_s.a(lib_a-errno.o)
                0x0000000008006384                __errno
 .text._fclose_r
                0x0000000008006390       0xa4 /Users/nathanogates/Copy/Development/embedded/redux/gcc-arm/bin/../lib/gcc/arm-none-eabi/4.8.4/../../../../arm-none-eabi/lib/armv7e-m/softfp/libc_s.a(lib_a-fclose.o)
                0x0000000008006390                _fclose_r
 .text.fclose   0x0000000008006434       0x10 /Users/nathanogates/Copy/Development/embedded/redux/gcc-arm/bin/../lib/gcc/arm-none-eabi/4.8.4/../../../../arm-none-eabi/lib/armv7e-m/softfp/libc_s.a(lib_a-fclose.o)
                0x0000000008006434                fclose
 .text.__sflush_r
                0x0000000008006444      0x106 /Users/nathanogates/Copy/Development/embedded/redux/gcc-arm/bin/../lib/gcc/arm-none-eabi/4.8.4/../../../../arm-none-eabi/lib/armv7e-m/softfp/libc_s.a(lib_a-fflush.o)
                0x0000000008006444                __sflush_r
 *fill*         0x000000000800654a        0x2 
 .text._fflush_r
                0x000000000800654c       0x54 /Users/nathanogates/Copy/Development/embedded/redux/gcc-arm/bin/../lib/gcc/arm-none-eabi/4.8.4/../../../../arm-none-eabi/lib/armv7e-m/softfp/libc_s.a(lib_a-fflush.o)
                0x000000000800654c                _fflush_r
 .text.fflush   0x00000000080065a0       0x24 /Users/nathanogates/Copy/Development/embedded/redux/gcc-arm/bin/../lib/gcc/arm-none-eabi/4.8.4/../../../../arm-none-eabi/lib/armv7e-m/softfp/libc_s.a(lib_a-fflush.o)
                0x00000000080065a0                fflush
 .text._cleanup_r
                0x00000000080065c4       0x32 /Users/nathanogates/Copy/Development/embedded/redux/gcc-arm/bin/../lib/gcc/arm-none-eabi/4.8.4/../../../../arm-none-eabi/lib/armv7e-m/softfp/libc_s.a(lib_a-findfp.o)
                0x00000000080065c4                _cleanup_r
 *fill*         0x00000000080065f6        0x2 
 .text.std.isra.0
                0x00000000080065f8       0x48 /Users/nathanogates/Copy/Development/embedded/redux/gcc-arm/bin/../lib/gcc/arm-none-eabi/4.8.4/../../../../arm-none-eabi/lib/armv7e-m/softfp/libc_s.a(lib_a-findfp.o)
 .text.__sfmoreglue
                0x0000000008006640       0x2c /Users/nathanogates/Copy/Development/embedded/redux/gcc-arm/bin/../lib/gcc/arm-none-eabi/4.8.4/../../../../arm-none-eabi/lib/armv7e-m/softfp/libc_s.a(lib_a-findfp.o)
                0x0000000008006640                __sfmoreglue
 .text.__sinit  0x000000000800666c       0x60 /Users/nathanogates/Copy/Development/embedded/redux/gcc-arm/bin/../lib/gcc/arm-none-eabi/4.8.4/../../../../arm-none-eabi/lib/armv7e-m/softfp/libc_s.a(lib_a-findfp.o)
                0x000000000800666c                __sinit
 .text.__sfp    0x00000000080066cc       0x74 /Users/nathanogates/Copy/Development/embedded/redux/gcc-arm/bin/../lib/gcc/arm-none-eabi/4.8.4/../../../../arm-none-eabi/lib/armv7e-m/softfp/libc_s.a(lib_a-findfp.o)
                0x00000000080066cc                __sfp
 .text.__sfp_lock_acquire
                0x0000000008006740        0x2 /Users/nathanogates/Copy/Development/embedded/redux/gcc-arm/bin/../lib/gcc/arm-none-eabi/4.8.4/../../../../arm-none-eabi/lib/armv7e-m/softfp/libc_s.a(lib_a-findfp.o)
                0x0000000008006740                __sfp_lock_acquire
 .text.__sfp_lock_release
                0x0000000008006742        0x2 /Users/nathanogates/Copy/Development/embedded/redux/gcc-arm/bin/../lib/gcc/arm-none-eabi/4.8.4/../../../../arm-none-eabi/lib/armv7e-m/softfp/libc_s.a(lib_a-findfp.o)
                0x0000000008006742                __sfp_lock_release
 .text._fopen_r
                0x0000000008006744       0x80 /Users/nathanogates/Copy/Development/embedded/redux/gcc-arm/bin/../lib/gcc/arm-none-eabi/4.8.4/../../../../arm-none-eabi/lib/armv7e-m/softfp/libc_s.a(lib_a-fopen.o)
                0x0000000008006744                _fopen_r
 .text.fopen    0x00000000080067c4       0x14 /Users/nathanogates/Copy/Development/embedded/redux/gcc-arm/bin/../lib/gcc/arm-none-eabi/4.8.4/../../../../arm-none-eabi/lib/armv7e-m/softfp/libc_s.a(lib_a-fopen.o)
                0x00000000080067c4                fopen
 .text.fprintf  0x00000000080067d8       0x24 /Users/nathanogates/Copy/Development/embedded/redux/gcc-arm/bin/../lib/gcc/arm-none-eabi/4.8.4/../../../../arm-none-eabi/lib/armv7e-m/softfp/libc_s.a(lib_a-fprintf.o)
                0x00000000080067d8                fprintf
                0x00000000080067d8                fiprintf
 .text._fputs_r
                0x00000000080067fc       0xa8 /Users/nathanogates/Copy/Development/embedded/redux/gcc-arm/bin/../lib/gcc/arm-none-eabi/4.8.4/../../../../arm-none-eabi/lib/armv7e-m/softfp/libc_s.a(lib_a-fputs.o)
                0x00000000080067fc                _fputs_r
 .text.fputs    0x00000000080068a4       0x14 /Users/nathanogates/Copy/Development/embedded/redux/gcc-arm/bin/../lib/gcc/arm-none-eabi/4.8.4/../../../../arm-none-eabi/lib/armv7e-m/softfp/libc_s.a(lib_a-fputs.o)
                0x00000000080068a4                fputs
 .text._fseek_r
                0x00000000080068b8        0x4 /Users/nathanogates/Copy/Development/embedded/redux/gcc-arm/bin/../lib/gcc/arm-none-eabi/4.8.4/../../../../arm-none-eabi/lib/armv7e-m/softfp/libc_s.a(lib_a-fseek.o)
                0x00000000080068b8                _fseek_r
 .text._fseeko_r
                0x00000000080068bc      0x11c /Users/nathanogates/Copy/Development/embedded/redux/gcc-arm/bin/../lib/gcc/arm-none-eabi/4.8.4/../../../../arm-none-eabi/lib/armv7e-m/softfp/libc_s.a(lib_a-fseeko.o)
                0x00000000080068bc                _fseeko_r
 .text._fwalk_reent
                0x00000000080069d8       0x3c /Users/nathanogates/Copy/Development/embedded/redux/gcc-arm/bin/../lib/gcc/arm-none-eabi/4.8.4/../../../../arm-none-eabi/lib/armv7e-m/softfp/libc_s.a(lib_a-fwalk.o)
                0x00000000080069d8                _fwalk_reent
 .text.__libc_init_array
                0x0000000008006a14       0x4c /Users/nathanogates/Copy/Development/embedded/redux/gcc-arm/bin/../lib/gcc/arm-none-eabi/4.8.4/../../../../arm-none-eabi/lib/armv7e-m/softfp/libc_s.a(lib_a-init.o)
                0x0000000008006a14                __libc_init_array
 .text.localtime
                0x0000000008006a60       0x24 /Users/nathanogates/Copy/Development/embedded/redux/gcc-arm/bin/../lib/gcc/arm-none-eabi/4.8.4/../../../../arm-none-eabi/lib/armv7e-m/softfp/libc_s.a(lib_a-lcltime.o)
                0x0000000008006a60                localtime
 .text.localtime_r
                0x0000000008006a84        0x6 /Users/nathanogates/Copy/Development/embedded/redux/gcc-arm/bin/../lib/gcc/arm-none-eabi/4.8.4/../../../../arm-none-eabi/lib/armv7e-m/softfp/libc_s.a(lib_a-lcltime_r.o)
                0x0000000008006a84                localtime_r
 *fill*         0x0000000008006a8a        0x2 
 .text.__smakebuf_r
                0x0000000008006a8c       0x9c /Users/nathanogates/Copy/Development/embedded/redux/gcc-arm/bin/../lib/gcc/arm-none-eabi/4.8.4/../../../../arm-none-eabi/lib/armv7e-m/softfp/libc_s.a(lib_a-makebuf.o)
                0x0000000008006a8c                __smakebuf_r
 .text.malloc   0x0000000008006b28       0x10 /Users/nathanogates/Copy/Development/embedded/redux/gcc-arm/bin/../lib/gcc/arm-none-eabi/4.8.4/../../../../arm-none-eabi/lib/armv7e-m/softfp/libc_s.a(lib_a-malloc.o)
                0x0000000008006b28                malloc
 .text.free     0x0000000008006b38       0x10 /Users/nathanogates/Copy/Development/embedded/redux/gcc-arm/bin/../lib/gcc/arm-none-eabi/4.8.4/../../../../arm-none-eabi/lib/armv7e-m/softfp/libc_s.a(lib_a-malloc.o)
                0x0000000008006b38                free
 .text.memcpy   0x0000000008006b48       0x12 /Users/nathanogates/Copy/Development/embedded/redux/gcc-arm/bin/../lib/gcc/arm-none-eabi/4.8.4/../../../../arm-none-eabi/lib/armv7e-m/softfp/libc_s.a(lib_a-memcpy-stub.o)
                0x0000000008006b48                memcpy
 .text.memset   0x0000000008006b5a       0x10 /Users/nathanogates/Copy/Development/embedded/redux/gcc-arm/bin/../lib/gcc/arm-none-eabi/4.8.4/../../../../arm-none-eabi/lib/armv7e-m/softfp/libc_s.a(lib_a-memset.o)
                0x0000000008006b5a                memset
 *fill*         0x0000000008006b6a        0x2 
 .text.validate_structure
                0x0000000008006b6c      0x1a4 /Users/nathanogates/Copy/Development/embedded/redux/gcc-arm/bin/../lib/gcc/arm-none-eabi/4.8.4/../../../../arm-none-eabi/lib/armv7e-m/softfp/libc_s.a(lib_a-mktime.o)
 .text.mktime   0x0000000008006d10      0x2cc /Users/nathanogates/Copy/Development/embedded/redux/gcc-arm/bin/../lib/gcc/arm-none-eabi/4.8.4/../../../../arm-none-eabi/lib/armv7e-m/softfp/libc_s.a(lib_a-mktime.o)
                0x0000000008006d10                mktime
 .text.__tzcalc_limits
                0x0000000008006fdc      0x15c /Users/nathanogates/Copy/Development/embedded/redux/gcc-arm/bin/../lib/gcc/arm-none-eabi/4.8.4/../../../../arm-none-eabi/lib/armv7e-m/softfp/libc_s.a(lib_a-mktm_r.o)
                0x0000000008006fdc                __tzcalc_limits
 .text._mktm_r  0x0000000008007138      0x290 /Users/nathanogates/Copy/Development/embedded/redux/gcc-arm/bin/../lib/gcc/arm-none-eabi/4.8.4/../../../../arm-none-eabi/lib/armv7e-m/softfp/libc_s.a(lib_a-mktm_r.o)
                0x0000000008007138                _mktm_r
 .text._free_r  0x00000000080073c8       0x88 /Users/nathanogates/Copy/Development/embedded/redux/gcc-arm/bin/../lib/gcc/arm-none-eabi/4.8.4/../../../../arm-none-eabi/lib/armv7e-m/softfp/libc_s.a(lib_a-nano-freer.o)
                0x00000000080073c8                _free_r
 .text._malloc_r
                0x0000000008007450       0xa8 /Users/nathanogates/Copy/Development/embedded/redux/gcc-arm/bin/../lib/gcc/arm-none-eabi/4.8.4/../../../../arm-none-eabi/lib/armv7e-m/softfp/libc_s.a(lib_a-nano-mallocr.o)
                0x0000000008007450                _malloc_r
 .text._open_r  0x00000000080074f8       0x24 /Users/nathanogates/Copy/Development/embedded/redux/gcc-arm/bin/../lib/gcc/arm-none-eabi/4.8.4/../../../../arm-none-eabi/lib/armv7e-m/softfp/libc_s.a(lib_a-openr.o)
                0x00000000080074f8                _open_r
 .text._puts_r  0x000000000800751c       0xc0 /Users/nathanogates/Copy/Development/embedded/redux/gcc-arm/bin/../lib/gcc/arm-none-eabi/4.8.4/../../../../arm-none-eabi/lib/armv7e-m/softfp/libc_s.a(lib_a-puts.o)
                0x000000000800751c                _puts_r
 .text.puts     0x00000000080075dc       0x10 /Users/nathanogates/Copy/Development/embedded/redux/gcc-arm/bin/../lib/gcc/arm-none-eabi/4.8.4/../../../../arm-none-eabi/lib/armv7e-m/softfp/libc_s.a(lib_a-puts.o)
                0x00000000080075dc                puts
 .text._sbrk_r  0x00000000080075ec       0x20 /Users/nathanogates/Copy/Development/embedded/redux/gcc-arm/bin/../lib/gcc/arm-none-eabi/4.8.4/../../../../arm-none-eabi/lib/armv7e-m/softfp/libc_s.a(lib_a-sbrkr.o)
                0x00000000080075ec                _sbrk_r
 .text._raise_r
                0x000000000800760c       0x50 /Users/nathanogates/Copy/Development/embedded/redux/gcc-arm/bin/../lib/gcc/arm-none-eabi/4.8.4/../../../../arm-none-eabi/lib/armv7e-m/softfp/libc_s.a(lib_a-signal.o)
                0x000000000800760c                _raise_r
 .text.raise    0x000000000800765c       0x10 /Users/nathanogates/Copy/Development/embedded/redux/gcc-arm/bin/../lib/gcc/arm-none-eabi/4.8.4/../../../../arm-none-eabi/lib/armv7e-m/softfp/libc_s.a(lib_a-signal.o)
                0x000000000800765c                raise
 .text._kill_r  0x000000000800766c       0x24 /Users/nathanogates/Copy/Development/embedded/redux/gcc-arm/bin/../lib/gcc/arm-none-eabi/4.8.4/../../../../arm-none-eabi/lib/armv7e-m/softfp/libc_s.a(lib_a-signalr.o)
                0x000000000800766c                _kill_r
 .text._getpid_r
                0x0000000008007690        0x4 /Users/nathanogates/Copy/Development/embedded/redux/gcc-arm/bin/../lib/gcc/arm-none-eabi/4.8.4/../../../../arm-none-eabi/lib/armv7e-m/softfp/libc_s.a(lib_a-signalr.o)
                0x0000000008007690                _getpid_r
 .text.sprintf  0x0000000008007694       0x48 /Users/nathanogates/Copy/Development/embedded/redux/gcc-arm/bin/../lib/gcc/arm-none-eabi/4.8.4/../../../../arm-none-eabi/lib/armv7e-m/softfp/libc_s.a(lib_a-sprintf.o)
                0x0000000008007694                sprintf
                0x0000000008007694                siprintf
 .text.sscanf   0x00000000080076dc       0x54 /Users/nathanogates/Copy/Development/embedded/redux/gcc-arm/bin/../lib/gcc/arm-none-eabi/4.8.4/../../../../arm-none-eabi/lib/armv7e-m/softfp/libc_s.a(lib_a-sscanf.o)
                0x00000000080076dc                sscanf
                0x00000000080076dc                siscanf
 .text.__sread  0x0000000008007730       0x22 /Users/nathanogates/Copy/Development/embedded/redux/gcc-arm/bin/../lib/gcc/arm-none-eabi/4.8.4/../../../../arm-none-eabi/lib/armv7e-m/softfp/libc_s.a(lib_a-stdio.o)
                0x0000000008007730                __sread
 .text.__seofread
                0x0000000008007752        0x4 /Users/nathanogates/Copy/Development/embedded/redux/gcc-arm/bin/../lib/gcc/arm-none-eabi/4.8.4/../../../../arm-none-eabi/lib/armv7e-m/softfp/libc_s.a(lib_a-stdio.o)
                0x0000000008007752                __seofread
 .text.__swrite
                0x0000000008007756       0x38 /Users/nathanogates/Copy/Development/embedded/redux/gcc-arm/bin/../lib/gcc/arm-none-eabi/4.8.4/../../../../arm-none-eabi/lib/armv7e-m/softfp/libc_s.a(lib_a-stdio.o)
                0x0000000008007756                __swrite
 .text.__sseek  0x000000000800778e       0x24 /Users/nathanogates/Copy/Development/embedded/redux/gcc-arm/bin/../lib/gcc/arm-none-eabi/4.8.4/../../../../arm-none-eabi/lib/armv7e-m/softfp/libc_s.a(lib_a-stdio.o)
                0x000000000800778e                __sseek
 .text.__sclose
                0x00000000080077b2        0x8 /Users/nathanogates/Copy/Development/embedded/redux/gcc-arm/bin/../lib/gcc/arm-none-eabi/4.8.4/../../../../arm-none-eabi/lib/armv7e-m/softfp/libc_s.a(lib_a-stdio.o)
                0x00000000080077b2                __sclose
 .text          0x00000000080077ba       0x14 /Users/nathanogates/Copy/Development/embedded/redux/gcc-arm/bin/../lib/gcc/arm-none-eabi/4.8.4/../../../../arm-none-eabi/lib/armv7e-m/softfp/libc_s.a(lib_a-strcmp.o)
                0x00000000080077ba                strcmp
 .text.strlen   0x00000000080077ce       0x10 /Users/nathanogates/Copy/Development/embedded/redux/gcc-arm/bin/../lib/gcc/arm-none-eabi/4.8.4/../../../../arm-none-eabi/lib/armv7e-m/softfp/libc_s.a(lib_a-strlen.o)
                0x00000000080077ce                strlen
 .text.strncmp  0x00000000080077de       0x2e /Users/nathanogates/Copy/Development/embedded/redux/gcc-arm/bin/../lib/gcc/arm-none-eabi/4.8.4/../../../../arm-none-eabi/lib/armv7e-m/softfp/libc_s.a(lib_a-strncmp.o)
                0x00000000080077de                strncmp
 .text.__ssputs_r
                0x000000000800780c       0xb8 /Users/nathanogates/Copy/Development/embedded/redux/gcc-arm/bin/../lib/gcc/arm-none-eabi/4.8.4/../../../../arm-none-eabi/lib/armv7e-m/softfp/libc_s.a(lib_a-svfprintf.o)
                0x000000000800780c                __ssputs_r
 .text._svfprintf_r
                0x00000000080078c4      0x1dc /Users/nathanogates/Copy/Development/embedded/redux/gcc-arm/bin/../lib/gcc/arm-none-eabi/4.8.4/../../../../arm-none-eabi/lib/armv7e-m/softfp/libc_s.a(lib_a-svfprintf.o)
                0x00000000080078c4                _svfprintf_r
                0x00000000080078c4                _svfiprintf_r
 .text._sungetc_r
                0x0000000008007aa0       0x7a /Users/nathanogates/Copy/Development/embedded/redux/gcc-arm/bin/../lib/gcc/arm-none-eabi/4.8.4/../../../../arm-none-eabi/lib/armv7e-m/softfp/libc_s.a(lib_a-svfscanf.o)
                0x0000000008007aa0                _sungetc_r
 .text.__ssrefill_r
                0x0000000008007b1a       0x3a /Users/nathanogates/Copy/Development/embedded/redux/gcc-arm/bin/../lib/gcc/arm-none-eabi/4.8.4/../../../../arm-none-eabi/lib/armv7e-m/softfp/libc_s.a(lib_a-svfscanf.o)
                0x0000000008007b1a                __ssrefill_r
 .text.__ssvfscanf_r
                0x0000000008007b54      0x29c /Users/nathanogates/Copy/Development/embedded/redux/gcc-arm/bin/../lib/gcc/arm-none-eabi/4.8.4/../../../../arm-none-eabi/lib/armv7e-m/softfp/libc_s.a(lib_a-svfscanf.o)
                0x0000000008007b54                __ssvfscanf_r
                0x0000000008007b54                __ssvfiscanf_r
 .text.__tz_lock
                0x0000000008007df0        0x2 /Users/nathanogates/Copy/Development/embedded/redux/gcc-arm/bin/../lib/gcc/arm-none-eabi/4.8.4/../../../../arm-none-eabi/lib/armv7e-m/softfp/libc_s.a(lib_a-tzlock.o)
                0x0000000008007df0                __tz_lock
 .text.__tz_unlock
                0x0000000008007df2        0x2 /Users/nathanogates/Copy/Development/embedded/redux/gcc-arm/bin/../lib/gcc/arm-none-eabi/4.8.4/../../../../arm-none-eabi/lib/armv7e-m/softfp/libc_s.a(lib_a-tzlock.o)
                0x0000000008007df2                __tz_unlock
 .text.__submore
                0x0000000008007df4       0x76 /Users/nathanogates/Copy/Development/embedded/redux/gcc-arm/bin/../lib/gcc/arm-none-eabi/4.8.4/../../../../arm-none-eabi/lib/armv7e-m/softfp/libc_s.a(lib_a-ungetc.o)
                0x0000000008007df4                __submore
 .text.__sfputc_r
                0x0000000008007e6a       0x2c /Users/nathanogates/Copy/Development/embedded/redux/gcc-arm/bin/../lib/gcc/arm-none-eabi/4.8.4/../../../../arm-none-eabi/lib/armv7e-m/softfp/libc_s.a(lib_a-vfprintf.o)
 .text.__sfputs_r
                0x0000000008007e96       0x24 /Users/nathanogates/Copy/Development/embedded/redux/gcc-arm/bin/../lib/gcc/arm-none-eabi/4.8.4/../../../../arm-none-eabi/lib/armv7e-m/softfp/libc_s.a(lib_a-vfprintf.o)
                0x0000000008007e96                __sfputs_r
 *fill*         0x0000000008007eba        0x2 
 .text._vfprintf_r
                0x0000000008007ebc      0x208 /Users/nathanogates/Copy/Development/embedded/redux/gcc-arm/bin/../lib/gcc/arm-none-eabi/4.8.4/../../../../arm-none-eabi/lib/armv7e-m/softfp/libc_s.a(lib_a-vfprintf.o)
                0x0000000008007ebc                _vfiprintf_r
                0x0000000008007ebc                _vfprintf_r
 .text.vfprintf
                0x00000000080080c4       0x1c /Users/nathanogates/Copy/Development/embedded/redux/gcc-arm/bin/../lib/gcc/arm-none-eabi/4.8.4/../../../../arm-none-eabi/lib/armv7e-m/softfp/libc_s.a(lib_a-vfprintf.o)
                0x00000000080080c4                vfiprintf
                0x00000000080080c4                vfprintf
 .text.__cvt    0x00000000080080e0       0xc0 /Users/nathanogates/Copy/Development/embedded/redux/gcc-arm/bin/../lib/gcc/arm-none-eabi/4.8.4/../../../../arm-none-eabi/lib/armv7e-m/softfp/libc_s.a(lib_a-vfprintf_float.o)
                0x00000000080080e0                __cvt
 .text.__exponent
                0x00000000080081a0       0x66 /Users/nathanogates/Copy/Development/embedded/redux/gcc-arm/bin/../lib/gcc/arm-none-eabi/4.8.4/../../../../arm-none-eabi/lib/armv7e-m/softfp/libc_s.a(lib_a-vfprintf_float.o)
                0x00000000080081a0                __exponent
 *fill*         0x0000000008008206        0x2 
 .text._printf_float
                0x0000000008008208      0x41c /Users/nathanogates/Copy/Development/embedded/redux/gcc-arm/bin/../lib/gcc/arm-none-eabi/4.8.4/../../../../arm-none-eabi/lib/armv7e-m/softfp/libc_s.a(lib_a-vfprintf_float.o)
                0x0000000008008208                _printf_float
 .text._printf_common
                0x0000000008008624       0xe4 /Users/nathanogates/Copy/Development/embedded/redux/gcc-arm/bin/../lib/gcc/arm-none-eabi/4.8.4/../../../../arm-none-eabi/lib/armv7e-m/softfp/libc_s.a(lib_a-vfprintf_i.o)
                0x0000000008008624                _printf_common
 .text._printf_i
                0x0000000008008708      0x228 /Users/nathanogates/Copy/Development/embedded/redux/gcc-arm/bin/../lib/gcc/arm-none-eabi/4.8.4/../../../../arm-none-eabi/lib/armv7e-m/softfp/libc_s.a(lib_a-vfprintf_i.o)
                0x0000000008008708                _printf_i
 .text._scanf_float
                0x0000000008008930      0x3d8 /Users/nathanogates/Copy/Development/embedded/redux/gcc-arm/bin/../lib/gcc/arm-none-eabi/4.8.4/../../../../arm-none-eabi/lib/armv7e-m/softfp/libc_s.a(lib_a-vfscanf_float.o)
                0x0000000008008930                _scanf_float
 .text._scanf_chars
                0x0000000008008d08       0xc0 /Users/nathanogates/Copy/Development/embedded/redux/gcc-arm/bin/../lib/gcc/arm-none-eabi/4.8.4/../../../../arm-none-eabi/lib/armv7e-m/softfp/libc_s.a(lib_a-vfscanf_i.o)
                0x0000000008008d08                _scanf_chars
 .text._scanf_i
                0x0000000008008dc8      0x1ec /Users/nathanogates/Copy/Development/embedded/redux/gcc-arm/bin/../lib/gcc/arm-none-eabi/4.8.4/../../../../arm-none-eabi/lib/armv7e-m/softfp/libc_s.a(lib_a-vfscanf_i.o)
                0x0000000008008dc8                _scanf_i
 .text.__swbuf_r
                0x0000000008008fb4       0xa8 /Users/nathanogates/Copy/Development/embedded/redux/gcc-arm/bin/../lib/gcc/arm-none-eabi/4.8.4/../../../../arm-none-eabi/lib/armv7e-m/softfp/libc_s.a(lib_a-wbuf.o)
                0x0000000008008fb4                __swbuf_r
 .text._write_r
                0x000000000800905c       0x24 /Users/nathanogates/Copy/Development/embedded/redux/gcc-arm/bin/../lib/gcc/arm-none-eabi/4.8.4/../../../../arm-none-eabi/lib/armv7e-m/softfp/libc_s.a(lib_a-writer.o)
                0x000000000800905c                _write_r
 .text.__swsetup_r
                0x0000000008009080       0xdc /Users/nathanogates/Copy/Development/embedded/redux/gcc-arm/bin/../lib/gcc/arm-none-eabi/4.8.4/../../../../arm-none-eabi/lib/armv7e-m/softfp/libc_s.a(lib_a-wsetup.o)
                0x0000000008009080                __swsetup_r
 .text._close_r
                0x000000000800915c       0x20 /Users/nathanogates/Copy/Development/embedded/redux/gcc-arm/bin/../lib/gcc/arm-none-eabi/4.8.4/../../../../arm-none-eabi/lib/armv7e-m/softfp/libc_s.a(lib_a-closer.o)
                0x000000000800915c                _close_r
 .text.div      0x000000000800917c       0x28 /Users/nathanogates/Copy/Development/embedded/redux/gcc-arm/bin/../lib/gcc/arm-none-eabi/4.8.4/../../../../arm-none-eabi/lib/armv7e-m/softfp/libc_s.a(lib_a-div.o)
                0x000000000800917c                div
 .text.quorem   0x00000000080091a4      0x11a /Users/nathanogates/Copy/Development/embedded/redux/gcc-arm/bin/../lib/gcc/arm-none-eabi/4.8.4/../../../../arm-none-eabi/lib/armv7e-m/softfp/libc_s.a(lib_a-dtoa.o)
 *fill*         0x00000000080092be        0x2 
 .text._dtoa_r  0x00000000080092c0      0xb70 /Users/nathanogates/Copy/Development/embedded/redux/gcc-arm/bin/../lib/gcc/arm-none-eabi/4.8.4/../../../../arm-none-eabi/lib/armv7e-m/softfp/libc_s.a(lib_a-dtoa.o)
                0x00000000080092c0                _dtoa_r
 .text.__sflags
                0x0000000008009e30       0x6e /Users/nathanogates/Copy/Development/embedded/redux/gcc-arm/bin/../lib/gcc/arm-none-eabi/4.8.4/../../../../arm-none-eabi/lib/armv7e-m/softfp/libc_s.a(lib_a-flags.o)
                0x0000000008009e30                __sflags
 *fill*         0x0000000008009e9e        0x2 
 .text._fstat_r
                0x0000000008009ea0       0x24 /Users/nathanogates/Copy/Development/embedded/redux/gcc-arm/bin/../lib/gcc/arm-none-eabi/4.8.4/../../../../arm-none-eabi/lib/armv7e-m/softfp/libc_s.a(lib_a-fstatr.o)
                0x0000000008009ea0                _fstat_r
 .text.__gettzinfo
                0x0000000008009ec4        0x8 /Users/nathanogates/Copy/Development/embedded/redux/gcc-arm/bin/../lib/gcc/arm-none-eabi/4.8.4/../../../../arm-none-eabi/lib/armv7e-m/softfp/libc_s.a(lib_a-gettzinfo.o)
                0x0000000008009ec4                __gettzinfo
 .text._isatty_r
                0x0000000008009ecc       0x20 /Users/nathanogates/Copy/Development/embedded/redux/gcc-arm/bin/../lib/gcc/arm-none-eabi/4.8.4/../../../../arm-none-eabi/lib/armv7e-m/softfp/libc_s.a(lib_a-isattyr.o)
                0x0000000008009ecc                _isatty_r
 .text._localeconv_r
                0x0000000008009eec        0x8 /Users/nathanogates/Copy/Development/embedded/redux/gcc-arm/bin/../lib/gcc/arm-none-eabi/4.8.4/../../../../arm-none-eabi/lib/armv7e-m/softfp/libc_s.a(lib_a-locale.o)
                0x0000000008009eec                _localeconv_r
 .text._lseek_r
                0x0000000008009ef4       0x24 /Users/nathanogates/Copy/Development/embedded/redux/gcc-arm/bin/../lib/gcc/arm-none-eabi/4.8.4/../../../../arm-none-eabi/lib/armv7e-m/softfp/libc_s.a(lib_a-lseekr.o)
                0x0000000008009ef4                _lseek_r
 .text.memchr   0x0000000008009f18       0x1e /Users/nathanogates/Copy/Development/embedded/redux/gcc-arm/bin/../lib/gcc/arm-none-eabi/4.8.4/../../../../arm-none-eabi/lib/armv7e-m/softfp/libc_s.a(lib_a-memchr-stub.o)
                0x0000000008009f18                memchr
 .text.memmove  0x0000000008009f36       0x36 /Users/nathanogates/Copy/Development/embedded/redux/gcc-arm/bin/../lib/gcc/arm-none-eabi/4.8.4/../../../../arm-none-eabi/lib/armv7e-m/softfp/libc_s.a(lib_a-memmove.o)
                0x0000000008009f36                memmove
 .text._Balloc  0x0000000008009f6c       0x6a /Users/nathanogates/Copy/Development/embedded/redux/gcc-arm/bin/../lib/gcc/arm-none-eabi/4.8.4/../../../../arm-none-eabi/lib/armv7e-m/softfp/libc_s.a(lib_a-mprec.o)
                0x0000000008009f6c                _Balloc
 .text._Bfree   0x0000000008009fd6       0x2e /Users/nathanogates/Copy/Development/embedded/redux/gcc-arm/bin/../lib/gcc/arm-none-eabi/4.8.4/../../../../arm-none-eabi/lib/armv7e-m/softfp/libc_s.a(lib_a-mprec.o)
                0x0000000008009fd6                _Bfree
 .text.__multadd
                0x000000000800a004       0x74 /Users/nathanogates/Copy/Development/embedded/redux/gcc-arm/bin/../lib/gcc/arm-none-eabi/4.8.4/../../../../arm-none-eabi/lib/armv7e-m/softfp/libc_s.a(lib_a-mprec.o)
                0x000000000800a004                __multadd
 .text.__s2b    0x000000000800a078       0x84 /Users/nathanogates/Copy/Development/embedded/redux/gcc-arm/bin/../lib/gcc/arm-none-eabi/4.8.4/../../../../arm-none-eabi/lib/armv7e-m/softfp/libc_s.a(lib_a-mprec.o)
                0x000000000800a078                __s2b
 .text.__hi0bits
                0x000000000800a0fc       0x40 /Users/nathanogates/Copy/Development/embedded/redux/gcc-arm/bin/../lib/gcc/arm-none-eabi/4.8.4/../../../../arm-none-eabi/lib/armv7e-m/softfp/libc_s.a(lib_a-mprec.o)
                0x000000000800a0fc                __hi0bits
 .text.__lo0bits
                0x000000000800a13c       0x5a /Users/nathanogates/Copy/Development/embedded/redux/gcc-arm/bin/../lib/gcc/arm-none-eabi/4.8.4/../../../../arm-none-eabi/lib/armv7e-m/softfp/libc_s.a(lib_a-mprec.o)
                0x000000000800a13c                __lo0bits
 .text.__i2b    0x000000000800a196       0x12 /Users/nathanogates/Copy/Development/embedded/redux/gcc-arm/bin/../lib/gcc/arm-none-eabi/4.8.4/../../../../arm-none-eabi/lib/armv7e-m/softfp/libc_s.a(lib_a-mprec.o)
                0x000000000800a196                __i2b
 .text.__multiply
                0x000000000800a1a8      0x130 /Users/nathanogates/Copy/Development/embedded/redux/gcc-arm/bin/../lib/gcc/arm-none-eabi/4.8.4/../../../../arm-none-eabi/lib/armv7e-m/softfp/libc_s.a(lib_a-mprec.o)
                0x000000000800a1a8                __multiply
 .text.__pow5mult
                0x000000000800a2d8       0x9c /Users/nathanogates/Copy/Development/embedded/redux/gcc-arm/bin/../lib/gcc/arm-none-eabi/4.8.4/../../../../arm-none-eabi/lib/armv7e-m/softfp/libc_s.a(lib_a-mprec.o)
                0x000000000800a2d8                __pow5mult
 .text.__lshift
                0x000000000800a374       0xa6 /Users/nathanogates/Copy/Development/embedded/redux/gcc-arm/bin/../lib/gcc/arm-none-eabi/4.8.4/../../../../arm-none-eabi/lib/armv7e-m/softfp/libc_s.a(lib_a-mprec.o)
                0x000000000800a374                __lshift
 .text.__mcmp   0x000000000800a41a       0x3a /Users/nathanogates/Copy/Development/embedded/redux/gcc-arm/bin/../lib/gcc/arm-none-eabi/4.8.4/../../../../arm-none-eabi/lib/armv7e-m/softfp/libc_s.a(lib_a-mprec.o)
                0x000000000800a41a                __mcmp
 .text.__mdiff  0x000000000800a454       0xbc /Users/nathanogates/Copy/Development/embedded/redux/gcc-arm/bin/../lib/gcc/arm-none-eabi/4.8.4/../../../../arm-none-eabi/lib/armv7e-m/softfp/libc_s.a(lib_a-mprec.o)
                0x000000000800a454                __mdiff