Archive member included because of file (symbol)

./mbed/TARGET_NUCLEO_F401RE/TOOLCHAIN_GCC_ARM/libmbed.a(serial_api.o)
                              mbed/TARGET_NUCLEO_F401RE/TOOLCHAIN_GCC_ARM/retarget.o (serial_init)
./mbed/TARGET_NUCLEO_F401RE/TOOLCHAIN_GCC_ARM/libmbed.a(FileSystemLike.o)
                              mbed/TARGET_NUCLEO_F401RE/TOOLCHAIN_GCC_ARM/retarget.o (mbed::FileSystemLike::opendir())
./mbed/TARGET_NUCLEO_F401RE/TOOLCHAIN_GCC_ARM/libmbed.a(I2C.o)
                              main.o (mbed::I2C::I2C(PinName, PinName))
./mbed/TARGET_NUCLEO_F401RE/TOOLCHAIN_GCC_ARM/libmbed.a(FilePath.o)
                              mbed/TARGET_NUCLEO_F401RE/TOOLCHAIN_GCC_ARM/retarget.o (mbed::FilePath::FilePath(char const*))
./mbed/TARGET_NUCLEO_F401RE/TOOLCHAIN_GCC_ARM/libmbed.a(Serial.o)
                              main.o (mbed::Serial::Serial(PinName, PinName, char const*))
./mbed/TARGET_NUCLEO_F401RE/TOOLCHAIN_GCC_ARM/libmbed.a(Stream.o)
                              ./mbed/TARGET_NUCLEO_F401RE/TOOLCHAIN_GCC_ARM/libmbed.a(Serial.o) (mbed::Stream::close())
./mbed/TARGET_NUCLEO_F401RE/TOOLCHAIN_GCC_ARM/libmbed.a(SerialBase.o)
                              ./mbed/TARGET_NUCLEO_F401RE/TOOLCHAIN_GCC_ARM/libmbed.a(Serial.o) (mbed::SerialBase::SerialBase(PinName, PinName))
./mbed/TARGET_NUCLEO_F401RE/TOOLCHAIN_GCC_ARM/libmbed.a(error.o)
                              mbed/TARGET_NUCLEO_F401RE/TOOLCHAIN_GCC_ARM/retarget.o (error)
./mbed/TARGET_NUCLEO_F401RE/TOOLCHAIN_GCC_ARM/libmbed.a(assert.o)
                              ./mbed/TARGET_NUCLEO_F401RE/TOOLCHAIN_GCC_ARM/libmbed.a(serial_api.o) (mbed_assert_internal)
./mbed/TARGET_NUCLEO_F401RE/TOOLCHAIN_GCC_ARM/libmbed.a(exit.o)
                              /Users/nathanogates/Copy/Development/embedded/redux/gcc-arm/bin/../lib/gcc/arm-none-eabi/4.8.4/../../../../arm-none-eabi/lib/armv7e-m/softfp/crt0.o (exit)
./mbed/TARGET_NUCLEO_F401RE/TOOLCHAIN_GCC_ARM/libmbed.a(pinmap_common.o)
                              ./mbed/TARGET_NUCLEO_F401RE/TOOLCHAIN_GCC_ARM/libmbed.a(serial_api.o) (pinmap_pinout)
./mbed/TARGET_NUCLEO_F401RE/TOOLCHAIN_GCC_ARM/libmbed.a(wait_api.o)
                              ./mbed/TARGET_NUCLEO_F401RE/TOOLCHAIN_GCC_ARM/libmbed.a(SerialBase.o) (wait_us)
./mbed/TARGET_NUCLEO_F401RE/TOOLCHAIN_GCC_ARM/libmbed.a(us_ticker_api.o)
                              mbed/TARGET_NUCLEO_F401RE/TOOLCHAIN_GCC_ARM/hal_tick.o (us_ticker_irq_handler)
./mbed/TARGET_NUCLEO_F401RE/TOOLCHAIN_GCC_ARM/libmbed.a(PeripheralPins.o)
                              ./mbed/TARGET_NUCLEO_F401RE/TOOLCHAIN_GCC_ARM/libmbed.a(serial_api.o) (PinMap_UART_RX)
./mbed/TARGET_NUCLEO_F401RE/TOOLCHAIN_GCC_ARM/libmbed.a(pinmap.o)
                              ./mbed/TARGET_NUCLEO_F401RE/TOOLCHAIN_GCC_ARM/libmbed.a(serial_api.o) (pin_function)
./mbed/TARGET_NUCLEO_F401RE/TOOLCHAIN_GCC_ARM/libmbed.a(i2c_api.o)
                              ./mbed/TARGET_NUCLEO_F401RE/TOOLCHAIN_GCC_ARM/libmbed.a(I2C.o) (i2c_frequency)
./mbed/TARGET_NUCLEO_F401RE/TOOLCHAIN_GCC_ARM/libmbed.a(us_ticker.o)
                              ./mbed/TARGET_NUCLEO_F401RE/TOOLCHAIN_GCC_ARM/libmbed.a(us_ticker_api.o) (us_ticker_init)
./mbed/TARGET_NUCLEO_F401RE/TOOLCHAIN_GCC_ARM/libmbed.a(FileLike.o)
                              ./mbed/TARGET_NUCLEO_F401RE/TOOLCHAIN_GCC_ARM/libmbed.a(Stream.o) (mbed::FileLike::~FileLike())
./mbed/TARGET_NUCLEO_F401RE/TOOLCHAIN_GCC_ARM/libmbed.a(FileBase.o)
                              ./mbed/TARGET_NUCLEO_F401RE/TOOLCHAIN_GCC_ARM/libmbed.a(FileSystemLike.o) (mbed::FileBase::~FileBase())
./mbed/TARGET_NUCLEO_F401RE/TOOLCHAIN_GCC_ARM/libmbed.a(FunctionPointer.o)
                              ./mbed/TARGET_NUCLEO_F401RE/TOOLCHAIN_GCC_ARM/libmbed.a(SerialBase.o) (mbed::FunctionPointer::FunctionPointer(void (*)()))
/Users/nathanogates/Copy/Development/embedded/redux/gcc-arm/bin/../lib/gcc/arm-none-eabi/4.8.4/../../../../arm-none-eabi/lib/armv7e-m/softfp/libstdc++_s.a(atexit_arm.o)
                              main.o (__aeabi_atexit)
/Users/nathanogates/Copy/Development/embedded/redux/gcc-arm/bin/../lib/gcc/arm-none-eabi/4.8.4/../../../../arm-none-eabi/lib/armv7e-m/softfp/libstdc++_s.a(del_op.o)
                              main.o (operator delete(void*))
/Users/nathanogates/Copy/Development/embedded/redux/gcc-arm/bin/../lib/gcc/arm-none-eabi/4.8.4/../../../../arm-none-eabi/lib/armv7e-m/softfp/libstdc++_s.a(new_op.o)
                              ./mbed/TARGET_NUCLEO_F401RE/TOOLCHAIN_GCC_ARM/libmbed.a(FileSystemLike.o) (operator new(unsigned int))
/Users/nathanogates/Copy/Development/embedded/redux/gcc-arm/bin/../lib/gcc/arm-none-eabi/4.8.4/../../../../arm-none-eabi/lib/armv7e-m/softfp/libstdc++_s.a(new_handler.o)
                              /Users/nathanogates/Copy/Development/embedded/redux/gcc-arm/bin/../lib/gcc/arm-none-eabi/4.8.4/../../../../arm-none-eabi/lib/armv7e-m/softfp/libstdc++_s.a(new_op.o) (__new_handler)
[...]
Memory Configuration

Name             Origin             Length             Attributes
FLASH            0x0000000008000000 0x0000000000080000 xr
RAM              0x0000000020000194 0x0000000000017e6c xrw
*default*        0x0000000000000000 0xffffffffffffffff

Linker script and memory map

LOAD /Users/nathanogates/Copy/Development/embedded/redux/gcc-arm/bin/../lib/gcc/arm-none-eabi/4.8.4/armv7e-m/softfp/crti.o
LOAD /Users/nathanogates/Copy/Development/embedded/redux/gcc-arm/bin/../lib/gcc/arm-none-eabi/4.8.4/armv7e-m/softfp/crtbegin.o
LOAD /Users/nathanogates/Copy/Development/embedded/redux/gcc-arm/bin/../lib/gcc/arm-none-eabi/4.8.4/../../../../arm-none-eabi/lib/armv7e-m/softfp/crt0.o
LOAD main.o
LOAD mbed/TARGET_NUCLEO_F401RE/TOOLCHAIN_GCC_ARM/stm32f4xx_hal_dma.o
LOAD mbed/TARGET_NUCLEO_F401RE/TOOLCHAIN_GCC_ARM/retarget.o
LOAD mbed/TARGET_NUCLEO_F401RE/TOOLCHAIN_GCC_ARM/stm32f4xx_hal_nor.o
LOAD mbed/TARGET_NUCLEO_F401RE/TOOLCHAIN_GCC_ARM/stm32f4xx_hal_usart.o
LOAD mbed/TARGET_NUCLEO_F401RE/TOOLCHAIN_GCC_ARM/stm32f4xx_hal_crc.o
LOAD mbed/TARGET_NUCLEO_F401RE/TOOLCHAIN_GCC_ARM/stm32f4xx_hal_pwr_ex.o
LOAD mbed/TARGET_NUCLEO_F401RE/TOOLCHAIN_GCC_ARM/stm32f4xx_hal_rcc_ex.o
LOAD mbed/TARGET_NUCLEO_F401RE/TOOLCHAIN_GCC_ARM/stm32f4xx_hal_flash_ex.o
LOAD mbed/TARGET_NUCLEO_F401RE/TOOLCHAIN_GCC_ARM/stm32f4xx_hal_i2c_ex.o
LOAD mbed/TARGET_NUCLEO_F401RE/TOOLCHAIN_GCC_ARM/stm32f4xx_hal_adc_ex.o
LOAD mbed/TARGET_NUCLEO_F401RE/TOOLCHAIN_GCC_ARM/startup_STM32F40x.o
LOAD mbed/TARGET_NUCLEO_F401RE/TOOLCHAIN_GCC_ARM/stm32f4xx_hal_i2s_ex.o
LOAD mbed/TARGET_NUCLEO_F401RE/TOOLCHAIN_GCC_ARM/stm32f4xx_hal_sd.o
LOAD mbed/TARGET_NUCLEO_F401RE/TOOLCHAIN_GCC_ARM/stm32f4xx_hal_cortex.o
LOAD mbed/TARGET_NUCLEO_F401RE/TOOLCHAIN_GCC_ARM/stm32f4xx_hal_irda.o
LOAD mbed/TARGET_NUCLEO_F401RE/TOOLCHAIN_GCC_ARM/stm32f4xx_hal_adc.o
LOAD mbed/TARGET_NUCLEO_F401RE/TOOLCHAIN_GCC_ARM/stm32f4xx_hal_can.o
LOAD mbed/TARGET_NUCLEO_F401RE/TOOLCHAIN_GCC_ARM/stm32f4xx_hal_rng.o
LOAD mbed/TARGET_NUCLEO_F401RE/TOOLCHAIN_GCC_ARM/stm32f4xx_hal_pcd_ex.o
LOAD mbed/TARGET_NUCLEO_F401RE/TOOLCHAIN_GCC_ARM/board.o
LOAD mbed/TARGET_NUCLEO_F401RE/TOOLCHAIN_GCC_ARM/stm32f4xx_hal_tim.o
LOAD mbed/TARGET_NUCLEO_F401RE/TOOLCHAIN_GCC_ARM/stm32f4xx_hal_i2s.o
LOAD mbed/TARGET_NUCLEO_F401RE/TOOLCHAIN_GCC_ARM/stm32f4xx_hal_iwdg.o
LOAD mbed/TARGET_NUCLEO_F401RE/TOOLCHAIN_GCC_ARM/stm32f4xx_hal_flash.o
LOAD mbed/TARGET_NUCLEO_F401RE/TOOLCHAIN_GCC_ARM/stm32f4xx_hal_cryp.o
LOAD mbed/TARGET_NUCLEO_F401RE/TOOLCHAIN_GCC_ARM/stm32f4xx_hal_cryp_ex.o
LOAD mbed/TARGET_NUCLEO_F401RE/TOOLCHAIN_GCC_ARM/cmsis_nvic.o
LOAD mbed/TARGET_NUCLEO_F401RE/TOOLCHAIN_GCC_ARM/stm32f4xx_ll_fsmc.o
LOAD mbed/TARGET_NUCLEO_F401RE/TOOLCHAIN_GCC_ARM/stm32f4xx_hal_wwdg.o
LOAD mbed/TARGET_NUCLEO_F401RE/TOOLCHAIN_GCC_ARM/stm32f4xx_hal_sai.o
LOAD mbed/TARGET_NUCLEO_F401RE/TOOLCHAIN_GCC_ARM/stm32f4xx_hal_dma_ex.o
LOAD mbed/TARGET_NUCLEO_F401RE/TOOLCHAIN_GCC_ARM/stm32f4xx_hal_smartcard.o
LOAD mbed/TARGET_NUCLEO_F401RE/TOOLCHAIN_GCC_ARM/stm32f4xx_hal_hash.o
LOAD mbed/TARGET_NUCLEO_F401RE/TOOLCHAIN_GCC_ARM/stm32f4xx_hal_rcc.o
LOAD mbed/TARGET_NUCLEO_F401RE/TOOLCHAIN_GCC_ARM/mbed_overrides.o
LOAD mbed/TARGET_NUCLEO_F401RE/TOOLCHAIN_GCC_ARM/stm32f4xx_hal_eth.o
LOAD mbed/TARGET_NUCLEO_F401RE/TOOLCHAIN_GCC_ARM/stm32f4xx_ll_sdmmc.o
LOAD mbed/TARGET_NUCLEO_F401RE/TOOLCHAIN_GCC_ARM/stm32f4xx_hal_dma2d.o
LOAD mbed/TARGET_NUCLEO_F401RE/TOOLCHAIN_GCC_ARM/stm32f4xx_hal_spi.o
LOAD mbed/TARGET_NUCLEO_F401RE/TOOLCHAIN_GCC_ARM/stm32f4xx_hal_gpio.o
LOAD mbed/TARGET_NUCLEO_F401RE/TOOLCHAIN_GCC_ARM/stm32f4xx_ll_fmc.o
LOAD mbed/TARGET_NUCLEO_F401RE/TOOLCHAIN_GCC_ARM/stm32f4xx_hal_nand.o
LOAD mbed/TARGET_NUCLEO_F401RE/TOOLCHAIN_GCC_ARM/stm32f4xx_hal_hash_ex.o
LOAD mbed/TARGET_NUCLEO_F401RE/TOOLCHAIN_GCC_ARM/stm32f4xx_hal.o
LOAD mbed/TARGET_NUCLEO_F401RE/TOOLCHAIN_GCC_ARM/stm32f4xx_hal_ltdc.o
LOAD mbed/TARGET_NUCLEO_F401RE/TOOLCHAIN_GCC_ARM/system_stm32f4xx.o
LOAD mbed/TARGET_NUCLEO_F401RE/TOOLCHAIN_GCC_ARM/stm32f4xx_ll_usb.o
LOAD mbed/TARGET_NUCLEO_F401RE/TOOLCHAIN_GCC_ARM/stm32f4xx_hal_uart.o
LOAD mbed/TARGET_NUCLEO_F401RE/TOOLCHAIN_GCC_ARM/stm32f4xx_hal_dcmi.o
LOAD mbed/TARGET_NUCLEO_F401RE/TOOLCHAIN_GCC_ARM/stm32f4xx_hal_dac.o
LOAD mbed/TARGET_NUCLEO_F401RE/TOOLCHAIN_GCC_ARM/stm32f4xx_hal_dac_ex.o
LOAD mbed/TARGET_NUCLEO_F401RE/TOOLCHAIN_GCC_ARM/stm32f4xx_hal_sram.o
LOAD mbed/TARGET_NUCLEO_F401RE/TOOLCHAIN_GCC_ARM/stm32f4xx_hal_pcd.o
LOAD mbed/TARGET_NUCLEO_F401RE/TOOLCHAIN_GCC_ARM/stm32f4xx_hal_flash_ramfunc.o
LOAD mbed/TARGET_NUCLEO_F401RE/TOOLCHAIN_GCC_ARM/stm32f4xx_hal_pccard.o
LOAD mbed/TARGET_NUCLEO_F401RE/TOOLCHAIN_GCC_ARM/hal_tick.o
LOAD mbed/TARGET_NUCLEO_F401RE/TOOLCHAIN_GCC_ARM/stm32f4xx_hal_tim_ex.o
LOAD mbed/TARGET_NUCLEO_F401RE/TOOLCHAIN_GCC_ARM/stm32f4xx_hal_i2c.o
LOAD mbed/TARGET_NUCLEO_F401RE/TOOLCHAIN_GCC_ARM/stm32f4xx_hal_sdram.o
LOAD mbed/TARGET_NUCLEO_F401RE/TOOLCHAIN_GCC_ARM/stm32f4xx_hal_rtc_ex.o
LOAD mbed/TARGET_NUCLEO_F401RE/TOOLCHAIN_GCC_ARM/stm32f4xx_hal_hcd.o
LOAD mbed/TARGET_NUCLEO_F401RE/TOOLCHAIN_GCC_ARM/stm32f4xx_hal_pwr.o
LOAD mbed/TARGET_NUCLEO_F401RE/TOOLCHAIN_GCC_ARM/stm32f4xx_hal_rtc.o
LOAD ./mbed/TARGET_NUCLEO_F401RE/TOOLCHAIN_GCC_ARM/libmbed.a
LOAD /Users/nathanogates/Copy/Development/embedded/redux/gcc-arm/bin/../lib/gcc/arm-none-eabi/4.8.4/../../../../arm-none-eabi/lib/armv7e-m/softfp/libstdc++_s.a
LOAD /Users/nathanogates/Copy/Development/embedded/redux/gcc-arm/bin/../lib/gcc/arm-none-eabi/4.8.4/../../../../arm-none-eabi/lib/armv7e-m/softfp/libsupc++_s.a
LOAD /Users/nathanogates/Copy/Development/embedded/redux/gcc-arm/bin/../lib/gcc/arm-none-eabi/4.8.4/../../../../arm-none-eabi/lib/armv7e-m/softfp/libm.a
LOAD /Users/nathanogates/Copy/Development/embedded/redux/gcc-arm/bin/../lib/gcc/arm-none-eabi/4.8.4/../../../../arm-none-eabi/lib/armv7e-m/softfp/libc_s.a
LOAD /Users/nathanogates/Copy/Development/embedded/redux/gcc-arm/bin/../lib/gcc/arm-none-eabi/4.8.4/armv7e-m/softfp/libgcc.a
LOAD /Users/nathanogates/Copy/Development/embedded/redux/gcc-arm/bin/../lib/gcc/arm-none-eabi/4.8.4/../../../../arm-none-eabi/lib/armv7e-m/softfp/libnosys.a
LOAD ./mbed/TARGET_NUCLEO_F401RE/TOOLCHAIN_GCC_ARM/libmbed.a
LOAD /Users/nathanogates/Copy/Development/embedded/redux/gcc-arm/bin/../lib/gcc/arm-none-eabi/4.8.4/../../../../arm-none-eabi/lib/armv7e-m/softfp/libstdc++_s.a
LOAD /Users/nathanogates/Copy/Development/embedded/redux/gcc-arm/bin/../lib/gcc/arm-none-eabi/4.8.4/../../../../arm-none-eabi/lib/armv7e-m/softfp/libsupc++_s.a
LOAD /Users/nathanogates/Copy/Development/embedded/redux/gcc-arm/bin/../lib/gcc/arm-none-eabi/4.8.4/../../../../arm-none-eabi/lib/armv7e-m/softfp/libm.a
LOAD /Users/nathanogates/Copy/Development/embedded/redux/gcc-arm/bin/../lib/gcc/arm-none-eabi/4.8.4/../../../../arm-none-eabi/lib/armv7e-m/softfp/libc_s.a
LOAD /Users/nathanogates/Copy/Development/embedded/redux/gcc-arm/bin/../lib/gcc/arm-none-eabi/4.8.4/armv7e-m/softfp/libgcc.a
LOAD /Users/nathanogates/Copy/Development/embedded/redux/gcc-arm/bin/../lib/gcc/arm-none-eabi/4.8.4/../../../../arm-none-eabi/lib/armv7e-m/softfp/libnosys.a
START GROUP
LOAD /Users/nathanogates/Copy/Development/embedded/redux/gcc-arm/bin/../lib/gcc/arm-none-eabi/4.8.4/armv7e-m/softfp/libgcc.a
LOAD /Users/nathanogates/Copy/Development/embedded/redux/gcc-arm/bin/../lib/gcc/arm-none-eabi/4.8.4/../../../../arm-none-eabi/lib/armv7e-m/softfp/libc_s.a
END GROUP
START GROUP
LOAD /Users/nathanogates/Copy/Development/embedded/redux/gcc-arm/bin/../lib/gcc/arm-none-eabi/4.8.4/armv7e-m/softfp/libgcc.a
LOAD /Users/nathanogates/Copy/Development/embedded/redux/gcc-arm/bin/../lib/gcc/arm-none-eabi/4.8.4/../../../../arm-none-eabi/lib/armv7e-m/softfp/libc_s.a
END GROUP
LOAD /Users/nathanogates/Copy/Development/embedded/redux/gcc-arm/bin/../lib/gcc/arm-none-eabi/4.8.4/armv7e-m/softfp/crtend.o
LOAD /Users/nathanogates/Copy/Development/embedded/redux/gcc-arm/bin/../lib/gcc/arm-none-eabi/4.8.4/armv7e-m/softfp/crtn.o

.text           0x0000000008000000     0x8944
 *(.isr_vector)
 .isr_vector    0x0000000008000000      0x18c mbed/TARGET_NUCLEO_F401RE/TOOLCHAIN_GCC_ARM/startup_STM32F40x.o
                0x0000000008000000                __isr_vector
 *(.text*)
 .text          0x000000000800018c       0x54 /Users/nathanogates/Copy/Development/embedded/redux/gcc-arm/bin/../lib/gcc/arm-none-eabi/4.8.4/armv7e-m/softfp/crtbegin.o
 .text          0x00000000080001e0       0x74 /Users/nathanogates/Copy/Development/embedded/redux/gcc-arm/bin/../lib/gcc/arm-none-eabi/4.8.4/../../../../arm-none-eabi/lib/armv7e-m/softfp/crt0.o
                0x00000000080001e0                _mainCRTStartup
                0x00000000080001e0                _start
 .text._ZN4mbed10SerialBaseD2Ev
                0x0000000008000254        0xc main.o
                0x0000000008000254                mbed::SerialBase::~SerialBase()
                0x0000000008000254                mbed::SerialBase::~SerialBase()
 .text._ZN4mbed10SerialBaseD0Ev
                0x0000000008000260       0x14 main.o
                0x0000000008000260                mbed::SerialBase::~SerialBase()
 .text._ZN4mbed6SerialD2Ev
                0x0000000008000274       0x28 main.o
                0x0000000008000274                mbed::Serial::~Serial()
                0x0000000008000274                mbed::Serial::~Serial()
 .text._ZN4mbed6SerialD1Ev
                0x000000000800029c       0x10 main.o
                0x000000000800029c                non-virtual thunk to mbed::Serial::~Serial()
                0x00000000080002a4                non-virtual thunk to mbed::Serial::~Serial()
 .text._ZN4mbed6SerialD0Ev
                0x00000000080002ac       0x1e main.o
                0x00000000080002ac                mbed::Serial::~Serial()
                0x00000000080002be                non-virtual thunk to mbed::Serial::~Serial()
                0x00000000080002c4                non-virtual thunk to mbed::Serial::~Serial()
 *fill*         0x00000000080002ca        0x2 
 .text._Z7initMcov
                0x00000000080002cc       0x38 main.o
                0x00000000080002cc                initMco()
 .text.startup.main
                0x0000000008000304       0x20 main.o
                0x0000000008000304                main
 .text.startup._GLOBAL__sub_I_i2c
                0x0000000008000324       0x38 main.o
 .text._ZN4mbed10FileHandle4flenEv
                0x000000000800035c       0x38 mbed/TARGET_NUCLEO_F401RE/TOOLCHAIN_GCC_ARM/retarget.o
                0x000000000800035c                mbed::FileHandle::flen()
 .text._ZN4mbed10FileHandleD2Ev
                0x0000000008000394       0x40 mbed/TARGET_NUCLEO_F401RE/TOOLCHAIN_GCC_ARM/retarget.o
                0x0000000008000394                mbed::FileHandle::~FileHandle()
                0x0000000008000394                mbed::FileHandle::~FileHandle()
 .text._ZN4mbed10FileHandleD0Ev
                0x00000000080003d4       0x48 mbed/TARGET_NUCLEO_F401RE/TOOLCHAIN_GCC_ARM/retarget.o
                0x00000000080003d4                mbed::FileHandle::~FileHandle()
 .text._ZL11init_serialv
                0x000000000800041c       0x1c mbed/TARGET_NUCLEO_F401RE/TOOLCHAIN_GCC_ARM/retarget.o
 .text._open    0x0000000008000438       0xe0 mbed/TARGET_NUCLEO_F401RE/TOOLCHAIN_GCC_ARM/retarget.o
                0x0000000008000438                _open
 .text._close   0x0000000008000518       0x2c mbed/TARGET_NUCLEO_F401RE/TOOLCHAIN_GCC_ARM/retarget.o
                0x0000000008000518                _close
 .text._write   0x0000000008000544       0x8c mbed/TARGET_NUCLEO_F401RE/TOOLCHAIN_GCC_ARM/retarget.o
                0x0000000008000544                _write
 .text._read    0x00000000080005d0       0x4c mbed/TARGET_NUCLEO_F401RE/TOOLCHAIN_GCC_ARM/retarget.o
                0x00000000080005d0                _read
 .text._isatty  0x000000000800061c       0x28 mbed/TARGET_NUCLEO_F401RE/TOOLCHAIN_GCC_ARM/retarget.o
                0x000000000800061c                _isatty
 .text._lseek   0x0000000008000644       0x28 mbed/TARGET_NUCLEO_F401RE/TOOLCHAIN_GCC_ARM/retarget.o
                0x0000000008000644                _lseek
 .text._fstat   0x000000000800066c       0x20 mbed/TARGET_NUCLEO_F401RE/TOOLCHAIN_GCC_ARM/retarget.o
                0x000000000800066c                _fstat
 .text.__cxa_pure_virtual
                0x000000000800068c        0x8 mbed/TARGET_NUCLEO_F401RE/TOOLCHAIN_GCC_ARM/retarget.o
                0x000000000800068c                __cxa_pure_virtual
 .text.mbed_main
                0x0000000008000694        0x4 mbed/TARGET_NUCLEO_F401RE/TOOLCHAIN_GCC_ARM/retarget.o
                0x0000000008000694                mbed_main
 .text.__wrap_main
                0x0000000008000698       0x14 mbed/TARGET_NUCLEO_F401RE/TOOLCHAIN_GCC_ARM/retarget.o
                0x0000000008000698                __wrap_main
 .text._sbrk    0x00000000080006ac       0x2c mbed/TARGET_NUCLEO_F401RE/TOOLCHAIN_GCC_ARM/retarget.o
                0x00000000080006ac                _sbrk
 .text          0x00000000080006d8       0x44 mbed/TARGET_NUCLEO_F401RE/TOOLCHAIN_GCC_ARM/startup_STM32F40x.o
                0x00000000080006d8                Reset_Handler
                0x0000000008000708                NMI_Handler
                0x000000000800070a                HardFault_Handler
                0x000000000800070c                MemManage_Handler
                0x000000000800070e                BusFault_Handler
                0x0000000008000710                UsageFault_Handler
                0x0000000008000712                SVC_Handler
                0x0000000008000714                DebugMon_Handler
                0x0000000008000716                PendSV_Handler
                0x0000000008000718                SysTick_Handler
                0x000000000800071a                TIM1_UP_TIM10_IRQHandler
                0x000000000800071a                I2C3_ER_IRQHandler
                0x000000000800071a                EXTI0_IRQHandler
                0x000000000800071a                I2C2_EV_IRQHandler
                0x000000000800071a                DMA1_Stream2_IRQHandler
                0x000000000800071a                FPU_IRQHandler
                0x000000000800071a                DMA2_Stream2_IRQHandler
                0x000000000800071a                SPI1_IRQHandler
                0x000000000800071a                TIM1_BRK_TIM9_IRQHandler
                0x000000000800071a                DMA2_Stream3_IRQHandler
                0x000000000800071a                USART6_IRQHandler
                0x000000000800071a                DMA2_Stream0_IRQHandler
                0x000000000800071a                TIM4_IRQHandler
                0x000000000800071a                I2C1_EV_IRQHandler
                0x000000000800071a                DMA1_Stream6_IRQHandler
                0x000000000800071a                DMA1_Stream1_IRQHandler
                0x000000000800071a                TIM3_IRQHandler
                0x000000000800071a                RCC_IRQHandler
                0x000000000800071a                Default_Handler
                0x000000000800071a                EXTI15_10_IRQHandler
                0x000000000800071a                ADC_IRQHandler
                0x000000000800071a                DMA1_Stream7_IRQHandler
                0x000000000800071a                TIM5_IRQHandler
                0x000000000800071a                DMA2_Stream7_IRQHandler
                0x000000000800071a                I2C3_EV_IRQHandler
                0x000000000800071a                EXTI9_5_IRQHandler
                0x000000000800071a                RTC_WKUP_IRQHandler
                0x000000000800071a                SPI2_IRQHandler
                0x000000000800071a                DMA1_Stream0_IRQHandler
                0x000000000800071a                EXTI4_IRQHandler
                0x000000000800071a                WWDG_IRQHandler
                0x000000000800071a                TIM2_IRQHandler
                0x000000000800071a                DEF_IRQHandler
                0x000000000800071a                OTG_FS_WKUP_IRQHandler
                0x000000000800071a                TIM1_TRG_COM_TIM11_IRQHandler
                0x000000000800071a                EXTI1_IRQHandler
                0x000000000800071a                USART2_IRQHandler
                0x000000000800071a                I2C2_ER_IRQHandler
                0x000000000800071a                DMA2_Stream1_IRQHandler
                0x000000000800071a                FLASH_IRQHandler
                0x000000000800071a                DMA2_Stream4_IRQHandler
                0x000000000800071a                USART1_IRQHandler
                0x000000000800071a                OTG_FS_IRQHandler
                0x000000000800071a                SPI3_IRQHandler
                0x000000000800071a                DMA1_Stream4_IRQHandler
                0x000000000800071a                I2C1_ER_IRQHandler
                0x000000000800071a                DMA2_Stream6_IRQHandler
                0x000000000800071a                RTC_Alarm_IRQHandler
                0x000000000800071a                DMA1_Stream3_IRQHandler
                0x000000000800071a                EXTI2_IRQHandler
                0x000000000800071a                SPI4_IRQHandler
                0x000000000800071a                TIM1_CC_IRQHandler
                0x000000000800071a                DMA2_Stream5_IRQHandler
                0x000000000800071a                DMA1_Stream5_IRQHandler
                0x000000000800071a                PVD_IRQHandler
                0x000000000800071a                SDIO_IRQHandler
                0x000000000800071a                TAMP_STAMP_IRQHandler
                0x000000000800071a                EXTI3_IRQHandler
 .text.HAL_NVIC_SetPriorityGrouping
                0x000000000800071c       0x24 mbed/TARGET_NUCLEO_F401RE/TOOLCHAIN_GCC_ARM/stm32f4xx_hal_cortex.o
                0x000000000800071c                HAL_NVIC_SetPriorityGrouping
 .text.mbed_die
                0x0000000008000740       0x14 mbed/TARGET_NUCLEO_F401RE/TOOLCHAIN_GCC_ARM/board.o
                0x0000000008000740                mbed_die
 .text.HAL_TIM_OC_MspInit
                0x0000000008000754        0x4 mbed/TARGET_NUCLEO_F401RE/TOOLCHAIN_GCC_ARM/stm32f4xx_hal_tim.o
                0x0000000008000754                HAL_TIM_OC_MspInit
 .text.HAL_TIM_OC_Start
                0x0000000008000758       0x38 mbed/TARGET_NUCLEO_F401RE/TOOLCHAIN_GCC_ARM/stm32f4xx_hal_tim.o
                0x0000000008000758                HAL_TIM_OC_Start
 .text.TIM_Base_SetConfig
                0x0000000008000790       0xac mbed/TARGET_NUCLEO_F401RE/TOOLCHAIN_GCC_ARM/stm32f4xx_hal_tim.o
                0x0000000008000790                TIM_Base_SetConfig
 .text.HAL_TIM_OC_Init
                0x000000000800083c       0x30 mbed/TARGET_NUCLEO_F401RE/TOOLCHAIN_GCC_ARM/stm32f4xx_hal_tim.o
                0x000000000800083c                HAL_TIM_OC_Init
 .text.NVIC_SetVector
                0x000000000800086c       0x54 mbed/TARGET_NUCLEO_F401RE/TOOLCHAIN_GCC_ARM/cmsis_nvic.o
                0x000000000800086c                NVIC_SetVector
 .text.HAL_RCC_OscConfig
                0x00000000080008c0      0x3e4 mbed/TARGET_NUCLEO_F401RE/TOOLCHAIN_GCC_ARM/stm32f4xx_hal_rcc.o
                0x00000000080008c0                HAL_RCC_OscConfig
 .text.HAL_RCC_ClockConfig
                0x0000000008000ca4      0x1e8 mbed/TARGET_NUCLEO_F401RE/TOOLCHAIN_GCC_ARM/stm32f4xx_hal_rcc.o
                0x0000000008000ca4                HAL_RCC_ClockConfig
 .text.HAL_RCC_MCOConfig
                0x0000000008000e8c       0x84 mbed/TARGET_NUCLEO_F401RE/TOOLCHAIN_GCC_ARM/stm32f4xx_hal_rcc.o
                0x0000000008000e8c                HAL_RCC_MCOConfig
 .text.HAL_RCC_GetSysClockFreq
                0x0000000008000f10       0xbc mbed/TARGET_NUCLEO_F401RE/TOOLCHAIN_GCC_ARM/stm32f4xx_hal_rcc.o
                0x0000000008000f10                HAL_RCC_GetSysClockFreq
 .text.HAL_RCC_GetHCLKFreq
                0x0000000008000fcc       0x40 mbed/TARGET_NUCLEO_F401RE/TOOLCHAIN_GCC_ARM/stm32f4xx_hal_rcc.o
                0x0000000008000fcc                HAL_RCC_GetHCLKFreq
 .text.HAL_RCC_GetPCLK1Freq
                0x000000000800100c       0x38 mbed/TARGET_NUCLEO_F401RE/TOOLCHAIN_GCC_ARM/stm32f4xx_hal_rcc.o
                0x000000000800100c                HAL_RCC_GetPCLK1Freq
 .text.HAL_RCC_GetPCLK2Freq
                0x0000000008001044       0x38 mbed/TARGET_NUCLEO_F401RE/TOOLCHAIN_GCC_ARM/stm32f4xx_hal_rcc.o
                0x0000000008001044                HAL_RCC_GetPCLK2Freq
 .text.mbed_sdk_init
                0x000000000800107c       0x10 mbed/TARGET_NUCLEO_F401RE/TOOLCHAIN_GCC_ARM/mbed_overrides.o
                0x000000000800107c                mbed_sdk_init
 .text.HAL_GPIO_Init
                0x000000000800108c      0x2b0 mbed/TARGET_NUCLEO_F401RE/TOOLCHAIN_GCC_ARM/stm32f4xx_hal_gpio.o
                0x000000000800108c                HAL_GPIO_Init
 .text.HAL_MspInit
                0x000000000800133c        0x4 mbed/TARGET_NUCLEO_F401RE/TOOLCHAIN_GCC_ARM/stm32f4xx_hal.o
                0x000000000800133c                HAL_MspInit
 .text.HAL_Init
                0x0000000008001340       0x38 mbed/TARGET_NUCLEO_F401RE/TOOLCHAIN_GCC_ARM/stm32f4xx_hal.o
                0x0000000008001340                HAL_Init
 .text.HAL_IncTick
                0x0000000008001378       0x10 mbed/TARGET_NUCLEO_F401RE/TOOLCHAIN_GCC_ARM/stm32f4xx_hal.o
                0x0000000008001378                HAL_IncTick
 .text.HAL_GetTick
                0x0000000008001388        0xc mbed/TARGET_NUCLEO_F401RE/TOOLCHAIN_GCC_ARM/stm32f4xx_hal.o
                0x0000000008001388                HAL_GetTick
 .text.SystemCoreClockUpdate
                0x0000000008001394       0x94 mbed/TARGET_NUCLEO_F401RE/TOOLCHAIN_GCC_ARM/system_stm32f4xx.o
                0x0000000008001394                SystemCoreClockUpdate
 .text.SetSysClock_PLL_HSE
                0x0000000008001428       0x84 mbed/TARGET_NUCLEO_F401RE/TOOLCHAIN_GCC_ARM/system_stm32f4xx.o
                0x0000000008001428                SetSysClock_PLL_HSE
 .text.SetSysClock_PLL_HSI
                0x00000000080014ac       0x80 mbed/TARGET_NUCLEO_F401RE/TOOLCHAIN_GCC_ARM/system_stm32f4xx.o
                0x00000000080014ac                SetSysClock_PLL_HSI
 .text.SetSysClock
                0x000000000800152c       0x20 mbed/TARGET_NUCLEO_F401RE/TOOLCHAIN_GCC_ARM/system_stm32f4xx.o
                0x000000000800152c                SetSysClock
 .text.SystemInit
                0x000000000800154c       0x7c mbed/TARGET_NUCLEO_F401RE/TOOLCHAIN_GCC_ARM/system_stm32f4xx.o
                0x000000000800154c                SystemInit
 .text.UART_SetConfig
                0x00000000080015c8      0x220 mbed/TARGET_NUCLEO_F401RE/TOOLCHAIN_GCC_ARM/stm32f4xx_hal_uart.o
 .text.HAL_UART_MspInit
                0x00000000080017e8        0x4 mbed/TARGET_NUCLEO_F401RE/TOOLCHAIN_GCC_ARM/stm32f4xx_hal_uart.o
                0x00000000080017e8                HAL_UART_MspInit
 .text.HAL_UART_Init
                0x00000000080017ec       0x58 mbed/TARGET_NUCLEO_F401RE/TOOLCHAIN_GCC_ARM/stm32f4xx_hal_uart.o
                0x00000000080017ec                HAL_UART_Init
 .text.timer_irq_handler
                0x0000000008001844       0x50 mbed/TARGET_NUCLEO_F401RE/TOOLCHAIN_GCC_ARM/hal_tick.o
                0x0000000008001844                timer_irq_handler
 .text.HAL_InitTick
                0x0000000008001894       0xb4 mbed/TARGET_NUCLEO_F401RE/TOOLCHAIN_GCC_ARM/hal_tick.o
                0x0000000008001894                HAL_InitTick
 .text.HAL_I2C_MspInit
                0x0000000008001948        0x4 mbed/TARGET_NUCLEO_F401RE/TOOLCHAIN_GCC_ARM/stm32f4xx_hal_i2c.o
                0x0000000008001948                HAL_I2C_MspInit
 .text.HAL_I2C_Init
                0x000000000800194c       0xe4 mbed/TARGET_NUCLEO_F401RE/TOOLCHAIN_GCC_ARM/stm32f4xx_hal_i2c.o
                0x000000000800194c                HAL_I2C_Init
 .text.init_uart
                0x0000000008001a30       0x48 ./mbed/TARGET_NUCLEO_F401RE/TOOLCHAIN_GCC_ARM/libmbed.a(serial_api.o)
 .text.serial_init
                0x0000000008001a78      0x118 ./mbed/TARGET_NUCLEO_F401RE/TOOLCHAIN_GCC_ARM/libmbed.a(serial_api.o)
                0x0000000008001a78                serial_init
 .text.serial_irq_handler
                0x0000000008001b90       0x20 ./mbed/TARGET_NUCLEO_F401RE/TOOLCHAIN_GCC_ARM/libmbed.a(serial_api.o)
                0x0000000008001b90                serial_irq_handler
 .text.serial_getc
                0x0000000008001bb0       0x18 ./mbed/TARGET_NUCLEO_F401RE/TOOLCHAIN_GCC_ARM/libmbed.a(serial_api.o)
                0x0000000008001bb0                serial_getc
 .text.serial_putc
                0x0000000008001bc8       0x18 ./mbed/TARGET_NUCLEO_F401RE/TOOLCHAIN_GCC_ARM/libmbed.a(serial_api.o)
                0x0000000008001bc8                serial_putc
 .text._ZN4mbed3I2CC2E7PinNameS1_
                0x0000000008001be0       0x28 ./mbed/TARGET_NUCLEO_F401RE/TOOLCHAIN_GCC_ARM/libmbed.a(I2C.o)
                0x0000000008001be0                mbed::I2C::I2C(PinName, PinName)
                0x0000000008001be0                mbed::I2C::I2C(PinName, PinName)
 .text._ZN4mbed8FilePathC2EPKc
                0x0000000008001c08       0x54 ./mbed/TARGET_NUCLEO_F401RE/TOOLCHAIN_GCC_ARM/libmbed.a(FilePath.o)
                0x0000000008001c08                mbed::FilePath::FilePath(char const*)
                0x0000000008001c08                mbed::FilePath::FilePath(char const*)
 .text._ZN4mbed8FilePath8fileNameEv
                0x0000000008001c5c        0x4 ./mbed/TARGET_NUCLEO_F401RE/TOOLCHAIN_GCC_ARM/libmbed.a(FilePath.o)
                0x0000000008001c5c                mbed::FilePath::fileName()
 .text._ZN4mbed8FilePath12isFileSystemEv
                0x0000000008001c60       0x14 ./mbed/TARGET_NUCLEO_F401RE/TOOLCHAIN_GCC_ARM/libmbed.a(FilePath.o)
                0x0000000008001c60                mbed::FilePath::isFileSystem()
 .text._ZN4mbed8FilePath10fileSystemEv
                0x0000000008001c74       0x10 ./mbed/TARGET_NUCLEO_F401RE/TOOLCHAIN_GCC_ARM/libmbed.a(FilePath.o)
                0x0000000008001c74                mbed::FilePath::fileSystem()
 .text._ZN4mbed8FilePath6isFileEv
                0x0000000008001c84       0x14 ./mbed/TARGET_NUCLEO_F401RE/TOOLCHAIN_GCC_ARM/libmbed.a(FilePath.o)
                0x0000000008001c84                mbed::FilePath::isFile()
 .text._ZN4mbed8FilePath4fileEv
                0x0000000008001c98       0x14 ./mbed/TARGET_NUCLEO_F401RE/TOOLCHAIN_GCC_ARM/libmbed.a(FilePath.o)
                0x0000000008001c98                mbed::FilePath::file()
 .text._ZN4mbed8FilePath6existsEv
                0x0000000008001cac        0xc ./mbed/TARGET_NUCLEO_F401RE/TOOLCHAIN_GCC_ARM/libmbed.a(FilePath.o)
                0x0000000008001cac                mbed::FilePath::exists()
 .text._ZN4mbed6Serial5_putcEi
                0x0000000008001cb8        0x4 ./mbed/TARGET_NUCLEO_F401RE/TOOLCHAIN_GCC_ARM/libmbed.a(Serial.o)
                0x0000000008001cb8                mbed::Serial::_putc(int)
 .text._ZThn92_N4mbed6Serial5_putcEi
                0x0000000008001cbc        0x8 ./mbed/TARGET_NUCLEO_F401RE/TOOLCHAIN_GCC_ARM/libmbed.a(Serial.o)
                0x0000000008001cbc                non-virtual thunk to mbed::Serial::_putc(int)
 .text._ZN4mbed6Serial5_getcEv
                0x0000000008001cc4        0x4 ./mbed/TARGET_NUCLEO_F401RE/TOOLCHAIN_GCC_ARM/libmbed.a(Serial.o)
                0x0000000008001cc4                mbed::Serial::_getc()
 .text._ZThn92_N4mbed6Serial5_getcEv
                0x0000000008001cc8        0x8 ./mbed/TARGET_NUCLEO_F401RE/TOOLCHAIN_GCC_ARM/libmbed.a(Serial.o)
                0x0000000008001cc8                non-virtual thunk to mbed::Serial::_getc()
 .text._ZN4mbed6SerialC2E7PinNameS1_PKc
                0x0000000008001cd0       0x30 ./mbed/TARGET_NUCLEO_F401RE/TOOLCHAIN_GCC_ARM/libmbed.a(Serial.o)
                0x0000000008001cd0                mbed::Serial::Serial(PinName, PinName, char const*)
                0x0000000008001cd0                mbed::Serial::Serial(PinName, PinName, char const*)
 .text._ZN4mbed6Stream5closeEv
                0x0000000008001d00        0x4 ./mbed/TARGET_NUCLEO_F401RE/TOOLCHAIN_GCC_ARM/libmbed.a(Stream.o)
                0x0000000008001d00                mbed::Stream::close()
 .text._ZN4mbed6Stream5writeEPKvj
                0x0000000008001d04       0x78 ./mbed/TARGET_NUCLEO_F401RE/TOOLCHAIN_GCC_ARM/libmbed.a(Stream.o)
                0x0000000008001d04                mbed::Stream::write(void const*, unsigned int)
 .text._ZN4mbed6Stream4readEPvj
                0x0000000008001d7c       0x78 ./mbed/TARGET_NUCLEO_F401RE/TOOLCHAIN_GCC_ARM/libmbed.a(Stream.o)
                0x0000000008001d7c                mbed::Stream::read(void*, unsigned int)
 .text._ZN4mbed6Stream5lseekEli
                0x0000000008001df4        0x4 ./mbed/TARGET_NUCLEO_F401RE/TOOLCHAIN_GCC_ARM/libmbed.a(Stream.o)
                0x0000000008001df4                mbed::Stream::lseek(long, int)
 .text._ZN4mbed6Stream6isattyEv
                0x0000000008001df8        0x4 ./mbed/TARGET_NUCLEO_F401RE/TOOLCHAIN_GCC_ARM/libmbed.a(Stream.o)
                0x0000000008001df8                mbed::Stream::isatty()
 .text._ZN4mbed6Stream5fsyncEv
                0x0000000008001dfc        0x4 ./mbed/TARGET_NUCLEO_F401RE/TOOLCHAIN_GCC_ARM/libmbed.a(Stream.o)
                0x0000000008001dfc                mbed::Stream::fsync()
 .text._ZN4mbed6Stream4flenEv
                0x0000000008001e00        0x4 ./mbed/TARGET_NUCLEO_F401RE/TOOLCHAIN_GCC_ARM/libmbed.a(Stream.o)
                0x0000000008001e00                mbed::Stream::flen()
 .text._ZN4mbed6StreamD2Ev
                0x0000000008001e04       0x28 ./mbed/TARGET_NUCLEO_F401RE/TOOLCHAIN_GCC_ARM/libmbed.a(Stream.o)
                0x0000000008001e04                mbed::Stream::~Stream()
                0x0000000008001e04                mbed::Stream::~Stream()
 .text._ZThn4_N4mbed6StreamD1Ev
                0x0000000008001e2c        0x8 ./mbed/TARGET_NUCLEO_F401RE/TOOLCHAIN_GCC_ARM/libmbed.a(Stream.o)
                0x0000000008001e2c                non-virtual thunk to mbed::Stream::~Stream()
 .text._ZN4mbed6StreamD0Ev
                0x0000000008001e34       0x14 ./mbed/TARGET_NUCLEO_F401RE/TOOLCHAIN_GCC_ARM/libmbed.a(Stream.o)
                0x0000000008001e34                mbed::Stream::~Stream()
 .text._ZThn4_N4mbed6StreamD0Ev
                0x0000000008001e48        0x8 ./mbed/TARGET_NUCLEO_F401RE/TOOLCHAIN_GCC_ARM/libmbed.a(Stream.o)
                0x0000000008001e48                non-virtual thunk to mbed::Stream::~Stream()
 .text._ZN4mbed6StreamC2EPKc
                0x0000000008001e50       0x4c ./mbed/TARGET_NUCLEO_F401RE/TOOLCHAIN_GCC_ARM/libmbed.a(Stream.o)
                0x0000000008001e50                mbed::Stream::Stream(char const*)
                0x0000000008001e50                mbed::Stream::Stream(char const*)
 .text._ZN4mbed6Stream6printfEPKcz
                0x0000000008001e9c       0x2c ./mbed/TARGET_NUCLEO_F401RE/TOOLCHAIN_GCC_ARM/libmbed.a(Stream.o)
                0x0000000008001e9c                mbed::Stream::printf(char const*, ...)
 .text._ZN4mbed10SerialBase12_irq_handlerEm9SerialIrq
                0x0000000008001ec8       0x10 ./mbed/TARGET_NUCLEO_F401RE/TOOLCHAIN_GCC_ARM/libmbed.a(SerialBase.o)
                0x0000000008001ec8                mbed::SerialBase::_irq_handler(unsigned long, SerialIrq)
 .text._ZN4mbed10SerialBaseC2E7PinNameS1_
                0x0000000008001ed8       0x5c ./mbed/TARGET_NUCLEO_F401RE/TOOLCHAIN_GCC_ARM/libmbed.a(SerialBase.o)
                0x0000000008001ed8                mbed::SerialBase::SerialBase(PinName, PinName)
                0x0000000008001ed8                mbed::SerialBase::SerialBase(PinName, PinName)
 .text._ZN4mbed10SerialBase10_base_getcEv
                0x0000000008001f34        0x8 ./mbed/TARGET_NUCLEO_F401RE/TOOLCHAIN_GCC_ARM/libmbed.a(SerialBase.o)
                0x0000000008001f34                mbed::SerialBase::_base_getc()
 .text._ZN4mbed10SerialBase10_base_putcEi
                0x0000000008001f3c       0x10 ./mbed/TARGET_NUCLEO_F401RE/TOOLCHAIN_GCC_ARM/libmbed.a(SerialBase.o)
                0x0000000008001f3c                mbed::SerialBase::_base_putc(int)
 .text.error    0x0000000008001f4c       0x24 ./mbed/TARGET_NUCLEO_F401RE/TOOLCHAIN_GCC_ARM/libmbed.a(error.o)
                0x0000000008001f4c                error
 .text.mbed_assert_internal
                0x0000000008001f70       0x30 ./mbed/TARGET_NUCLEO_F401RE/TOOLCHAIN_GCC_ARM/libmbed.a(assert.o)
                0x0000000008001f70                mbed_assert_internal
 .text.exit     0x0000000008001fa0       0x24 ./mbed/TARGET_NUCLEO_F401RE/TOOLCHAIN_GCC_ARM/libmbed.a(exit.o)
                0x0000000008001fa0                exit
 .text.pinmap_pinout
                0x0000000008001fc4       0x44 ./mbed/TARGET_NUCLEO_F401RE/TOOLCHAIN_GCC_ARM/libmbed.a(pinmap_common.o)
                0x0000000008001fc4                pinmap_pinout
 .text.pinmap_merge
                0x0000000008002008       0x24 ./mbed/TARGET_NUCLEO_F401RE/TOOLCHAIN_GCC_ARM/libmbed.a(pinmap_common.o)
                0x0000000008002008                pinmap_merge
 .text.pinmap_peripheral
                0x000000000800202c       0x34 ./mbed/TARGET_NUCLEO_F401RE/TOOLCHAIN_GCC_ARM/libmbed.a(pinmap_common.o)
                0x000000000800202c                pinmap_peripheral
 .text.wait_us  0x0000000008002060       0x18 ./mbed/TARGET_NUCLEO_F401RE/TOOLCHAIN_GCC_ARM/libmbed.a(wait_api.o)
                0x0000000008002060                wait_us
 .text.wait_ms  0x0000000008002078        0xc ./mbed/TARGET_NUCLEO_F401RE/TOOLCHAIN_GCC_ARM/libmbed.a(wait_api.o)
                0x0000000008002078                wait_ms
 .text.wait     0x0000000008002084       0x1c ./mbed/TARGET_NUCLEO_F401RE/TOOLCHAIN_GCC_ARM/libmbed.a(wait_api.o)
                0x0000000008002084                wait
 .text.us_ticker_irq_handler
                0x00000000080020a0       0x4c ./mbed/TARGET_NUCLEO_F401RE/TOOLCHAIN_GCC_ARM/libmbed.a(us_ticker_api.o)
                0x00000000080020a0                us_ticker_irq_handler
 .text.Set_GPIO_Clock
                0x00000000080020ec       0xa0 ./mbed/TARGET_NUCLEO_F401RE/TOOLCHAIN_GCC_ARM/libmbed.a(pinmap.o)
                0x00000000080020ec                Set_GPIO_Clock
 .text.pin_function
                0x000000000800218c       0x60 ./mbed/TARGET_NUCLEO_F401RE/TOOLCHAIN_GCC_ARM/libmbed.a(pinmap.o)
                0x000000000800218c                pin_function
 .text.pin_mode
                0x00000000080021ec       0x50 ./mbed/TARGET_NUCLEO_F401RE/TOOLCHAIN_GCC_ARM/libmbed.a(pinmap.o)
                0x00000000080021ec                pin_mode
 .text.i2c_frequency
                0x000000000800223c       0x80 ./mbed/TARGET_NUCLEO_F401RE/TOOLCHAIN_GCC_ARM/libmbed.a(i2c_api.o)
                0x000000000800223c                i2c_frequency
 .text.i2c_reset
                0x00000000080022bc       0x98 ./mbed/TARGET_NUCLEO_F401RE/TOOLCHAIN_GCC_ARM/libmbed.a(i2c_api.o)
                0x00000000080022bc                i2c_reset
 .text.i2c_init
                0x0000000008002354      0x150 ./mbed/TARGET_NUCLEO_F401RE/TOOLCHAIN_GCC_ARM/libmbed.a(i2c_api.o)
                0x0000000008002354                i2c_init
 .text.us_ticker_init
                0x00000000080024a4       0x24 ./mbed/TARGET_NUCLEO_F401RE/TOOLCHAIN_GCC_ARM/libmbed.a(us_ticker.o)
                0x00000000080024a4                us_ticker_init
 .text.us_ticker_read
                0x00000000080024c8       0x1c ./mbed/TARGET_NUCLEO_F401RE/TOOLCHAIN_GCC_ARM/libmbed.a(us_ticker.o)
                0x00000000080024c8                us_ticker_read
 .text.us_ticker_set_interrupt
                0x00000000080024e4       0x18 ./mbed/TARGET_NUCLEO_F401RE/TOOLCHAIN_GCC_ARM/libmbed.a(us_ticker.o)
                0x00000000080024e4                us_ticker_set_interrupt
 .text.us_ticker_disable_interrupt
                0x00000000080024fc       0x14 ./mbed/TARGET_NUCLEO_F401RE/TOOLCHAIN_GCC_ARM/libmbed.a(us_ticker.o)
                0x00000000080024fc                us_ticker_disable_interrupt
 .text.us_ticker_clear_interrupt
                0x0000000008002510       0x14 ./mbed/TARGET_NUCLEO_F401RE/TOOLCHAIN_GCC_ARM/libmbed.a(us_ticker.o)
                0x0000000008002510                us_ticker_clear_interrupt
 .text._ZN4mbed8FileLikeD2Ev
                0x0000000008002524       0x28 ./mbed/TARGET_NUCLEO_F401RE/TOOLCHAIN_GCC_ARM/libmbed.a(FileLike.o)
                0x0000000008002524                mbed::FileLike::~FileLike()
                0x0000000008002524                mbed::FileLike::~FileLike()
 .text._ZThn4_N4mbed8FileLikeD1Ev
                0x000000000800254c        0x8 ./mbed/TARGET_NUCLEO_F401RE/TOOLCHAIN_GCC_ARM/libmbed.a(FileLike.o)
                0x000000000800254c                non-virtual thunk to mbed::FileLike::~FileLike()
 .text._ZN4mbed8FileLikeD0Ev
                0x0000000008002554       0x14 ./mbed/TARGET_NUCLEO_F401RE/TOOLCHAIN_GCC_ARM/libmbed.a(FileLike.o)
                0x0000000008002554                mbed::FileLike::~FileLike()
 .text._ZThn4_N4mbed8FileLikeD0Ev
                0x0000000008002568        0x8 ./mbed/TARGET_NUCLEO_F401RE/TOOLCHAIN_GCC_ARM/libmbed.a(FileLike.o)
                0x0000000008002568                non-virtual thunk to mbed::FileLike::~FileLike()
 .text._ZN4mbed8FileLikeC2EPKc
                0x0000000008002570       0x2c ./mbed/TARGET_NUCLEO_F401RE/TOOLCHAIN_GCC_ARM/libmbed.a(FileLike.o)
                0x0000000008002570                mbed::FileLike::FileLike(char const*)
                0x0000000008002570                mbed::FileLike::FileLike(char const*)
 .text._ZN4mbed8FileBaseD2Ev
                0x000000000800259c       0x30 ./mbed/TARGET_NUCLEO_F401RE/TOOLCHAIN_GCC_ARM/libmbed.a(FileBase.o)
                0x000000000800259c                mbed::FileBase::~FileBase()
                0x000000000800259c                mbed::FileBase::~FileBase()
 .text._ZN4mbed8FileBaseD0Ev
                0x00000000080025cc       0x3c ./mbed/TARGET_NUCLEO_F401RE/TOOLCHAIN_GCC_ARM/libmbed.a(FileBase.o)
                0x00000000080025cc                mbed::FileBase::~FileBase()
 .text._ZN4mbed8FileBaseC2EPKcNS_8PathTypeE
                0x0000000008002608       0x20 ./mbed/TARGET_NUCLEO_F401RE/TOOLCHAIN_GCC_ARM/libmbed.a(FileBase.o)
                0x0000000008002608                mbed::FileBase::FileBase(char const*, mbed::PathType)
                0x0000000008002608                mbed::FileBase::FileBase(char const*, mbed::PathType)
 .text._ZN4mbed8FileBase6lookupEPKcj
                0x0000000008002628       0x40 ./mbed/TARGET_NUCLEO_F401RE/TOOLCHAIN_GCC_ARM/libmbed.a(FileBase.o)
                0x0000000008002628                mbed::FileBase::lookup(char const*, unsigned int)
 .text._ZN4mbed8FileBase11getPathTypeEv
                0x0000000008002668        0x4 ./mbed/TARGET_NUCLEO_F401RE/TOOLCHAIN_GCC_ARM/libmbed.a(FileBase.o)
                0x0000000008002668                mbed::FileBase::getPathType()
 .text._ZN4mbed15FunctionPointerC2EPFvvE
                0x000000000800266c        0xc ./mbed/TARGET_NUCLEO_F401RE/TOOLCHAIN_GCC_ARM/libmbed.a(FunctionPointer.o)
                0x000000000800266c                mbed::FunctionPointer::FunctionPointer(void (*)())
                0x000000000800266c                mbed::FunctionPointer::FunctionPointer(void (*)())
 .text._ZN4mbed15FunctionPointer4callEv
                0x0000000008002678       0x18 ./mbed/TARGET_NUCLEO_F401RE/TOOLCHAIN_GCC_ARM/libmbed.a(FunctionPointer.o)
                0x0000000008002678                mbed::FunctionPointer::call()
 .text.__aeabi_atexit
                0x0000000008002690        0xa /Users/nathanogates/Copy/Development/embedded/redux/gcc-arm/bin/../lib/gcc/arm-none-eabi/4.8.4/../../../../arm-none-eabi/lib/armv7e-m/softfp/libstdc++_s.a(atexit_arm.o)
                0x0000000008002690                __aeabi_atexit
 .text._ZdlPv   0x000000000800269a        0x8 /Users/nathanogates/Copy/Development/embedded/redux/gcc-arm/bin/../lib/gcc/arm-none-eabi/4.8.4/../../../../arm-none-eabi/lib/armv7e-m/softfp/libstdc++_s.a(del_op.o)
                0x000000000800269a                operator delete(void*)
 *fill*         0x00000000080026a2        0x2 
 .text.__cxa_atexit
                0x00000000080026a4       0x20 /Users/nathanogates/Copy/Development/embedded/redux/gcc-arm/bin/../lib/gcc/arm-none-eabi/4.8.4/../../../../arm-none-eabi/lib/armv7e-m/softfp/libc_s.a(lib_a-cxa_atexit.o)
                0x00000000080026a4                __cxa_atexit
 .text.__errno  0x00000000080026c4        0xc /Users/nathanogates/Copy/Development/embedded/redux/gcc-arm/bin/../lib/gcc/arm-none-eabi/4.8.4/../../../../arm-none-eabi/lib/armv7e-m/softfp/libc_s.a(lib_a-errno.o)
                0x00000000080026c4                __errno
 .text._fclose_r
                0x00000000080026d0       0xa4 /Users/nathanogates/Copy/Development/embedded/redux/gcc-arm/bin/../lib/gcc/arm-none-eabi/4.8.4/../../../../arm-none-eabi/lib/armv7e-m/softfp/libc_s.a(lib_a-fclose.o)
                0x00000000080026d0                _fclose_r
 .text.fclose   0x0000000008002774       0x10 /Users/nathanogates/Copy/Development/embedded/redux/gcc-arm/bin/../lib/gcc/arm-none-eabi/4.8.4/../../../../arm-none-eabi/lib/armv7e-m/softfp/libc_s.a(lib_a-fclose.o)
                0x0000000008002774                fclose
 .text.__sflush_r
                0x0000000008002784      0x106 /Users/nathanogates/Copy/Development/embedded/redux/gcc-arm/bin/../lib/gcc/arm-none-eabi/4.8.4/../../../../arm-none-eabi/lib/armv7e-m/softfp/libc_s.a(lib_a-fflush.o)
                0x0000000008002784                __sflush_r
 *fill*         0x000000000800288a        0x2 
 .text._fflush_r
                0x000000000800288c       0x54 /Users/nathanogates/Copy/Development/embedded/redux/gcc-arm/bin/../lib/gcc/arm-none-eabi/4.8.4/../../../../arm-none-eabi/lib/armv7e-m/softfp/libc_s.a(lib_a-fflush.o)
                0x000000000800288c                _fflush_r
 .text.fflush   0x00000000080028e0       0x24 /Users/nathanogates/Copy/Development/embedded/redux/gcc-arm/bin/../lib/gcc/arm-none-eabi/4.8.4/../../../../arm-none-eabi/lib/armv7e-m/softfp/libc_s.a(lib_a-fflush.o)
                0x00000000080028e0                fflush
 .text._cleanup_r
                0x0000000008002904       0x32 /Users/nathanogates/Copy/Development/embedded/redux/gcc-arm/bin/../lib/gcc/arm-none-eabi/4.8.4/../../../../arm-none-eabi/lib/armv7e-m/softfp/libc_s.a(lib_a-findfp.o)
                0x0000000008002904                _cleanup_r
 *fill*         0x0000000008002936        0x2 
 .text.std.isra.0
                0x0000000008002938       0x48 /Users/nathanogates/Copy/Development/embedded/redux/gcc-arm/bin/../lib/gcc/arm-none-eabi/4.8.4/../../../../arm-none-eabi/lib/armv7e-m/softfp/libc_s.a(lib_a-findfp.o)
 .text.__sfmoreglue
                0x0000000008002980       0x2c /Users/nathanogates/Copy/Development/embedded/redux/gcc-arm/bin/../lib/gcc/arm-none-eabi/4.8.4/../../../../arm-none-eabi/lib/armv7e-m/softfp/libc_s.a(lib_a-findfp.o)
                0x0000000008002980                __sfmoreglue
 .text.__sinit  0x00000000080029ac       0x60 /Users/nathanogates/Copy/Development/embedded/redux/gcc-arm/bin/../lib/gcc/arm-none-eabi/4.8.4/../../../../arm-none-eabi/lib/armv7e-m/softfp/libc_s.a(lib_a-findfp.o)
                0x00000000080029ac                __sinit
 .text.__sfp    0x0000000008002a0c       0x74 /Users/nathanogates/Copy/Development/embedded/redux/gcc-arm/bin/../lib/gcc/arm-none-eabi/4.8.4/../../../../arm-none-eabi/lib/armv7e-m/softfp/libc_s.a(lib_a-findfp.o)
                0x0000000008002a0c                __sfp
 .text.__sfp_lock_acquire
                0x0000000008002a80        0x2 /Users/nathanogates/Copy/Development/embedded/redux/gcc-arm/bin/../lib/gcc/arm-none-eabi/4.8.4/../../../../arm-none-eabi/lib/armv7e-m/softfp/libc_s.a(lib_a-findfp.o)
                0x0000000008002a80                __sfp_lock_acquire
 .text.__sfp_lock_release
                0x0000000008002a82        0x2 /Users/nathanogates/Copy/Development/embedded/redux/gcc-arm/bin/../lib/gcc/arm-none-eabi/4.8.4/../../../../arm-none-eabi/lib/armv7e-m/softfp/libc_s.a(lib_a-findfp.o)
                0x0000000008002a82                __sfp_lock_release
 .text._fopen_r
                0x0000000008002a84       0x80 /Users/nathanogates/Copy/Development/embedded/redux/gcc-arm/bin/../lib/gcc/arm-none-eabi/4.8.4/../../../../arm-none-eabi/lib/armv7e-m/softfp/libc_s.a(lib_a-fopen.o)
                0x0000000008002a84                _fopen_r
 .text.fopen    0x0000000008002b04       0x14 /Users/nathanogates/Copy/Development/embedded/redux/gcc-arm/bin/../lib/gcc/arm-none-eabi/4.8.4/../../../../arm-none-eabi/lib/armv7e-m/softfp/libc_s.a(lib_a-fopen.o)
                0x0000000008002b04                fopen
 .text.fprintf  0x0000000008002b18       0x24 /Users/nathanogates/Copy/Development/embedded/redux/gcc-arm/bin/../lib/gcc/arm-none-eabi/4.8.4/../../../../arm-none-eabi/lib/armv7e-m/softfp/libc_s.a(lib_a-fprintf.o)
                0x0000000008002b18                fprintf
                0x0000000008002b18                fiprintf
 .text._fseek_r
                0x0000000008002b3c        0x4 /Users/nathanogates/Copy/Development/embedded/redux/gcc-arm/bin/../lib/gcc/arm-none-eabi/4.8.4/../../../../arm-none-eabi/lib/armv7e-m/softfp/libc_s.a(lib_a-fseek.o)
                0x0000000008002b3c                _fseek_r
 .text._fseeko_r
                0x0000000008002b40      0x11c /Users/nathanogates/Copy/Development/embedded/redux/gcc-arm/bin/../lib/gcc/arm-none-eabi/4.8.4/../../../../arm-none-eabi/lib/armv7e-m/softfp/libc_s.a(lib_a-fseeko.o)
                0x0000000008002b40                _fseeko_r
 .text._fwalk_reent
                0x0000000008002c5c       0x3c /Users/nathanogates/Copy/Development/embedded/redux/gcc-arm/bin/../lib/gcc/arm-none-eabi/4.8.4/../../../../arm-none-eabi/lib/armv7e-m/softfp/libc_s.a(lib_a-fwalk.o)
                0x0000000008002c5c                _fwalk_reent
 .text.__libc_init_array
                0x0000000008002c98       0x4c /Users/nathanogates/Copy/Development/embedded/redux/gcc-arm/bin/../lib/gcc/arm-none-eabi/4.8.4/../../../../arm-none-eabi/lib/armv7e-m/softfp/libc_s.a(lib_a-init.o)
                0x0000000008002c98                __libc_init_array
 .text.__smakebuf_r
                0x0000000008002ce4       0x9c /Users/nathanogates/Copy/Development/embedded/redux/gcc-arm/bin/../lib/gcc/arm-none-eabi/4.8.4/../../../../arm-none-eabi/lib/armv7e-m/softfp/libc_s.a(lib_a-makebuf.o)
                0x0000000008002ce4                __smakebuf_r
 .text.malloc   0x0000000008002d80       0x10 /Users/nathanogates/Copy/Development/embedded/redux/gcc-arm/bin/../lib/gcc/arm-none-eabi/4.8.4/../../../../arm-none-eabi/lib/armv7e-m/softfp/libc_s.a(lib_a-malloc.o)
                0x0000000008002d80                malloc
 .text.free     0x0000000008002d90       0x10 /Users/nathanogates/Copy/Development/embedded/redux/gcc-arm/bin/../lib/gcc/arm-none-eabi/4.8.4/../../../../arm-none-eabi/lib/armv7e-m/softfp/libc_s.a(lib_a-malloc.o)
                0x0000000008002d90                free
 .text.memchr   0x0000000008002da0       0x1e /Users/nathanogates/Copy/Development/embedded/redux/gcc-arm/bin/../lib/gcc/arm-none-eabi/4.8.4/../../../../arm-none-eabi/lib/armv7e-m/softfp/libc_s.a(lib_a-memchr-stub.o)
                0x0000000008002da0                memchr
 .text.memcpy   0x0000000008002dbe       0x12 /Users/nathanogates/Copy/Development/embedded/redux/gcc-arm/bin/../lib/gcc/arm-none-eabi/4.8.4/../../../../arm-none-eabi/lib/armv7e-m/softfp/libc_s.a(lib_a-memcpy-stub.o)
                0x0000000008002dbe                memcpy
 .text.memset   0x0000000008002dd0       0x10 /Users/nathanogates/Copy/Development/embedded/redux/gcc-arm/bin/../lib/gcc/arm-none-eabi/4.8.4/../../../../arm-none-eabi/lib/armv7e-m/softfp/libc_s.a(lib_a-memset.o)
                0x0000000008002dd0                memset
 .text._free_r  0x0000000008002de0       0x88 /Users/nathanogates/Copy/Development/embedded/redux/gcc-arm/bin/../lib/gcc/arm-none-eabi/4.8.4/../../../../arm-none-eabi/lib/armv7e-m/softfp/libc_s.a(lib_a-nano-freer.o)
                0x0000000008002de0                _free_r
 .text._malloc_r
                0x0000000008002e68       0xa8 /Users/nathanogates/Copy/Development/embedded/redux/gcc-arm/bin/../lib/gcc/arm-none-eabi/4.8.4/../../../../arm-none-eabi/lib/armv7e-m/softfp/libc_s.a(lib_a-nano-mallocr.o)
                0x0000000008002e68                _malloc_r
 .text._open_r  0x0000000008002f10       0x24 /Users/nathanogates/Copy/Development/embedded/redux/gcc-arm/bin/../lib/gcc/arm-none-eabi/4.8.4/../../../../arm-none-eabi/lib/armv7e-m/softfp/libc_s.a(lib_a-openr.o)
                0x0000000008002f10                _open_r
 .text._sbrk_r  0x0000000008002f34       0x20 /Users/nathanogates/Copy/Development/embedded/redux/gcc-arm/bin/../lib/gcc/arm-none-eabi/4.8.4/../../../../arm-none-eabi/lib/armv7e-m/softfp/libc_s.a(lib_a-sbrkr.o)
                0x0000000008002f34                _sbrk_r
 .text.setbuf   0x0000000008002f54       0x10 /Users/nathanogates/Copy/Development/embedded/redux/gcc-arm/bin/../lib/gcc/arm-none-eabi/4.8.4/../../../../arm-none-eabi/lib/armv7e-m/softfp/libc_s.a(lib_a-setbuf.o)
                0x0000000008002f54                setbuf
 .text.setvbuf  0x0000000008002f64      0x110 /Users/nathanogates/Copy/Development/embedded/redux/gcc-arm/bin/../lib/gcc/arm-none-eabi/4.8.4/../../../../arm-none-eabi/lib/armv7e-m/softfp/libc_s.a(lib_a-setvbuf.o)
                0x0000000008002f64                setvbuf
 .text.sprintf  0x0000000008003074       0x48 /Users/nathanogates/Copy/Development/embedded/redux/gcc-arm/bin/../lib/gcc/arm-none-eabi/4.8.4/../../../../arm-none-eabi/lib/armv7e-m/softfp/libc_s.a(lib_a-sprintf.o)
                0x0000000008003074                sprintf
                0x0000000008003074                siprintf
 .text.sscanf   0x00000000080030bc       0x54 /Users/nathanogates/Copy/Development/embedded/redux/gcc-arm/bin/../lib/gcc/arm-none-eabi/4.8.4/../../../../arm-none-eabi/lib/armv7e-m/softfp/libc_s.a(lib_a-sscanf.o)
                0x00000000080030bc                sscanf
                0x00000000080030bc                siscanf
 .text.__sread  0x0000000008003110       0x22 /Users/nathanogates/Copy/Development/embedded/redux/gcc-arm/bin/../lib/gcc/arm-none-eabi/4.8.4/../../../../arm-none-eabi/lib/armv7e-m/softfp/libc_s.a(lib_a-stdio.o)
                0x0000000008003110                __sread
 .text.__seofread
                0x0000000008003132        0x4 /Users/nathanogates/Copy/Development/embedded/redux/gcc-arm/bin/../lib/gcc/arm-none-eabi/4.8.4/../../../../arm-none-eabi/lib/armv7e-m/softfp/libc_s.a(lib_a-stdio.o)
                0x0000000008003132                __seofread
 .text.__swrite
                0x0000000008003136       0x38 /Users/nathanogates/Copy/Development/embedded/redux/gcc-arm/bin/../lib/gcc/arm-none-eabi/4.8.4/../../../../arm-none-eabi/lib/armv7e-m/softfp/libc_s.a(lib_a-stdio.o)
                0x0000000008003136                __swrite
 .text.__sseek  0x000000000800316e       0x24 /Users/nathanogates/Copy/Development/embedded/redux/gcc-arm/bin/../lib/gcc/arm-none-eabi/4.8.4/../../../../arm-none-eabi/lib/armv7e-m/softfp/libc_s.a(lib_a-stdio.o)
                0x000000000800316e                __sseek
 .text.__sclose
                0x0000000008003192        0x8 /Users/nathanogates/Copy/Development/embedded/redux/gcc-arm/bin/../lib/gcc/arm-none-eabi/4.8.4/../../../../arm-none-eabi/lib/armv7e-m/softfp/libc_s.a(lib_a-stdio.o)
                0x0000000008003192                __sclose
 .text          0x000000000800319a       0x14 /Users/nathanogates/Copy/Development/embedded/redux/gcc-arm/bin/../lib/gcc/arm-none-eabi/4.8.4/../../../../arm-none-eabi/lib/armv7e-m/softfp/libc_s.a(lib_a-strcmp.o)
                0x000000000800319a                strcmp
 .text.strlen   0x00000000080031ae       0x10 /Users/nathanogates/Copy/Development/embedded/redux/gcc-arm/bin/../lib/gcc/arm-none-eabi/4.8.4/../../../../arm-none-eabi/lib/armv7e-m/softfp/libc_s.a(lib_a-strlen.o)
                0x00000000080031ae                strlen
 .text.strncmp  0x00000000080031be       0x2e /Users/nathanogates/Copy/Development/embedded/redux/gcc-arm/bin/../lib/gcc/arm-none-eabi/4.8.4/../../../../arm-none-eabi/lib/armv7e-m/softfp/libc_s.a(lib_a-strncmp.o)
                0x00000000080031be                strncmp
 .text.__ssputs_r
                0x00000000080031ec       0xb8 /Users/nathanogates/Copy/Development/embedded/redux/gcc-arm/bin/../lib/gcc/arm-none-eabi/4.8.4/../../../../arm-none-eabi/lib/armv7e-m/softfp/libc_s.a(lib_a-svfprintf.o)
                0x00000000080031ec                __ssputs_r
 .text._svfprintf_r
                0x00000000080032a4      0x1dc /Users/nathanogates/Copy/Development/embedded/redux/gcc-arm/bin/../lib/gcc/arm-none-eabi/4.8.4/../../../../arm-none-eabi/lib/armv7e-m/softfp/libc_s.a(lib_a-svfprintf.o)
                0x00000000080032a4                _svfprintf_r
                0x00000000080032a4                _svfiprintf_r
 .text._sungetc_r
                0x0000000008003480       0x7a /Users/nathanogates/Copy/Development/embedded/redux/gcc-arm/bin/../lib/gcc/arm-none-eabi/4.8.4/../../../../arm-none-eabi/lib/armv7e-m/softfp/libc_s.a(lib_a-svfscanf.o)
                0x0000000008003480                _sungetc_r
 .text.__ssrefill_r
                0x00000000080034fa       0x3a /Users/nathanogates/Copy/Development/embedded/redux/gcc-arm/bin/../lib/gcc/arm-none-eabi/4.8.4/../../../../arm-none-eabi/lib/armv7e-m/softfp/libc_s.a(lib_a-svfscanf.o)
                0x00000000080034fa                __ssrefill_r
 .text.__ssvfscanf_r
                0x0000000008003534      0x29c /Users/nathanogates/Copy/Development/embedded/redux/gcc-arm/bin/../lib/gcc/arm-none-eabi/4.8.4/../../../../arm-none-eabi/lib/armv7e-m/softfp/libc_s.a(lib_a-svfscanf.o)
                0x0000000008003534                __ssvfscanf_r
                0x0000000008003534                __ssvfiscanf_r
 .text.__submore
                0x00000000080037d0       0x76 /Users/nathanogates/Copy/Development/embedded/redux/gcc-arm/bin/../lib/gcc/arm-none-eabi/4.8.4/../../../../arm-none-eabi/lib/armv7e-m/softfp/libc_s.a(lib_a-ungetc.o)
                0x00000000080037d0                __submore
 .text.__sfputc_r
                0x0000000008003846       0x2c /Users/nathanogates/Copy/Development/embedded/redux/gcc-arm/bin/../lib/gcc/arm-none-eabi/4.8.4/../../../../arm-none-eabi/lib/armv7e-m/softfp/libc_s.a(lib_a-vfprintf.o)
 .text.__sfputs_r
                0x0000000008003872       0x24 /Users/nathanogates/Copy/Development/embedded/redux/gcc-arm/bin/../lib/gcc/arm-none-eabi/4.8.4/../../../../arm-none-eabi/lib/armv7e-m/softfp/libc_s.a(lib_a-vfprintf.o)
                0x0000000008003872                __sfputs_r
 *fill*         0x0000000008003896        0x2 
 .text._vfprintf_r
                0x0000000008003898      0x208 /Users/nathanogates/Copy/Development/embedded/redux/gcc-arm/bin/../lib/gcc/arm-none-eabi/4.8.4/../../../../arm-none-eabi/lib/armv7e-m/softfp/libc_s.a(lib_a-vfprintf.o)
                0x0000000008003898                _vfiprintf_r
                0x0000000008003898                _vfprintf_r
 .text.vfprintf
                0x0000000008003aa0       0x1c /Users/nathanogates/Copy/Development/embedded/redux/gcc-arm/bin/../lib/gcc/arm-none-eabi/4.8.4/../../../../arm-none-eabi/lib/armv7e-m/softfp/libc_s.a(lib_a-vfprintf.o)
                0x0000000008003aa0                vfiprintf
                0x0000000008003aa0                vfprintf
 .text.__cvt    0x0000000008003abc       0xc0 /Users/nathanogates/Copy/Development/embedded/redux/gcc-arm/bin/../lib/gcc/arm-none-eabi/4.8.4/../../../../arm-none-eabi/lib/armv7e-m/softfp/libc_s.a(lib_a-vfprintf_float.o)
                0x0000000008003abc                __cvt
 .text.__exponent
                0x0000000008003b7c       0x66 /Users/nathanogates/Copy/Development/embedded/redux/gcc-arm/bin/../lib/gcc/arm-none-eabi/4.8.4/../../../../arm-none-eabi/lib/armv7e-m/softfp/libc_s.a(lib_a-vfprintf_float.o)
                0x0000000008003b7c                __exponent
 *fill*         0x0000000008003be2        0x2 
 .text._printf_float
                0x0000000008003be4      0x41c /Users/nathanogates/Copy/Development/embedded/redux/gcc-arm/bin/../lib/gcc/arm-none-eabi/4.8.4/../../../../arm-none-eabi/lib/armv7e-m/softfp/libc_s.a(lib_a-vfprintf_float.o)
                0x0000000008003be4                _printf_float
 .text._printf_common
                0x0000000008004000       0xe4 /Users/nathanogates/Copy/Development/embedded/redux/gcc-arm/bin/../lib/gcc/arm-none-eabi/4.8.4/../../../../arm-none-eabi/lib/armv7e-m/softfp/libc_s.a(lib_a-vfprintf_i.o)
                0x0000000008004000                _printf_common
 .text._printf_i
                0x00000000080040e4      0x228 /Users/nathanogates/Copy/Development/embedded/redux/gcc-arm/bin/../lib/gcc/arm-none-eabi/4.8.4/../../../../arm-none-eabi/lib/armv7e-m/softfp/libc_s.a(lib_a-vfprintf_i.o)
                0x00000000080040e4                _printf_i
 .text._scanf_float
                0x000000000800430c      0x3d8 /Users/nathanogates/Copy/Development/embedded/redux/gcc-arm/bin/../lib/gcc/arm-none-eabi/4.8.4/../../../../arm-none-eabi/lib/armv7e-m/softfp/libc_s.a(lib_a-vfscanf_float.o)
                0x000000000800430c                _scanf_float
 .text._scanf_chars
                0x00000000080046e4       0xc0 /Users/nathanogates/Copy/Development/embedded/redux/gcc-arm/bin/../lib/gcc/arm-none-eabi/4.8.4/../../../../arm-none-eabi/lib/armv7e-m/softfp/libc_s.a(lib_a-vfscanf_i.o)
                0x00000000080046e4                _scanf_chars
 .text._scanf_i
                0x00000000080047a4      0x1ec /Users/nathanogates/Copy/Development/embedded/redux/gcc-arm/bin/../lib/gcc/arm-none-eabi/4.8.4/../../../../arm-none-eabi/lib/armv7e-m/softfp/libc_s.a(lib_a-vfscanf_i.o)
                0x00000000080047a4                _scanf_i
 .text.__swbuf_r
                0x0000000008004990       0xa8 /Users/nathanogates/Copy/Development/embedded/redux/gcc-arm/bin/../lib/gcc/arm-none-eabi/4.8.4/../../../../arm-none-eabi/lib/armv7e-m/softfp/libc_s.a(lib_a-wbuf.o)
                0x0000000008004990                __swbuf_r
 .text._write_r
                0x0000000008004a38       0x24 /Users/nathanogates/Copy/Development/embedded/redux/gcc-arm/bin/../lib/gcc/arm-none-eabi/4.8.4/../../../../arm-none-eabi/lib/armv7e-m/softfp/libc_s.a(lib_a-writer.o)
                0x0000000008004a38                _write_r
 .text.__swsetup_r
                0x0000000008004a5c       0xdc /Users/nathanogates/Copy/Development/embedded/redux/gcc-arm/bin/../lib/gcc/arm-none-eabi/4.8.4/../../../../arm-none-eabi/lib/armv7e-m/softfp/libc_s.a(lib_a-wsetup.o)
                0x0000000008004a5c                __swsetup_r
 .text._close_r
                0x0000000008004b38       0x20 /Users/nathanogates/Copy/Development/embedded/redux/gcc-arm/bin/../lib/gcc/arm-none-eabi/4.8.4/../../../../arm-none-eabi/lib/armv7e-m/softfp/libc_s.a(lib_a-closer.o)
                0x0000000008004b38                _close_r
 .text.quorem   0x0000000008004b58      0x11a /Users/nathanogates/Copy/Development/embedded/redux/gcc-arm/bin/../lib/gcc/arm-none-eabi/4.8.4/../../../../arm-none-eabi/lib/armv7e-m/softfp/libc_s.a(lib_a-dtoa.o)
 *fill*         0x0000000008004c72        0x6 
 .text._dtoa_r  0x0000000008004c78      0xb70 /Users/nathanogates/Copy/Development/embedded/redux/gcc-arm/bin/../lib/gcc/arm-none-eabi/4.8.4/../../../../arm-none-eabi/lib/armv7e-m/softfp/libc_s.a(lib_a-dtoa.o)
                0x0000000008004c78                _dtoa_r
 .text.__sflags
                0x00000000080057e8       0x6e /Users/nathanogates/Copy/Development/embedded/redux/gcc-arm/bin/../lib/gcc/arm-none-eabi/4.8.4/../../../../arm-none-eabi/lib/armv7e-m/softfp/libc_s.a(lib_a-flags.o)
                0x00000000080057e8                __sflags
 *fill*         0x0000000008005856        0x2 
 .text._fstat_r
                0x0000000008005858       0x24 /Users/nathanogates/Copy/Development/embedded/redux/gcc-arm/bin/../lib/gcc/arm-none-eabi/4.8.4/../../../../arm-none-eabi/lib/armv7e-m/softfp/libc_s.a(lib_a-fstatr.o)
                0x0000000008005858                _fstat_r
 .text._isatty_r
                0x000000000800587c       0x20 /Users/nathanogates/Copy/Development/embedded/redux/gcc-arm/bin/../lib/gcc/arm-none-eabi/4.8.4/../../../../arm-none-eabi/lib/armv7e-m/softfp/libc_s.a(lib_a-isattyr.o)
                0x000000000800587c                _isatty_r
 .text._localeconv_r
                0x000000000800589c        0x8 /Users/nathanogates/Copy/Development/embedded/redux/gcc-arm/bin/../lib/gcc/arm-none-eabi/4.8.4/../../../../arm-none-eabi/lib/armv7e-m/softfp/libc_s.a(lib_a-locale.o)
                0x000000000800589c                _localeconv_r
 .text._lseek_r
                0x00000000080058a4       0x24 /Users/nathanogates/Copy/Development/embedded/redux/gcc-arm/bin/../lib/gcc/arm-none-eabi/4.8.4/../../../../arm-none-eabi/lib/armv7e-m/softfp/libc_s.a(lib_a-lseekr.o)
                0x00000000080058a4                _lseek_r
 .text.memmove  0x00000000080058c8       0x36 /Users/nathanogates/Copy/Development/embedded/redux/gcc-arm/bin/../lib/gcc/arm-none-eabi/4.8.4/../../../../arm-none-eabi/lib/armv7e-m/softfp/libc_s.a(lib_a-memmove.o)
                0x00000000080058c8                memmove
 .text._Balloc  0x00000000080058fe       0x6a /Users/nathanogates/Copy/Development/embedded/redux/gcc-arm/bin/../lib/gcc/arm-none-eabi/4.8.4/../../../../arm-none-eabi/lib/armv7e-m/softfp/libc_s.a(lib_a-mprec.o)
                0x00000000080058fe                _Balloc
 .text._Bfree   0x0000000008005968       0x2e /Users/nathanogates/Copy/Development/embedded/redux/gcc-arm/bin/../lib/gcc/arm-none-eabi/4.8.4/../../../../arm-none-eabi/lib/armv7e-m/softfp/libc_s.a(lib_a-mprec.o)
                0x0000000008005968                _Bfree
 .text.__multadd
                0x0000000008005996       0x74 /Users/nathanogates/Copy/Development/embedded/redux/gcc-arm/bin/../lib/gcc/arm-none-eabi/4.8.4/../../../../arm-none-eabi/lib/armv7e-m/softfp/libc_s.a(lib_a-mprec.o)
                0x0000000008005996                __multadd
 .text.__s2b    0x0000000008005a0a       0x84 /Users/nathanogates/Copy/Development/embedded/redux/gcc-arm/bin/../lib/gcc/arm-none-eabi/4.8.4/../../../../arm-none-eabi/lib/armv7e-m/softfp/libc_s.a(lib_a-mprec.o)
                0x0000000008005a0a                __s2b
 .text.__hi0bits
                0x0000000008005a8e       0x40 /Users/nathanogates/Copy/Development/embedded/redux/gcc-arm/bin/../lib/gcc/arm-none-eabi/4.8.4/../../../../arm-none-eabi/lib/armv7e-m/softfp/libc_s.a(lib_a-mprec.o)
                0x0000000008005a8e                __hi0bits
 .text.__lo0bits
                0x0000000008005ace       0x5a /Users/nathanogates/Copy/Development/embedded/redux/gcc-arm/bin/../lib/gcc/arm-none-eabi/4.8.4/../../../../arm-none-eabi/lib/armv7e-m/softfp/libc_s.a(lib_a-mprec.o)
                0x0000000008005ace                __lo0bits
 .text.__i2b    0x0000000008005b28       0x12 /Users/nathanogates/Copy/Development/embedded/redux/gcc-arm/bin/../lib/gcc/arm-none-eabi/4.8.4/../../../../arm-none-eabi/lib/armv7e-m/softfp/libc_s.a(lib_a-mprec.o)
                0x0000000008005b28                __i2b
 .text.__multiply
                0x0000000008005b3a      0x130 /Users/nathanogates/Copy/Development/embedded/redux/gcc-arm/bin/../lib/gcc/arm-none-eabi/4.8.4/../../../../arm-none-eabi/lib/armv7e-m/softfp/libc_s.a(lib_a-mprec.o)
                0x0000000008005b3a                __multiply
 *fill*         0x0000000008005c6a        0x2 
 .text.__pow5mult
                0x0000000008005c6c       0x9c /Users/nathanogates/Copy/Development/embedded/redux/gcc-arm/bin/../lib/gcc/arm-none-eabi/4.8.4/../../../../arm-none-eabi/lib/armv7e-m/softfp/libc_s.a(lib_a-mprec.o)
                0x0000000008005c6c                __pow5mult
 .text.__lshift
                0x0000000008005d08       0xa6 /Users/nathanogates/Copy/Development/embedded/redux/gcc-arm/bin/../lib/gcc/arm-none-eabi/4.8.4/../../../../arm-none-eabi/lib/armv7e-m/softfp/libc_s.a(lib_a-mprec.o)
                0x0000000008005d08                __lshift
 .text.__mcmp   0x0000000008005dae       0x3a /Users/nathanogates/Copy/Development/embedded/redux/gcc-arm/bin/../lib/gcc/arm-none-eabi/4.8.4/../../../../arm-none-eabi/lib/armv7e-m/softfp/libc_s.a(lib_a-mprec.o)
                0x0000000008005dae                __mcmp
 .text.__mdiff  0x0000000008005de8       0xbc /Users/nathanogates/Copy/Development/embedded/redux/gcc-arm/bin/../lib/gcc/arm-none-eabi/4.8.4/../../../../arm-none-eabi/lib/armv7e-m/softfp/libc_s.a(lib_a-mprec.o)
                0x0000000008005de8                __mdiff
 .text.__ulp    0x0000000008005ea4       0x44 /Users/nathanogates/Copy/Development/embedded/redux/gcc-arm/bin/../lib/gcc/arm-none-eabi/4.8.4/../../../../arm-none-eabi/lib/armv7e-m/softfp/libc_s.a(lib_a-mprec.o)
                0x0000000008005ea4                __ulp
 .text.__b2d    0x0000000008005ee8       0xa6 /Users/nathanogates/Copy/Development/embedded/redux/gcc-arm/bin/../lib/gcc/arm-none-eabi/4.8.4/../../../../arm-none-eabi/lib/armv7e-m/softfp/libc_s.a(lib_a-mprec.o)
                0x0000000008005ee8                __b2d
 .text.__d2b    0x0000000008005f8e       0xa4 /Users/nathanogates/Copy/Development/embedded/redux/gcc-arm/bin/../lib/gcc/arm-none-eabi/4.8.4/../../../../arm-none-eabi/lib/armv7e-m/softfp/libc_s.a(lib_a-mprec.o)
                0x0000000008005f8e                __d2b
 .text.__ratio  0x0000000008006032       0x4a /Users/nathanogates/Copy/Development/embedded/redux/gcc-arm/bin/../lib/gcc/arm-none-eabi/4.8.4/../../../../arm-none-eabi/lib/armv7e-m/softfp/libc_s.a(lib_a-mprec.o)
                0x0000000008006032                __ratio
 .text.__copybits
                0x000000000800607c       0x32 /Users/nathanogates/Copy/Development/embedded/redux/gcc-arm/bin/../lib/gcc/arm-none-eabi/4.8.4/../../../../arm-none-eabi/lib/armv7e-m/softfp/libc_s.a(lib_a-mprec.o)
                0x000000000800607c                __copybits
 .text.__any_on
                0x00000000080060ae       0x48 /Users/nathanogates/Copy/Development/embedded/redux/gcc-arm/bin/../lib/gcc/arm-none-eabi/4.8.4/../../../../arm-none-eabi/lib/armv7e-m/softfp/libc_s.a(lib_a-mprec.o)
                0x00000000080060ae                __any_on
 .text._calloc_r
                0x00000000080060f6       0x1c /Users/nathanogates/Copy/Development/embedded/redux/gcc-arm/bin/../lib/gcc/arm-none-eabi/4.8.4/../../../../arm-none-eabi/lib/armv7e-m/softfp/libc_s.a(lib_a-nano-callocr.o)
                0x00000000080060f6                _calloc_r
 .text._realloc_r
                0x0000000008006112       0x4c /Users/nathanogates/Copy/Development/embedded/redux/gcc-arm/bin/../lib/gcc/arm-none-eabi/4.8.4/../../../../arm-none-eabi/lib/armv7e-m/softfp/libc_s.a(lib_a-nano-reallocr.o)
                0x0000000008006112                _realloc_r
 *fill*         0x000000000800615e        0x2 
 .text._read_r  0x0000000008006160       0x24 /Users/nathanogates/Copy/Development/embedded/redux/gcc-arm/bin/../lib/gcc/arm-none-eabi/4.8.4/../../../../arm-none-eabi/lib/armv7e-m/softfp/libc_s.a(lib_a-readr.o)
                0x0000000008006160                _read_r
 .text.__fpclassifyd
                0x0000000008006184       0x44 /Users/nathanogates/Copy/Development/embedded/redux/gcc-arm/bin/../lib/gcc/arm-none-eabi/4.8.4/../../../../arm-none-eabi/lib/armv7e-m/softfp/libc_s.a(lib_a-s_fpclassify.o)
                0x0000000008006184                __fpclassifyd
 .text.__sccl   0x00000000080061c8       0x64 /Users/nathanogates/Copy/Development/embedded/redux/gcc-arm/bin/../lib/gcc/arm-none-eabi/4.8.4/../../../../arm-none-eabi/lib/armv7e-m/softfp/libc_s.a(lib_a-sccl.o)
                0x00000000080061c8                __sccl
 .text.nanf     0x000000000800622c        0x8 /Users/nathanogates/Copy/Development/embedded/redux/gcc-arm/bin/../lib/gcc/arm-none-eabi/4.8.4/../../../../arm-none-eabi/lib/armv7e-m/softfp/libc_s.a(lib_a-sf_nan.o)
                0x000000000800622c                nanf
 .text.match    0x0000000008006234       0x28 /Users/nathanogates/Copy/Development/embedded/redux/gcc-arm/bin/../lib/gcc/arm-none-eabi/4.8.4/../../../../arm-none-eabi/lib/armv7e-m/softfp/libc_s.a(lib_a-strtod.o)
 .text.sulp     0x000000000800625c       0x3e /Users/nathanogates/Copy/Development/embedded/redux/gcc-arm/bin/../lib/gcc/arm-none-eabi/4.8.4/../../../../arm-none-eabi/lib/armv7e-m/softfp/libc_s.a(lib_a-strtod.o)
 *fill*         0x000000000800629a        0x6 
 .text._strtod_r
                0x00000000080062a0      0xc38 /Users/nathanogates/Copy/Development/embedded/redux/gcc-arm/bin/../lib/gcc/arm-none-eabi/4.8.4/../../../../arm-none-eabi/lib/armv7e-m/softfp/libc_s.a(lib_a-strtod.o)
                0x00000000080062a0                _strtod_r
 .text._strtol_r
                0x0000000008006ed8      0x104 /Users/nathanogates/Copy/Development/embedded/redux/gcc-arm/bin/../lib/gcc/arm-none-eabi/4.8.4/../../../../arm-none-eabi/lib/armv7e-m/softfp/libc_s.a(lib_a-strtol.o)
                0x0000000008006ed8                _strtol_r
 .text._strtoul_r
                0x0000000008006fdc       0xf0 /Users/nathanogates/Copy/Development/embedded/redux/gcc-arm/bin/../lib/gcc/arm-none-eabi/4.8.4/../../../../arm-none-eabi/lib/armv7e-m/softfp/libc_s.a(lib_a-strtoul.o)
                0x0000000008006fdc                _strtoul_r
 .text.rshift   0x00000000080070cc       0x6a /Users/nathanogates/Copy/Development/embedded/redux/gcc-arm/bin/../lib/gcc/arm-none-eabi/4.8.4/../../../../arm-none-eabi/lib/armv7e-m/softfp/libc_s.a(lib_a-gdtoa-gethex.o)
 .text.__hexdig_fun
                0x0000000008007136       0x2a /Users/nathanogates/Copy/Development/embedded/redux/gcc-arm/bin/../lib/gcc/arm-none-eabi/4.8.4/../../../../arm-none-eabi/lib/armv7e-m/softfp/libc_s.a(lib_a-gdtoa-gethex.o)
                0x0000000008007136                __hexdig_fun
 .text.__gethex
                0x0000000008007160      0x45e /Users/nathanogates/Copy/Development/embedded/redux/gcc-arm/bin/../lib/gcc/arm-none-eabi/4.8.4/../../../../arm-none-eabi/lib/armv7e-m/softfp/libc_s.a(lib_a-gdtoa-gethex.o)
                0x0000000008007160                __gethex
 .text.L_shift  0x00000000080075be       0x26 /Users/nathanogates/Copy/Development/embedded/redux/gcc-arm/bin/../lib/gcc/arm-none-eabi/4.8.4/../../../../arm-none-eabi/lib/armv7e-m/softfp/libc_s.a(lib_a-gdtoa-hexnan.o)
 .text.__hexnan
                0x00000000080075e4      0x120 /Users/nathanogates/Copy/Development/embedded/redux/gcc-arm/bin/../lib/gcc/arm-none-eabi/4.8.4/../../../../arm-none-eabi/lib/armv7e-m/softfp/libc_s.a(lib_a-gdtoa-hexnan.o)
                0x00000000080075e4                __hexnan
 .text._malloc_usable_size_r
                0x0000000008007704       0x12 /Users/nathanogates/Copy/Development/embedded/redux/gcc-arm/bin/../lib/gcc/arm-none-eabi/4.8.4/../../../../arm-none-eabi/lib/armv7e-m/softfp/libc_s.a(lib_a-nano-msizer.o)
                0x0000000008007704                _malloc_usable_size_r
 *fill*         0x0000000008007716        0x2 
 .text          0x0000000008007718      0x370 /Users/nathanogates/Copy/Development/embedded/redux/gcc-arm/bin/../lib/gcc/arm-none-eabi/4.8.4/armv7e-m/softfp/libgcc.a(_arm_addsubdf3.o)
                0x0000000008007718                __aeabi_drsub
                0x0000000008007720                __subdf3
                0x0000000008007720                __aeabi_dsub
                0x0000000008007724                __aeabi_dadd
                0x0000000008007724                __adddf3
                0x000000000800799c                __aeabi_ui2d
                0x000000000800799c                __floatunsidf
                0x00000000080079bc                __floatsidf
                0x00000000080079bc                __aeabi_i2d
                0x00000000080079e0                __extendsfdf2
                0x00000000080079e0                __aeabi_f2d
                0x0000000008007a1c                __aeabi_ul2d
                0x0000000008007a1c                __floatundidf
                0x0000000008007a2c                __aeabi_l2d
                0x0000000008007a2c                __floatdidf
 .text          0x0000000008007a88      0x424 /Users/nathanogates/Copy/Development/embedded/redux/gcc-arm/bin/../lib/gcc/arm-none-eabi/4.8.4/armv7e-m/softfp/libgcc.a(_arm_muldivdf3.o)
                0x0000000008007a88                __aeabi_dmul
                0x0000000008007a88                __muldf3
                0x0000000008007cdc                __aeabi_ddiv
                0x0000000008007cdc                __divdf3
 .text          0x0000000008007eac      0x110 /Users/nathanogates/Copy/Development/embedded/redux/gcc-arm/bin/../lib/gcc/arm-none-eabi/4.8.4/armv7e-m/softfp/libgcc.a(_arm_cmpdf2.o)
                0x0000000008007eac                __gtdf2
                0x0000000008007eac                __gedf2
                0x0000000008007eb4                __ltdf2
                0x0000000008007eb4                __ledf2
                0x0000000008007ebc                __eqdf2
                0x0000000008007ebc                __nedf2
                0x0000000008007ebc                __cmpdf2
                0x0000000008007f38                __aeabi_cdrcmple
                0x0000000008007f48                __aeabi_cdcmple
                0x0000000008007f48                __aeabi_cdcmpeq
                0x0000000008007f58                __aeabi_dcmpeq
                0x0000000008007f6c                __aeabi_dcmplt
                0x0000000008007f80                __aeabi_dcmple
                0x0000000008007f94                __aeabi_dcmpge
                0x0000000008007fa8                __aeabi_dcmpgt
 .text          0x0000000008007fbc       0x50 /Users/nathanogates/Copy/Development/embedded/redux/gcc-arm/bin/../lib/gcc/arm-none-eabi/4.8.4/armv7e-m/softfp/libgcc.a(_arm_fixdfsi.o)
                0x0000000008007fbc                __fixdfsi
                0x0000000008007fbc                __aeabi_d2iz
 .text          0x000000000800800c       0x40 /Users/nathanogates/Copy/Development/embedded/redux/gcc-arm/bin/../lib/gcc/arm-none-eabi/4.8.4/armv7e-m/softfp/libgcc.a(_arm_fixunsdfsi.o)
                0x000000000800800c                __fixunsdfsi
                0x000000000800800c                __aeabi_d2uiz
 .text          0x000000000800804c       0xa0 /Users/nathanogates/Copy/Development/embedded/redux/gcc-arm/bin/../lib/gcc/arm-none-eabi/4.8.4/armv7e-m/softfp/libgcc.a(_arm_truncdfsf2.o)
                0x000000000800804c                __aeabi_d2f
                0x000000000800804c                __truncdfsf2
 *(.init)
 .init          0x00000000080080ec        0x4 /Users/nathanogates/Copy/Development/embedded/redux/gcc-arm/bin/../lib/gcc/arm-none-eabi/4.8.4/armv7e-m/softfp/crti.o
                0x00000000080080ec                _init
 .init          0x00000000080080f0        0x8 /Users/nathanogates/Copy/Development/embedded/redux/gcc-arm/bin/../lib/gcc/arm-none-eabi/4.8.4/armv7e-m/softfp/crtn.o
 *(.fini)
 .fini          0x00000000080080f8        0x4 /Users/nathanogates/Copy/Development/embedded/redux/gcc-arm/bin/../lib/gcc/arm-none-eabi/4.8.4/armv7e-m/softfp/crti.o
                0x00000000080080f8                _fini
 .fini          0x00000000080080fc        0x8 /Users/nathanogates/Copy/Development/embedded/redux/gcc-arm/bin/../lib/gcc/arm-none-eabi/4.8.4/armv7e-m/softfp/crtn.o
 *crtbegin.o(.ctors)
 *crtbegin?.o(.ctors)
 *(EXCLUDE_FILE(*crtend.o *crtend?.o) .ctors)
 *(SORT(.ctors.*))
 *(.ctors)
 *crtbegin.o(.dtors)
 *crtbegin?.o(.dtors)
 *(EXCLUDE_FILE(*crtend.o *crtend?.o) .dtors)
 *(SORT(.dtors.*))
 *(.dtors)
 *(.rodata*)
 *fill*         0x0000000008008104        0x4 
 .rodata._ZTVN4mbed10SerialBaseE
                0x0000000008008108       0x10 main.o
                0x0000000008008108                vtable for mbed::SerialBase
 .rodata.str1.1
                0x0000000008008118        0x8 main.o
 .rodata.__stdin_name
                0x0000000008008120        0x8 mbed/TARGET_NUCLEO_F401RE/TOOLCHAIN_GCC_ARM/retarget.o
                0x0000000008008120                __stdin_name
 .rodata.__stderr_name
                0x0000000008008128        0x8 mbed/TARGET_NUCLEO_F401RE/TOOLCHAIN_GCC_ARM/retarget.o
                0x0000000008008128                __stderr_name
 .rodata.__stdout_name
                0x0000000008008130        0x8 mbed/TARGET_NUCLEO_F401RE/TOOLCHAIN_GCC_ARM/retarget.o
                0x0000000008008130                __stdout_name
 .rodata._ZTVN4mbed10FileHandleE
                0x0000000008008138       0x30 mbed/TARGET_NUCLEO_F401RE/TOOLCHAIN_GCC_ARM/retarget.o
                0x0000000008008138                vtable for mbed::FileHandle
 .rodata.str1.4
                0x0000000008008168        0xe mbed/TARGET_NUCLEO_F401RE/TOOLCHAIN_GCC_ARM/retarget.o
                                         0x10 (size before relaxing)
 *fill*         0x0000000008008176        0x2 
 .rodata.APBAHBPrescTable
                0x0000000008008178       0x10 mbed/TARGET_NUCLEO_F401RE/TOOLCHAIN_GCC_ARM/stm32f4xx_hal_rcc.o
                0x0000000008008178                APBAHBPrescTable
 .rodata.AHBPrescTable
                0x0000000008008188       0x10 mbed/TARGET_NUCLEO_F401RE/TOOLCHAIN_GCC_ARM/system_stm32f4xx.o
                0x0000000008008188                AHBPrescTable
 .rodata.str1.4
                0x0000000008008198       0x7c ./mbed/TARGET_NUCLEO_F401RE/TOOLCHAIN_GCC_ARM/libmbed.a(serial_api.o)
 *fill*         0x0000000008008214        0x4 
 .rodata._ZTVN4mbed6SerialE
                0x0000000008008218       0x60 ./mbed/TARGET_NUCLEO_F401RE/TOOLCHAIN_GCC_ARM/libmbed.a(Serial.o)
                0x0000000008008218                vtable for mbed::Serial
 .rodata._ZTVN4mbed6StreamE
                0x0000000008008278       0x48 ./mbed/TARGET_NUCLEO_F401RE/TOOLCHAIN_GCC_ARM/libmbed.a(Stream.o)
                0x0000000008008278                vtable for mbed::Stream
 .rodata.str1.4
                0x00000000080082c0        0x3 ./mbed/TARGET_NUCLEO_F401RE/TOOLCHAIN_GCC_ARM/libmbed.a(Stream.o)
                                          0x8 (size before relaxing)
 *fill*         0x00000000080082c3        0x1 
 .rodata.str1.4
                0x00000000080082c4       0x31 ./mbed/TARGET_NUCLEO_F401RE/TOOLCHAIN_GCC_ARM/libmbed.a(assert.o)
                                         0x34 (size before relaxing)
 *fill*         0x00000000080082f5        0x3 
 .rodata.str1.4
                0x00000000080082f8       0x48 ./mbed/TARGET_NUCLEO_F401RE/TOOLCHAIN_GCC_ARM/libmbed.a(pinmap_common.o)
 .rodata.PinMap_I2C_SDA
                0x0000000008008340       0x48 ./mbed/TARGET_NUCLEO_F401RE/TOOLCHAIN_GCC_ARM/libmbed.a(PeripheralPins.o)
                0x0000000008008340                PinMap_I2C_SDA
 .rodata.PinMap_UART_RX
                0x0000000008008388       0x48 ./mbed/TARGET_NUCLEO_F401RE/TOOLCHAIN_GCC_ARM/libmbed.a(PeripheralPins.o)
                0x0000000008008388                PinMap_UART_RX
 .rodata.PinMap_I2C_SCL
                0x00000000080083d0       0x3c ./mbed/TARGET_NUCLEO_F401RE/TOOLCHAIN_GCC_ARM/libmbed.a(PeripheralPins.o)
                0x00000000080083d0                PinMap_I2C_SCL
 .rodata.PinMap_UART_TX
                0x000000000800840c       0x48 ./mbed/TARGET_NUCLEO_F401RE/TOOLCHAIN_GCC_ARM/libmbed.a(PeripheralPins.o)
                0x000000000800840c                PinMap_UART_TX
 .rodata.gpio_mode
                0x0000000008008454       0x34 ./mbed/TARGET_NUCLEO_F401RE/TOOLCHAIN_GCC_ARM/libmbed.a(pinmap.o)
 .rodata.str1.4
                0x0000000008008488       0x94 ./mbed/TARGET_NUCLEO_F401RE/TOOLCHAIN_GCC_ARM/libmbed.a(pinmap.o)
 .rodata.str1.4
                0x000000000800851c       0x94 ./mbed/TARGET_NUCLEO_F401RE/TOOLCHAIN_GCC_ARM/libmbed.a(i2c_api.o)
 .rodata._ZTVN4mbed8FileLikeE
                0x00000000080085b0       0x40 ./mbed/TARGET_NUCLEO_F401RE/TOOLCHAIN_GCC_ARM/libmbed.a(FileLike.o)
                0x00000000080085b0                vtable for mbed::FileLike
 .rodata._ZTVN4mbed8FileBaseE
                0x00000000080085f0       0x10 ./mbed/TARGET_NUCLEO_F401RE/TOOLCHAIN_GCC_ARM/libmbed.a(FileBase.o)
                0x00000000080085f0                vtable for mbed::FileBase
 .rodata.__sf_fake_stdin
                0x0000000008008600       0x20 /Users/nathanogates/Copy/Development/embedded/redux/gcc-arm/bin/../lib/gcc/arm-none-eabi/4.8.4/../../../../arm-none-eabi/lib/armv7e-m/softfp/libc_s.a(lib_a-findfp.o)
                0x0000000008008600                __sf_fake_stdin
 .rodata.__sf_fake_stdout
                0x0000000008008620       0x20 /Users/nathanogates/Copy/Development/embedded/redux/gcc-arm/bin/../lib/gcc/arm-none-eabi/4.8.4/../../../../arm-none-eabi/lib/armv7e-m/softfp/libc_s.a(lib_a-findfp.o)
                0x0000000008008620                __sf_fake_stdout
 .rodata.__sf_fake_stderr
                0x0000000008008640       0x20 /Users/nathanogates/Copy/Development/embedded/redux/gcc-arm/bin/../lib/gcc/arm-none-eabi/4.8.4/../../../../arm-none-eabi/lib/armv7e-m/softfp/libc_s.a(lib_a-findfp.o)
                0x0000000008008640                __sf_fake_stderr
 .rodata.str1.1
                0x0000000008008660        0x2 /Users/nathanogates/Copy/Development/embedded/redux/gcc-arm/bin/../lib/gcc/arm-none-eabi/4.8.4/../../../../arm-none-eabi/lib/armv7e-m/softfp/libc_s.a(lib_a-impure.o)
 *fill*         0x0000000008008662        0x2 
 .rodata._global_impure_ptr
                0x0000000008008664        0x4 /Users/nathanogates/Copy/Development/embedded/redux/gcc-arm/bin/../lib/gcc/arm-none-eabi/4.8.4/../../../../arm-none-eabi/lib/armv7e-m/softfp/libc_s.a(lib_a-impure.o)
                0x0000000008008664                _global_impure_ptr
 .rodata.str1.1
                0x0000000008008668       0x11 /Users/nathanogates/Copy/Development/embedded/redux/gcc-arm/bin/../lib/gcc/arm-none-eabi/4.8.4/../../../../arm-none-eabi/lib/armv7e-m/softfp/libc_s.a(lib_a-svfprintf.o)
 .rodata.str1.1
                0x0000000000000000        0x4 /Users/nathanogates/Copy/Development/embedded/redux/gcc-arm/bin/../lib/gcc/arm-none-eabi/4.8.4/../../../../arm-none-eabi/lib/armv7e-m/softfp/libc_s.a(lib_a-svfscanf.o)
 .rodata.str1.1
                0x0000000000000000       0x11 /Users/nathanogates/Copy/Development/embedded/redux/gcc-arm/bin/../lib/gcc/arm-none-eabi/4.8.4/../../../../arm-none-eabi/lib/armv7e-m/softfp/libc_s.a(lib_a-vfprintf.o)
 .rodata.str1.1
                0x0000000008008679       0x10 /Users/nathanogates/Copy/Development/embedded/redux/gcc-arm/bin/../lib/gcc/arm-none-eabi/4.8.4/../../../../arm-none-eabi/lib/armv7e-m/softfp/libc_s.a(lib_a-vfprintf_float.o)
                                         0x12 (size before relaxing)
 .rodata.str1.1
                0x0000000008008689       0x22 /Users/nathanogates/Copy/Development/embedded/redux/gcc-arm/bin/../lib/gcc/arm-none-eabi/4.8.4/../../../../arm-none-eabi/lib/armv7e-m/softfp/libc_s.a(lib_a-vfprintf_i.o)
 .rodata.str1.1
                0x00000000080086ab        0x5 /Users/nathanogates/Copy/Development/embedded/redux/gcc-arm/bin/../lib/gcc/arm-none-eabi/4.8.4/../../../../arm-none-eabi/lib/armv7e-m/softfp/libc_s.a(lib_a-vfscanf_float.o)
 .rodata        0x00000000080086b0        0xc /Users/nathanogates/Copy/Development/embedded/redux/gcc-arm/bin/../lib/gcc/arm-none-eabi/4.8.4/../../../../arm-none-eabi/lib/armv7e-m/softfp/libc_s.a(lib_a-vfscanf_i.o)
 .rodata.str1.1
                0x00000000080086bc       0x1b /Users/nathanogates/Copy/Development/embedded/redux/gcc-arm/bin/../lib/gcc/arm-none-eabi/4.8.4/../../../../arm-none-eabi/lib/armv7e-m/softfp/libc_s.a(lib_a-vfscanf_i.o)
 .rodata._ctype_
                0x00000000080086d7      0x101 /Users/nathanogates/Copy/Development/embedded/redux/gcc-arm/bin/../lib/gcc/arm-none-eabi/4.8.4/../../../../arm-none-eabi/lib/armv7e-m/softfp/libc_s.a(lib_a-ctype_.o)
                0x00000000080086d7                _ctype_
 .rodata.str1.1
                0x00000000080087d8        0xd /Users/nathanogates/Copy/Development/embedded/redux/gcc-arm/bin/../lib/gcc/arm-none-eabi/4.8.4/../../../../arm-none-eabi/lib/armv7e-m/softfp/libc_s.a(lib_a-dtoa.o)
                                          0xf (size before relaxing)
 .rodata.str1.1
                0x00000000080087e5        0x8 /Users/nathanogates/Copy/Development/embedded/redux/gcc-arm/bin/../lib/gcc/arm-none-eabi/4.8.4/../../../../arm-none-eabi/lib/armv7e-m/softfp/libc_s.a(lib_a-locale.o)
                                          0xb (size before relaxing)
 *fill*         0x00000000080087ed        0x3 
 .rodata.__mprec_tens
                0x00000000080087f0       0xc8 /Users/nathanogates/Copy/Development/embedded/redux/gcc-arm/bin/../lib/gcc/arm-none-eabi/4.8.4/../../../../arm-none-eabi/lib/armv7e-m/softfp/libc_s.a(lib_a-mprec.o)
                0x00000000080087f0                __mprec_tens
 .rodata.__mprec_bigtens
                0x00000000080088b8       0x28 /Users/nathanogates/Copy/Development/embedded/redux/gcc-arm/bin/../lib/gcc/arm-none-eabi/4.8.4/../../../../arm-none-eabi/lib/armv7e-m/softfp/libc_s.a(lib_a-mprec.o)
                0x00000000080088b8                __mprec_bigtens
 .rodata.p05.5281
                0x00000000080088e0        0xc /Users/nathanogates/Copy/Development/embedded/redux/gcc-arm/bin/../lib/gcc/arm-none-eabi/4.8.4/../../../../arm-none-eabi/lib/armv7e-m/softfp/libc_s.a(lib_a-mprec.o)
 *fill*         0x00000000080088ec        0x4 
 .rodata.tinytens
                0x00000000080088f0       0x28 /Users/nathanogates/Copy/Development/embedded/redux/gcc-arm/bin/../lib/gcc/arm-none-eabi/4.8.4/../../../../arm-none-eabi/lib/armv7e-m/softfp/libc_s.a(lib_a-strtod.o)
 .rodata.fpi.5246
                0x0000000008008918       0x14 /Users/nathanogates/Copy/Development/embedded/redux/gcc-arm/bin/../lib/gcc/arm-none-eabi/4.8.4/../../../../arm-none-eabi/lib/armv7e-m/softfp/libc_s.a(lib_a-strtod.o)
 .rodata.str1.1
                0x0000000000000000        0x8 /Users/nathanogates/Copy/Development/embedded/redux/gcc-arm/bin/../lib/gcc/arm-none-eabi/4.8.4/../../../../arm-none-eabi/lib/armv7e-m/softfp/libc_s.a(lib_a-strtod.o)
                                          0xc (size before relaxing)
 .rodata.fpinan.5282
                0x000000000800892c       0x14 /Users/nathanogates/Copy/Development/embedded/redux/gcc-arm/bin/../lib/gcc/arm-none-eabi/4.8.4/../../../../arm-none-eabi/lib/armv7e-m/softfp/libc_s.a(lib_a-strtod.o)
 *(.eh_frame*)
 .eh_frame      0x0000000008008940        0x0 /Users/nathanogates/Copy/Development/embedded/redux/gcc-arm/bin/../lib/gcc/arm-none-eabi/4.8.4/armv7e-m/softfp/crtbegin.o
 .eh_frame      0x0000000008008940        0x4 /Users/nathanogates/Copy/Development/embedded/redux/gcc-arm/bin/../lib/gcc/arm-none-eabi/4.8.4/armv7e-m/softfp/crtend.o

.glue_7         0x0000000008008944        0x0
 .glue_7        0x0000000000000000        0x0 linker stubs

.glue_7t        0x0000000008008944        0x0
 .glue_7t       0x0000000000000000        0x0 linker stubs

.vfp11_veneer   0x0000000008008944        0x0
 .vfp11_veneer  0x0000000000000000        0x0 linker stubs

.v4_bx          0x0000000008008944        0x0
 .v4_bx         0x0000000000000000        0x0 linker stubs

.iplt           0x0000000008008944        0x0
 .iplt          0x0000000000000000        0x0 /Users/nathanogates/Copy/Development/embedded/redux/gcc-arm/bin/../lib/gcc/arm-none-eabi/4.8.4/armv7e-m/softfp/crtbegin.o

.ARM.extab
 *(.ARM.extab* .gnu.linkonce.armextab.*)
                0x0000000008008944                __exidx_start = .

.ARM.exidx      0x0000000008008944        0x8
 *(.ARM.exidx* .gnu.linkonce.armexidx.*)
 .ARM.exidx     0x0000000008008944        0x8 /Users/nathanogates/Copy/Development/embedded/redux/gcc-arm/bin/../lib/gcc/arm-none-eabi/4.8.4/../../../../arm-none-eabi/lib/armv7e-m/softfp/crt0.o
                0x000000000800894c                __exidx_end = .
                0x000000000800894c                __etext = .

.rel.dyn        0x000000000800894c        0x0
 .rel.iplt      0x0000000000000000        0x0 /Users/nathanogates/Copy/Development/embedded/redux/gcc-arm/bin/../lib/gcc/arm-none-eabi/4.8.4/armv7e-m/softfp/crtbegin.o

.data           0x0000000020000194       0xbc load address 0x000000000800894c
                0x0000000020000194                __data_start__ = .
 *(vtable)
 *(.data*)
 .data          0x0000000020000194        0x4 /Users/nathanogates/Copy/Development/embedded/redux/gcc-arm/bin/../lib/gcc/arm-none-eabi/4.8.4/armv7e-m/softfp/crtbegin.o
                0x0000000020000194                __dso_handle
 .data._ZZ5_sbrkE4heap
                0x0000000020000198        0x4 mbed/TARGET_NUCLEO_F401RE/TOOLCHAIN_GCC_ARM/retarget.o
 .data.SystemCoreClock
                0x000000002000019c        0x4 mbed/TARGET_NUCLEO_F401RE/TOOLCHAIN_GCC_ARM/system_stm32f4xx.o
                0x000000002000019c                SystemCoreClock
 .data.impure_data
                0x00000000200001a0       0x60 /Users/nathanogates/Copy/Development/embedded/redux/gcc-arm/bin/../lib/gcc/arm-none-eabi/4.8.4/../../../../arm-none-eabi/lib/armv7e-m/softfp/libc_s.a(lib_a-impure.o)
 .data._impure_ptr
                0x0000000020000200        0x4 /Users/nathanogates/Copy/Development/embedded/redux/gcc-arm/bin/../lib/gcc/arm-none-eabi/4.8.4/../../../../arm-none-eabi/lib/armv7e-m/softfp/libc_s.a(lib_a-impure.o)
                0x0000000020000200                _impure_ptr
 .data.__ctype_ptr__
                0x0000000020000204        0x4 /Users/nathanogates/Copy/Development/embedded/redux/gcc-arm/bin/../lib/gcc/arm-none-eabi/4.8.4/../../../../arm-none-eabi/lib/armv7e-m/softfp/libc_s.a(lib_a-ctype_.o)
                0x0000000020000204                __ctype_ptr__
 .data.lconv    0x0000000020000208       0x38 /Users/nathanogates/Copy/Development/embedded/redux/gcc-arm/bin/../lib/gcc/arm-none-eabi/4.8.4/../../../../arm-none-eabi/lib/armv7e-m/softfp/libc_s.a(lib_a-locale.o)
                0x0000000020000240                . = ALIGN (0x4)
                0x0000000020000240                PROVIDE (__preinit_array_start, .)
 *(.preinit_array)
                0x0000000020000240                PROVIDE (__preinit_array_end, .)
                0x0000000020000240                . = ALIGN (0x4)
                0x0000000020000240                PROVIDE (__init_array_start, .)
 *(SORT(.init_array.*))
 *(.init_array)
 .init_array    0x0000000020000240        0x4 /Users/nathanogates/Copy/Development/embedded/redux/gcc-arm/bin/../lib/gcc/arm-none-eabi/4.8.4/armv7e-m/softfp/crtbegin.o
 .init_array    0x0000000020000244        0x4 main.o
                0x0000000020000248                PROVIDE (__init_array_end, .)
                0x0000000020000248                . = ALIGN (0x4)
                0x0000000020000248                PROVIDE (__fini_array_start, .)
 *(SORT(.fini_array.*))
 *(.fini_array)
 .fini_array    0x0000000020000248        0x4 /Users/nathanogates/Copy/Development/embedded/redux/gcc-arm/bin/../lib/gcc/arm-none-eabi/4.8.4/armv7e-m/softfp/crtbegin.o
                0x000000002000024c                PROVIDE (__fini_array_end, .)
 *(.jcr*)
 .jcr           0x000000002000024c        0x0 /Users/nathanogates/Copy/Development/embedded/redux/gcc-arm/bin/../lib/gcc/arm-none-eabi/4.8.4/armv7e-m/softfp/crtbegin.o
 .jcr           0x000000002000024c        0x4 /Users/nathanogates/Copy/Development/embedded/redux/gcc-arm/bin/../lib/gcc/arm-none-eabi/4.8.4/armv7e-m/softfp/crtend.o
                0x0000000020000250                . = ALIGN (0x4)
                0x0000000020000250                __data_end__ = .

.igot.plt       0x0000000020000250        0x0 load address 0x0000000008008a08
 .igot.plt      0x0000000000000000        0x0 /Users/nathanogates/Copy/Development/embedded/redux/gcc-arm/bin/../lib/gcc/arm-none-eabi/4.8.4/armv7e-m/softfp/crtbegin.o

.bss            0x0000000020000250      0x2ec load address 0x0000000008008a08
                0x0000000020000250                . = ALIGN (0x4)
                0x0000000020000250                __bss_start__ = .
 *(.bss*)
 .bss           0x0000000020000250       0x1c /Users/nathanogates/Copy/Development/embedded/redux/gcc-arm/bin/../lib/gcc/arm-none-eabi/4.8.4/armv7e-m/softfp/crtbegin.o
 .bss.pc        0x000000002000026c       0x74 main.o
                0x000000002000026c                pc
 .bss.i2c       0x00000000200002e0        0xc main.o
                0x00000000200002e0                i2c
 .bss._ZL11filehandles
                0x00000000200002ec      0x100 mbed/TARGET_NUCLEO_F401RE/TOOLCHAIN_GCC_ARM/retarget.o
 .bss.uwTick    0x00000000200003ec        0x4 mbed/TARGET_NUCLEO_F401RE/TOOLCHAIN_GCC_ARM/stm32f4xx_hal.o
 .bss.PreviousVal
                0x00000000200003f0        0x4 mbed/TARGET_NUCLEO_F401RE/TOOLCHAIN_GCC_ARM/hal_tick.o
                0x00000000200003f0                PreviousVal
 .bss.stdio_uart_inited
                0x00000000200003f4        0x4 ./mbed/TARGET_NUCLEO_F401RE/TOOLCHAIN_GCC_ARM/libmbed.a(serial_api.o)
                0x00000000200003f4                stdio_uart_inited
 .bss.serial_irq_ids
                0x00000000200003f8        0xc ./mbed/TARGET_NUCLEO_F401RE/TOOLCHAIN_GCC_ARM/libmbed.a(serial_api.o)
 .bss.irq_handler
                0x0000000020000404        0x4 ./mbed/TARGET_NUCLEO_F401RE/TOOLCHAIN_GCC_ARM/libmbed.a(serial_api.o)
 .bss._ZN4mbed3I2C6_ownerE
                0x0000000020000408        0x4 ./mbed/TARGET_NUCLEO_F401RE/TOOLCHAIN_GCC_ARM/libmbed.a(I2C.o)
                0x0000000020000408                mbed::I2C::_owner
 .bss.head      0x000000002000040c        0x4 ./mbed/TARGET_NUCLEO_F401RE/TOOLCHAIN_GCC_ARM/libmbed.a(us_ticker_api.o)
 .bss.event_handler
                0x0000000020000410        0x4 ./mbed/TARGET_NUCLEO_F401RE/TOOLCHAIN_GCC_ARM/libmbed.a(us_ticker_api.o)
 .bss.i2c1_inited
                0x0000000020000414        0x4 ./mbed/TARGET_NUCLEO_F401RE/TOOLCHAIN_GCC_ARM/libmbed.a(i2c_api.o)
                0x0000000020000414                i2c1_inited
 .bss.i2c3_inited
                0x0000000020000418        0x4 ./mbed/TARGET_NUCLEO_F401RE/TOOLCHAIN_GCC_ARM/libmbed.a(i2c_api.o)
                0x0000000020000418                i2c3_inited
 .bss.i2c2_inited
                0x000000002000041c        0x4 ./mbed/TARGET_NUCLEO_F401RE/TOOLCHAIN_GCC_ARM/libmbed.a(i2c_api.o)
                0x000000002000041c                i2c2_inited
 .bss.TimMasterHandle